Archive member included to satisfy reference by file (symbol)

/usr/lib/gcc/arm-none-eabi/13.2.1/../../../arm-none-eabi/lib/thumb/v8-m.main+fp/softfp/libm.a(libm_a-wf_sqrt.o)
                              CMakeFiles/demo_game.dir/mnt/c/pico-sdk/src/rp2_common/pico_float/float_math.c.o (sqrtf)
/usr/lib/gcc/arm-none-eabi/13.2.1/../../../arm-none-eabi/lib/thumb/v8-m.main+fp/softfp/libm.a(libm_a-ef_sqrt.o)
                              /usr/lib/gcc/arm-none-eabi/13.2.1/../../../arm-none-eabi/lib/thumb/v8-m.main+fp/softfp/libm.a(libm_a-wf_sqrt.o) (__ieee754_sqrtf)
/usr/lib/gcc/arm-none-eabi/13.2.1/thumb/v8-m.main+fp/softfp/libgcc.a(_arm_addsubdf3.o)
                              CMakeFiles/demo_game.dir/mnt/c/pico-sdk/src/rp2_common/pico_float/float_math.c.o (__aeabi_f2d)
/usr/lib/gcc/arm-none-eabi/13.2.1/thumb/v8-m.main+fp/softfp/libgcc.a(_aeabi_ldivmod.o)
                              CMakeFiles/demo_game.dir/mnt/c/pico-sdk/src/common/pico_time/time.c.o (__aeabi_ldivmod)
/usr/lib/gcc/arm-none-eabi/13.2.1/thumb/v8-m.main+fp/softfp/libgcc.a(_aeabi_uldivmod.o)
                              CMakeFiles/demo_game.dir/mnt/c/pico-sdk/src/rp2_common/hardware_clocks/clocks.c.o (__aeabi_uldivmod)
/usr/lib/gcc/arm-none-eabi/13.2.1/thumb/v8-m.main+fp/softfp/libgcc.a(_udivmoddi4.o)
                              /usr/lib/gcc/arm-none-eabi/13.2.1/thumb/v8-m.main+fp/softfp/libgcc.a(_aeabi_ldivmod.o) (__udivmoddi4)
/usr/lib/gcc/arm-none-eabi/13.2.1/thumb/v8-m.main+fp/softfp/libgcc.a(_dvmd_tls.o)
                              /usr/lib/gcc/arm-none-eabi/13.2.1/thumb/v8-m.main+fp/softfp/libgcc.a(_aeabi_ldivmod.o) (__aeabi_ldiv0)
/usr/lib/gcc/arm-none-eabi/13.2.1/../../../arm-none-eabi/lib/thumb/v8-m.main+fp/softfp/libg.a(libc_a-memset.o)
                              CMakeFiles/demo_game.dir/demo_game.c.o (memset)
/usr/lib/gcc/arm-none-eabi/13.2.1/../../../arm-none-eabi/lib/thumb/v8-m.main+fp/softfp/libg.a(libc_a-calloc.o)
                              CMakeFiles/demo_game.dir/mnt/c/pico-sdk/src/rp2_common/pico_malloc/malloc.c.o (calloc)
/usr/lib/gcc/arm-none-eabi/13.2.1/../../../arm-none-eabi/lib/thumb/v8-m.main+fp/softfp/libg.a(libc_a-errno.o)
                              /usr/lib/gcc/arm-none-eabi/13.2.1/../../../arm-none-eabi/lib/thumb/v8-m.main+fp/softfp/libm.a(libm_a-wf_sqrt.o) (__errno)
/usr/lib/gcc/arm-none-eabi/13.2.1/../../../arm-none-eabi/lib/thumb/v8-m.main+fp/softfp/libg.a(libc_a-impure.o)
                              /usr/lib/gcc/arm-none-eabi/13.2.1/../../../arm-none-eabi/lib/thumb/v8-m.main+fp/softfp/libg.a(libc_a-calloc.o) (_impure_ptr)
/usr/lib/gcc/arm-none-eabi/13.2.1/../../../arm-none-eabi/lib/thumb/v8-m.main+fp/softfp/libg.a(libc_a-callocr.o)
                              /usr/lib/gcc/arm-none-eabi/13.2.1/../../../arm-none-eabi/lib/thumb/v8-m.main+fp/softfp/libg.a(libc_a-calloc.o) (_calloc_r)
/usr/lib/gcc/arm-none-eabi/13.2.1/../../../arm-none-eabi/lib/thumb/v8-m.main+fp/softfp/libg.a(libc_a-realloc.o)
                              CMakeFiles/demo_game.dir/mnt/c/pico-sdk/src/rp2_common/pico_malloc/malloc.c.o (realloc)
/usr/lib/gcc/arm-none-eabi/13.2.1/../../../arm-none-eabi/lib/thumb/v8-m.main+fp/softfp/libg.a(libc_a-mallocr.o)
                              /usr/lib/gcc/arm-none-eabi/13.2.1/../../../arm-none-eabi/lib/thumb/v8-m.main+fp/softfp/libg.a(libc_a-callocr.o) (_malloc_r)
/usr/lib/gcc/arm-none-eabi/13.2.1/../../../arm-none-eabi/lib/thumb/v8-m.main+fp/softfp/libg.a(libc_a-freer.o)
                              /usr/lib/gcc/arm-none-eabi/13.2.1/../../../arm-none-eabi/lib/thumb/v8-m.main+fp/softfp/libg.a(libc_a-mallocr.o) (_free_r)
/usr/lib/gcc/arm-none-eabi/13.2.1/../../../arm-none-eabi/lib/thumb/v8-m.main+fp/softfp/libg.a(libc_a-memcmp.o)
                              CMakeFiles/demo_game.dir/mnt/c/pico-sdk/src/rp2_common/pico_atomic/atomic.c.o (memcmp)
/usr/lib/gcc/arm-none-eabi/13.2.1/../../../arm-none-eabi/lib/thumb/v8-m.main+fp/softfp/libg.a(libc_a-malloc.o)
                              CMakeFiles/demo_game.dir/mnt/c/pico-sdk/src/rp2_common/pico_malloc/malloc.c.o (malloc)
/usr/lib/gcc/arm-none-eabi/13.2.1/../../../arm-none-eabi/lib/thumb/v8-m.main+fp/softfp/libg.a(libc_a-memcpy.o)
                              CMakeFiles/demo_game.dir/mnt/c/pico-sdk/src/common/pico_util/queue.c.o (memcpy)
/usr/lib/gcc/arm-none-eabi/13.2.1/../../../arm-none-eabi/lib/thumb/v8-m.main+fp/softfp/libg.a(libc_a-sysconf.o)
                              /usr/lib/gcc/arm-none-eabi/13.2.1/../../../arm-none-eabi/lib/thumb/v8-m.main+fp/softfp/libg.a(libc_a-mallocr.o) (sysconf)
/usr/lib/gcc/arm-none-eabi/13.2.1/../../../arm-none-eabi/lib/thumb/v8-m.main+fp/softfp/libg.a(libc_a-reallocr.o)
                              /usr/lib/gcc/arm-none-eabi/13.2.1/../../../arm-none-eabi/lib/thumb/v8-m.main+fp/softfp/libg.a(libc_a-realloc.o) (_realloc_r)
/usr/lib/gcc/arm-none-eabi/13.2.1/../../../arm-none-eabi/lib/thumb/v8-m.main+fp/softfp/libg.a(libc_a-mktime.o)
[...]
Memory Configuration

Name             Origin             Length             Attributes
RAM              0x20040000         0x0003c000         xrw
CORE1_STACK      0x2007c000         0x00004000         rw
SCRATCH_X        0x20080000         0x00001000         xrw
SCRATCH_Y        0x20081000         0x00001000         xrw
*default*        0x00000000         0xffffffff

Linker script and memory map


.text           0x20040000     0x1c74
                0x20040000                        __logical_binary_start = .
 *(.vectors)
 .vectors       0x20040000      0x124 CMakeFiles/demo_game.dir/mnt/c/pico-sdk/src/rp2_common/pico_crt0/crt0.S.o
                0x20040000                __vectors
                0x20040000                __VECTOR_TABLE
                0x20040110                isr_securefault
                0x20040110                isr_irq30
                0x20040110                __unhandled_user_irq
                0x20040110                isr_irq49
                0x20040110                isr_irq13
                0x20040110                isr_irq43
                0x20040110                isr_irq45
                0x20040110                isr_irq27
                0x20040110                isr_irq32
                0x20040110                isr_irq31
                0x20040110                isr_irq5
                0x20040110                isr_irq11
                0x20040110                isr_irq23
                0x20040110                isr_usagefault
                0x20040110                isr_irq48
                0x20040110                isr_irq35
                0x20040110                isr_irq18
                0x20040110                isr_irq50
                0x20040110                isr_irq40
                0x20040110                isr_irq28
                0x20040110                isr_irq19
                0x20040110                isr_irq36
                0x20040110                isr_irq41
                0x20040110                isr_irq0
                0x20040110                isr_irq6
                0x20040110                isr_memmanage
                0x20040110                isr_irq37
                0x20040110                isr_irq42
                0x20040110                isr_irq22
                0x20040110                isr_irq17
                0x20040110                isr_irq38
                0x20040110                isr_irq14
                0x20040110                __vectors_end
                0x20040110                __default_isrs_start
                0x20040110                isr_irq2
                0x20040110                isr_irq10
                0x20040110                isr_irq8
                0x20040110                isr_debugmonitor
                0x20040110                isr_irq24
                0x20040110                isr_irq46
                0x20040110                isr_irq1
                0x20040110                isr_irq47
                0x20040110                isr_irq51
                0x20040110                isr_irq7
                0x20040110                isr_irq21
                0x20040110                isr_irq39
                0x20040110                isr_irq20
                0x20040110                isr_irq15
                0x20040110                isr_irq25
                0x20040110                isr_irq34
                0x20040110                isr_irq4
                0x20040110                isr_busfault
                0x20040110                isr_irq16
                0x20040110                isr_irq44
                0x20040110                isr_irq29
                0x20040110                isr_irq26
                0x20040110                isr_irq33
                0x20040110                isr_irq3
                0x20040110                isr_irq12
                0x20040110                isr_irq9
                0x20040116                unhandled_user_irq_num_in_r0
                0x20040118                isr_invalid
                0x2004011a                isr_nmi
                0x2004011c                isr_hardfault
                0x2004011e                isr_svcall
                0x20040120                isr_pendsv
                0x20040122                isr_systick
                0x20040124                __default_isrs_end
 *(.binary_info_header)
 .binary_info_header
                0x20040124       0x24 CMakeFiles/demo_game.dir/mnt/c/pico-sdk/src/rp2_common/pico_standard_binary_info/standard_binary_info.c.o
 .binary_info_header
                0x20040148       0x14 CMakeFiles/demo_game.dir/mnt/c/pico-sdk/src/rp2_common/pico_crt0/crt0.S.o
                0x2004015c                        __binary_info_header_end = .
 *(.embedded_block)
 .embedded_block
                0x2004015c        0x8 CMakeFiles/demo_game.dir/demo_game.c.o
                0x2004015c                my_header
 .embedded_block
                0x20040164       0x1c CMakeFiles/demo_game.dir/mnt/c/pico-sdk/src/rp2_common/pico_crt0/crt0.S.o
                0x20040180                        __embedded_block_end = .
                0x20040180                        __reset_start = .
 *(.reset)
 .reset         0x20040180       0xa4 CMakeFiles/demo_game.dir/mnt/c/pico-sdk/src/rp2_common/pico_crt0/crt0.S.o
                0x20040180                _entry_point
                0x20040224                        __reset_end = .
 *(.time_critical*)
 .time_critical.mutex_enter_block_until
                0x20040224       0x70 CMakeFiles/demo_game.dir/mnt/c/pico-sdk/src/common/pico_sync/mutex.c.o
                0x20040224                mutex_enter_block_until
 .time_critical.mutex_try_enter_block_until
                0x20040294       0x6c CMakeFiles/demo_game.dir/mnt/c/pico-sdk/src/common/pico_sync/mutex.c.o
                0x20040294                mutex_try_enter_block_until
 .time_critical.mutex_exit
                0x20040300       0x3c CMakeFiles/demo_game.dir/mnt/c/pico-sdk/src/common/pico_sync/mutex.c.o
                0x20040300                mutex_exit
 *(.text*)
 .text.button_callback
                0x2004033c       0x48 CMakeFiles/demo_game.dir/demo_game.c.o
                0x2004033c                button_callback
 .text.startup.main
                0x20040384       0x6c CMakeFiles/demo_game.dir/demo_game.c.o
                0x20040384                main
 .text.core1_startup
                0x200403f0       0x2c CMakeFiles/demo_game.dir/demo_game.c.o
                0x200403f0                core1_startup
 .text.gpio_default_irq_handler
                0x2004041c      0x1b4 CMakeFiles/demo_game.dir/mnt/c/pico-sdk/src/rp2_common/hardware_gpio/gpio.c.o
 .text.gpio_set_pulls
                0x200405d0       0x28 CMakeFiles/demo_game.dir/mnt/c/pico-sdk/src/rp2_common/hardware_gpio/gpio.c.o
                0x200405d0                gpio_set_pulls
 .text.gpio_set_irq_enabled_with_callback
                0x200405f8       0xac CMakeFiles/demo_game.dir/mnt/c/pico-sdk/src/rp2_common/hardware_gpio/gpio.c.o
                0x200405f8                gpio_set_irq_enabled_with_callback
 .text.gpio_init
                0x200406a4       0x48 CMakeFiles/demo_game.dir/mnt/c/pico-sdk/src/rp2_common/hardware_gpio/gpio.c.o
                0x200406a4                gpio_init
 .text.panic    0x200406ec       0x30 CMakeFiles/demo_game.dir/mnt/c/pico-sdk/src/rp2_common/pico_platform_panic/panic.c.o
                0x200406ec                panic
 .text.hw_claim_or_assert
                0x2004071c       0x58 CMakeFiles/demo_game.dir/mnt/c/pico-sdk/src/common/hardware_claim/claim.c.o
                0x2004071c                hw_claim_or_assert
 .text.next_striped_spin_lock_num
                0x20040774       0x18 CMakeFiles/demo_game.dir/mnt/c/pico-sdk/src/rp2_common/hardware_sync/sync.c.o
                0x20040774                next_striped_spin_lock_num
 .text.spinlock_set_extexclall
                0x2004078c       0x10 CMakeFiles/demo_game.dir/mnt/c/pico-sdk/src/rp2_common/hardware_sync_spin_lock/sync_spin_lock.c.o
 .text.spin_locks_reset
                0x2004079c       0x18 CMakeFiles/demo_game.dir/mnt/c/pico-sdk/src/rp2_common/hardware_sync_spin_lock/sync_spin_lock.c.o
                0x2004079c                spin_locks_reset
 .text.runtime_init_per_core_irq_priorities
                0x200407b4       0x40 CMakeFiles/demo_game.dir/mnt/c/pico-sdk/src/rp2_common/hardware_irq/irq.c.o
                0x200407b4                runtime_init_per_core_irq_priorities
 .text.irq_set_enabled
                0x200407f4       0x2c CMakeFiles/demo_game.dir/mnt/c/pico-sdk/src/rp2_common/hardware_irq/irq.c.o
                0x200407f4                irq_set_enabled
 .text.irq_set_exclusive_handler
                0x20040820       0x60 CMakeFiles/demo_game.dir/mnt/c/pico-sdk/src/rp2_common/hardware_irq/irq.c.o
                0x20040820                irq_set_exclusive_handler
 .text.irq_add_shared_handler
                0x20040880      0x1e8 CMakeFiles/demo_game.dir/mnt/c/pico-sdk/src/rp2_common/hardware_irq/irq.c.o
                0x20040880                irq_add_shared_handler
 .text.irq_remove_handler
                0x20040a68      0x1fc CMakeFiles/demo_game.dir/mnt/c/pico-sdk/src/rp2_common/hardware_irq/irq.c.o
                0x20040a68                irq_remove_handler
 .text.irq_add_tail_to_free_list
                0x20040c64       0xbc CMakeFiles/demo_game.dir/mnt/c/pico-sdk/src/rp2_common/hardware_irq/irq.c.o
                0x20040c64                irq_add_tail_to_free_list
 .text.lock_init
                0x20040d20        0xc CMakeFiles/demo_game.dir/mnt/c/pico-sdk/src/common/pico_sync/lock_core.c.o
                0x20040d20                lock_init
 .text.runtime_init_mutex
                0x20040d2c       0x4c CMakeFiles/demo_game.dir/mnt/c/pico-sdk/src/common/pico_sync/mutex.c.o
                0x20040d2c                runtime_init_mutex
 .text.sleep_until_callback
                0x20040d78       0x3c CMakeFiles/demo_game.dir/mnt/c/pico-sdk/src/common/pico_time/time.c.o
 *fill*         0x20040db4        0x4 
 .text.alarm_pool_irq_handler
                0x20040db8      0x2f0 CMakeFiles/demo_game.dir/mnt/c/pico-sdk/src/common/pico_time/time.c.o
 .text.runtime_init_default_alarm_pool
                0x200410a8      0x100 CMakeFiles/demo_game.dir/mnt/c/pico-sdk/src/common/pico_time/time.c.o
                0x200410a8                runtime_init_default_alarm_pool
 .text.alarm_pool_add_alarm_at_force_in_context
                0x200411a8       0xc8 CMakeFiles/demo_game.dir/mnt/c/pico-sdk/src/common/pico_time/time.c.o
                0x200411a8                alarm_pool_add_alarm_at_force_in_context
 .text.alarm_pool_cancel_alarm
                0x20041270       0x80 CMakeFiles/demo_game.dir/mnt/c/pico-sdk/src/common/pico_time/time.c.o
                0x20041270                alarm_pool_cancel_alarm
 .text.sleep_until
                0x200412f0       0xbc CMakeFiles/demo_game.dir/mnt/c/pico-sdk/src/common/pico_time/time.c.o
                0x200412f0                sleep_until
 .text.sleep_ms
                0x200413ac       0x2c CMakeFiles/demo_game.dir/mnt/c/pico-sdk/src/common/pico_time/time.c.o
                0x200413ac                sleep_ms
 .text.best_effort_wfe_or_timeout
                0x200413d8       0xbc CMakeFiles/demo_game.dir/mnt/c/pico-sdk/src/common/pico_time/time.c.o
                0x200413d8                best_effort_wfe_or_timeout
 .text.timer_hardware_alarm_claim
                0x20041494       0x24 CMakeFiles/demo_game.dir/mnt/c/pico-sdk/src/rp2_common/hardware_timer/timer.c.o
                0x20041494                timer_hardware_alarm_claim
 .text.timer_time_us_64
                0x200414b8       0x10 CMakeFiles/demo_game.dir/mnt/c/pico-sdk/src/rp2_common/hardware_timer/timer.c.o
                0x200414b8                timer_time_us_64
 .text.time_us_64
                0x200414c8       0x14 CMakeFiles/demo_game.dir/mnt/c/pico-sdk/src/rp2_common/hardware_timer/timer.c.o
                0x200414c8                time_us_64
 .text.busy_wait_until
                0x200414dc       0x24 CMakeFiles/demo_game.dir/mnt/c/pico-sdk/src/rp2_common/hardware_timer/timer.c.o
                0x200414dc                busy_wait_until
 .text.clock_configure_undivided
                0x20041500       0xd0 CMakeFiles/demo_game.dir/mnt/c/pico-sdk/src/rp2_common/hardware_clocks/clocks.c.o
                0x20041500                clock_configure_undivided
 .text.clock_get_hz
                0x200415d0        0xc CMakeFiles/demo_game.dir/mnt/c/pico-sdk/src/rp2_common/hardware_clocks/clocks.c.o
                0x200415d0                clock_get_hz
 .text.pll_init
                0x200415dc       0x8c CMakeFiles/demo_game.dir/mnt/c/pico-sdk/src/rp2_common/hardware_pll/pll.c.o
                0x200415dc                pll_init
 .text.tick_start
                0x20041668       0x18 CMakeFiles/demo_game.dir/mnt/c/pico-sdk/src/rp2_common/hardware_ticks/ticks.c.o
                0x20041668                tick_start
 .text.rom_func_lookup
                0x20041680       0x18 CMakeFiles/demo_game.dir/mnt/c/pico-sdk/src/rp2_common/pico_bootrom/bootrom.c.o
                0x20041680                rom_func_lookup
 .text.runtime_init_bootrom_locking_enable
                0x20041698       0x14 CMakeFiles/demo_game.dir/mnt/c/pico-sdk/src/rp2_common/pico_bootrom/bootrom_lock.c.o
                0x20041698                runtime_init_bootrom_locking_enable
 .text.runtime_init_boot_locks_reset
                0x200416ac       0x1c CMakeFiles/demo_game.dir/mnt/c/pico-sdk/src/rp2_common/hardware_boot_lock/boot_lock.c.o
                0x200416ac                runtime_init_boot_locks_reset
 .text.xosc_init
                0x200416c8       0x30 CMakeFiles/demo_game.dir/mnt/c/pico-sdk/src/rp2_common/hardware_xosc/xosc.c.o
                0x200416c8                xosc_init
 .text.first_per_core_initializer
                0x200416f8        0x4 CMakeFiles/demo_game.dir/mnt/c/pico-sdk/src/rp2_common/pico_runtime/runtime.c.o
 .text.hard_assertion_failure
                0x200416fc        0xc CMakeFiles/demo_game.dir/mnt/c/pico-sdk/src/rp2_common/pico_runtime/runtime.c.o
                0x200416fc                hard_assertion_failure
 .text.runtime_run_initializers
                0x20041708       0x20 CMakeFiles/demo_game.dir/mnt/c/pico-sdk/src/rp2_common/pico_runtime/runtime.c.o
                0x20041708                runtime_run_initializers
 .text.runtime_init_early_resets
                0x20041728       0x34 CMakeFiles/demo_game.dir/mnt/c/pico-sdk/src/rp2_common/pico_runtime_init/runtime_init.c.o
                0x20041728                runtime_init_early_resets
 .text.runtime_init_usb_power_down
                0x2004175c       0x1c CMakeFiles/demo_game.dir/mnt/c/pico-sdk/src/rp2_common/pico_runtime_init/runtime_init.c.o
                0x2004175c                runtime_init_usb_power_down
 .text.runtime_init_per_core_enable_coprocessors
                0x20041778       0x1c CMakeFiles/demo_game.dir/mnt/c/pico-sdk/src/rp2_common/pico_runtime_init/runtime_init.c.o
                0x20041778                runtime_init_per_core_enable_coprocessors
 .text.runtime_init_post_clock_resets
                0x20041794       0x20 CMakeFiles/demo_game.dir/mnt/c/pico-sdk/src/rp2_common/pico_runtime_init/runtime_init.c.o
                0x20041794                runtime_init_post_clock_resets
 .text.runtime_init_per_core_bootrom_reset
                0x200417b4       0x14 CMakeFiles/demo_game.dir/mnt/c/pico-sdk/src/rp2_common/pico_runtime_init/runtime_init.c.o
                0x200417b4                runtime_init_per_core_bootrom_reset
 .text.runtime_init_spin_locks_reset
                0x200417c8        0x4 CMakeFiles/demo_game.dir/mnt/c/pico-sdk/src/rp2_common/pico_runtime_init/runtime_init.c.o
                0x200417c8                runtime_init_spin_locks_reset
 .text.runtime_init_clocks
                0x200417cc       0xdc CMakeFiles/demo_game.dir/mnt/c/pico-sdk/src/rp2_common/pico_runtime_init/runtime_init_clocks.c.o
                0x200417cc                runtime_init_clocks
 .text._out_char
                0x200418a8        0x8 CMakeFiles/demo_game.dir/mnt/c/pico-sdk/src/rp2_common/pico_printf/printf.c.o
 .text.weak_raw_vprintf
                0x200418b0       0x30 CMakeFiles/demo_game.dir/mnt/c/pico-sdk/src/rp2_common/pico_printf/printf.c.o
                0x200418b0                weak_raw_vprintf
 .text._exit    0x200418e0        0x4 CMakeFiles/demo_game.dir/mnt/c/pico-sdk/src/rp2_common/pico_clib_interface/newlib_interface.c.o
                0x200418e0                _exit
 .text.exit     0x200418e4        0x8 CMakeFiles/demo_game.dir/mnt/c/pico-sdk/src/rp2_common/pico_clib_interface/newlib_interface.c.o
                0x200418e4                exit
 .text.runtime_init
                0x200418ec       0x24 CMakeFiles/demo_game.dir/mnt/c/pico-sdk/src/rp2_common/pico_clib_interface/newlib_interface.c.o
                0x200418ec                runtime_init
 .text.stdio_out_chars_no_crlf
                0x20041910        0x8 CMakeFiles/demo_game.dir/mnt/c/pico-sdk/src/rp2_common/pico_stdio/stdio.c.o
 .text.stdio_out_chars_crlf
                0x20041918       0xac CMakeFiles/demo_game.dir/mnt/c/pico-sdk/src/rp2_common/pico_stdio/stdio.c.o
 .text.stdio_put_string
                0x200419c4       0xf0 CMakeFiles/demo_game.dir/mnt/c/pico-sdk/src/rp2_common/pico_stdio/stdio.c.o
                0x200419c4                stdio_put_string
 .text.__wrap_putchar
                0x20041ab4       0x84 CMakeFiles/demo_game.dir/mnt/c/pico-sdk/src/rp2_common/pico_stdio/stdio.c.o
                0x20041ab4                stdio_putchar
                0x20041ab4                __wrap_putchar
 .text.__wrap_puts
                0x20041b38       0x3c CMakeFiles/demo_game.dir/mnt/c/pico-sdk/src/rp2_common/pico_stdio/stdio.c.o
                0x20041b38                __wrap_puts
                0x20041b38                stdio_puts
 .text          0x20041b74       0xa4 /usr/lib/gcc/arm-none-eabi/13.2.1/../../../arm-none-eabi/lib/thumb/v8-m.main+fp/softfp/libg.a(libc_a-memset.o)
                0x20041b74                memset
 .text          0x20041c18       0x5c /usr/lib/gcc/arm-none-eabi/13.2.1/../../../arm-none-eabi/lib/thumb/v8-m.main+fp/softfp/libg.a(libc_a-strlen-stub.o)
                0x20041c18                strlen
                0x20041c74                        . = ALIGN (0x4)
 *(.init)
 *(.fini)
 *crtbegin.o(.ctors)
 *crtbegin?.o(.ctors)
 *(EXCLUDE_FILE(*crtend.o *crtend?.o) .ctors)
 *(SORT_BY_NAME(.ctors.*))
 *(.ctors)
 *crtbegin.o(.dtors)
 *crtbegin?.o(.dtors)
 *(EXCLUDE_FILE(*crtend.o *crtend?.o) .dtors)
 *(SORT_BY_NAME(.dtors.*))
 *(.dtors)
 *(.eh_frame*)

.glue_7         0x20041c74        0x0
 .glue_7        0x20041c74        0x0 linker stubs

.glue_7t        0x20041c74        0x0
 .glue_7t       0x20041c74        0x0 linker stubs

.vfp11_veneer   0x20041c74        0x0
 .vfp11_veneer  0x20041c74        0x0 linker stubs

.v4_bx          0x20041c74        0x0
 .v4_bx         0x20041c74        0x0 linker stubs

.iplt           0x20041c74        0x0
 .iplt          0x20041c74        0x0 CMakeFiles/demo_game.dir/demo_game.c.o

.rodata         0x20041c74       0x90
                0x20041c74                        . = ALIGN (0x4)
 *(.rodata*)
 .rodata.panic.str1.4
                0x20041c74       0x74 CMakeFiles/demo_game.dir/mnt/c/pico-sdk/src/rp2_common/pico_platform_panic/panic.c.o
                                 0x12 (size before relaxing)
 .rodata.timer_hardware_alarm_claim.str1.4
                0x20041ce8       0x22 CMakeFiles/demo_game.dir/mnt/c/pico-sdk/src/rp2_common/hardware_timer/timer.c.o
 .rodata.hard_assertion_failure.str1.4
                0x20041ce8        0xc CMakeFiles/demo_game.dir/mnt/c/pico-sdk/src/rp2_common/pico_runtime/runtime.c.o
 .rodata.str1.4
                0x20041ce8       0x30 CMakeFiles/demo_game.dir/mnt/c/pico-sdk/src/rp2_common/pico_standard_binary_info/standard_binary_info.c.o
 .rodata.__bi_84
                0x20041ce8        0xc CMakeFiles/demo_game.dir/mnt/c/pico-sdk/src/rp2_common/pico_standard_binary_info/standard_binary_info.c.o
 .rodata.__bi_48
                0x20041cf4        0xc CMakeFiles/demo_game.dir/mnt/c/pico-sdk/src/rp2_common/pico_standard_binary_info/standard_binary_info.c.o
 .rodata.crlf_str.0
                0x20041d00        0x2 CMakeFiles/demo_game.dir/mnt/c/pico-sdk/src/rp2_common/pico_stdio/stdio.c.o
 *(.srodata*)
                0x20041d18                        . = ALIGN (0x4)
 *fill*         0x20041d02        0x2 
 *(SORT_BY_ALIGNMENT(SORT_BY_NAME(.flashdata*)))
                0x20041d04                        . = ALIGN (0x4)

.ARM.extab
 *(.ARM.extab* .gnu.linkonce.armextab.*)
                0x20041d04                        __exidx_start = .

.ARM.exidx
 *(.ARM.exidx* .gnu.linkonce.armexidx.*)
                0x20041d04                        __exidx_end = .
                0x20041d04                        . = ALIGN (0x4)
                0x20041d04                        __binary_info_start = .

.binary_info    0x20041d04       0x14
 *(.binary_info.keep.*)
 .binary_info.keep.__bi_ptr84
                0x20041d04        0x4 CMakeFiles/demo_game.dir/mnt/c/pico-sdk/src/rp2_common/pico_standard_binary_info/standard_binary_info.c.o
 .binary_info.keep.__bi_ptr54
                0x20041d08        0x4 CMakeFiles/demo_game.dir/mnt/c/pico-sdk/src/rp2_common/pico_standard_binary_info/standard_binary_info.c.o
 .binary_info.keep.__bi_ptr48
                0x20041d0c        0x4 CMakeFiles/demo_game.dir/mnt/c/pico-sdk/src/rp2_common/pico_standard_binary_info/standard_binary_info.c.o
 .binary_info.keep.__bi_ptr42
                0x20041d10        0x4 CMakeFiles/demo_game.dir/mnt/c/pico-sdk/src/rp2_common/pico_standard_binary_info/standard_binary_info.c.o
 .binary_info.keep.__bi_ptr34
                0x20041d14        0x4 CMakeFiles/demo_game.dir/mnt/c/pico-sdk/src/rp2_common/pico_standard_binary_info/standard_binary_info.c.o
 *(.binary_info.*)
                0x20041d18                        __binary_info_end = .
                0x20041d18                        . = ALIGN (0x4)

.data           0x20041d18       0xa4
                0x20041d18                        __data_start__ = .
 *(vtable)
 *(.data*)
 .data.is_blinking
                0x20041d18        0x1 CMakeFiles/demo_game.dir/demo_game.c.o
                0x20041d18                is_blinking
 .data.striped_spin_lock_num
                0x20041d19        0x1 CMakeFiles/demo_game.dir/mnt/c/pico-sdk/src/rp2_common/hardware_sync/sync.c.o
 *fill*         0x20041d1a        0x2 
 .data          0x20041d1c       0x48 CMakeFiles/demo_game.dir/mnt/c/pico-sdk/src/rp2_common/hardware_irq/irq_handler_chain.S.o
                0x20041d1c                irq_handler_chain_slots
                0x20041d4c                irq_handler_chain_first_slot
                0x20041d56                irq_handler_chain_remove_tail
 .data.default_alarm_pool
                0x20041d64       0x18 CMakeFiles/demo_game.dir/mnt/c/pico-sdk/src/common/pico_time/time.c.o
 *(.sdata*)
                0x20041d7c                        . = ALIGN (0x4)
 *(.after_data.*)
                0x20041d7c                        . = ALIGN (0x4)
                0x20041d7c                        PROVIDE (__mutex_array_start = .)
 *(SORT_BY_NAME(.mutex_array.*))
 *(.mutex_array)
 .mutex_array   0x20041d7c        0x8 CMakeFiles/demo_game.dir/mnt/c/pico-sdk/src/rp2_common/pico_stdio/stdio.c.o
                0x20041d84                        PROVIDE (__mutex_array_end = .)
                0x20041d84                        . = ALIGN (0x4)
                0x20041d84                        PROVIDE (__preinit_array_start = .)
 *(SORT_BY_NAME(.preinit_array.*))
 .preinit_array.00100
                0x20041d84        0x4 CMakeFiles/demo_game.dir/mnt/c/pico-sdk/src/rp2_common/pico_runtime_init/runtime_init.c.o
                0x20041d84                __pre_init_runtime_init_early_resets
 .preinit_array.00101
                0x20041d88        0x4 CMakeFiles/demo_game.dir/mnt/c/pico-sdk/src/rp2_common/pico_runtime_init/runtime_init.c.o
                0x20041d88                __pre_init_runtime_init_usb_power_down
 .preinit_array.00500
                0x20041d8c        0x4 CMakeFiles/demo_game.dir/mnt/c/pico-sdk/src/rp2_common/pico_runtime_init/runtime_init.c.o
                0x20041d8c                __pre_init_runtime_init_clocks
 .preinit_array.00600
                0x20041d90        0x4 CMakeFiles/demo_game.dir/mnt/c/pico-sdk/src/rp2_common/pico_runtime_init/runtime_init.c.o
                0x20041d90                __pre_init_runtime_init_post_clock_resets
 .preinit_array.01000
                0x20041d94        0x4 CMakeFiles/demo_game.dir/mnt/c/pico-sdk/src/rp2_common/hardware_boot_lock/boot_lock.c.o
                0x20041d94                __pre_init_runtime_init_boot_locks_reset
 .preinit_array.01000
                0x20041d98        0x4 CMakeFiles/demo_game.dir/mnt/c/pico-sdk/src/rp2_common/pico_runtime_init/runtime_init.c.o
                0x20041d98                __pre_init_runtime_init_spin_locks_reset
 .preinit_array.01010
                0x20041d9c        0x4 CMakeFiles/demo_game.dir/mnt/c/pico-sdk/src/rp2_common/pico_bootrom/bootrom_lock.c.o
                0x20041d9c                __pre_init_runtime_init_bootrom_locking_enable
 .preinit_array.01100
                0x20041da0        0x4 CMakeFiles/demo_game.dir/mnt/c/pico-sdk/src/common/pico_sync/mutex.c.o
                0x20041da0                __pre_init_runtime_init_mutex
 .preinit_array.11000
                0x20041da4        0x4 CMakeFiles/demo_game.dir/mnt/c/pico-sdk/src/common/pico_time/time.c.o
                0x20041da4                __pre_init_runtime_init_default_alarm_pool
 .preinit_array.YYYYY
                0x20041da8        0x4 CMakeFiles/demo_game.dir/mnt/c/pico-sdk/src/rp2_common/pico_runtime/runtime.c.o
                0x20041da8                __pre_init_first_per_core_initializer
 .preinit_array.ZZZZZ.00051
                0x20041dac        0x4 CMakeFiles/demo_game.dir/mnt/c/pico-sdk/src/rp2_common/pico_runtime_init/runtime_init.c.o
                0x20041dac                __pre_init_runtime_init_per_core_bootrom_reset
 .preinit_array.ZZZZZ.00200
                0x20041db0        0x4 CMakeFiles/demo_game.dir/mnt/c/pico-sdk/src/rp2_common/pico_runtime_init/runtime_init.c.o
                0x20041db0                __pre_init_runtime_init_per_core_enable_coprocessors
 .preinit_array.ZZZZZ.01000
                0x20041db4        0x4 CMakeFiles/demo_game.dir/mnt/c/pico-sdk/src/rp2_common/hardware_sync_spin_lock/sync_spin_lock.c.o
                0x20041db4                __pre_init_spinlock_set_extexclall
 .preinit_array.ZZZZZ.01200
                0x20041db8        0x4 CMakeFiles/demo_game.dir/mnt/c/pico-sdk/src/rp2_common/hardware_irq/irq.c.o
                0x20041db8                __pre_init_runtime_init_per_core_irq_priorities
 *(.preinit_array)
                0x20041dbc                        PROVIDE (__preinit_array_end = .)
                0x20041dbc                        . = ALIGN (0x4)
                0x20041dbc                        PROVIDE (__init_array_start = .)
 *(SORT_BY_NAME(.init_array.*))
 *(.init_array)
                0x20041dbc                        PROVIDE (__init_array_end = .)
                0x20041dbc                        . = ALIGN (0x4)
                [!provide]                        PROVIDE (__fini_array_start = .)
 *(SORT_BY_NAME(.fini_array.*))
 *(.fini_array)
                [!provide]                        PROVIDE (__fini_array_end = .)
 *(.jcr)
                0x20041dbc                        . = ALIGN (0x4)

.igot.plt       0x20041dbc        0x0
 .igot.plt      0x20041dbc        0x0 CMakeFiles/demo_game.dir/demo_game.c.o

.tdata          0x20041dbc        0x0
                0x20041dbc                        . = ALIGN (0x4)
 *(.tdata .tdata.* .gnu.linkonce.td.*)
                0x20041dbc                        __tdata_end = .
                0x20041dbc                        PROVIDE (__data_end__ = .)

.uninitialized_data
                0x20041dbc        0x0
                0x20041dbc                        . = ALIGN (0x4)
 *(.uninitialized_data*)
                0x20041d18                        __etext = LOADADDR (.data)

.tbss           0x20041dbc        0x0
                0x20041dbc                        . = ALIGN (0x4)
                0x20041dbc                        __bss_start__ = .
                0x20041dbc                        __tls_base = .
 *(.tbss .tbss.* .gnu.linkonce.tb.*)
 *(.tcommon)
                0x20041dbc                        __tls_end = .

.bss            0x20041dc0      0x218
                0x20041dc0                        . = ALIGN (0x4)
                0x20041dc0                        __tbss_end = .
 *(SORT_BY_ALIGNMENT(SORT_BY_NAME(.bss*)))
 .bss.default_alarm_pool_entries
                0x20041dc0      0x180 CMakeFiles/demo_game.dir/mnt/c/pico-sdk/src/common/pico_time/time.c.o
 .bss.last_button_press_time
                0x20041f40        0x8 CMakeFiles/demo_game.dir/demo_game.c.o
                0x20041f40                last_button_press_time
 .bss._sw_spin_locks
                0x20041f48       0x20 CMakeFiles/demo_game.dir/mnt/c/pico-sdk/src/rp2_common/hardware_sync_spin_lock/sync_spin_lock.c.o
                0x20041f48                _sw_spin_locks
 .bss.callbacks
                0x20041f68        0x8 CMakeFiles/demo_game.dir/mnt/c/pico-sdk/src/rp2_common/hardware_gpio/gpio.c.o
 .bss.claimed   0x20041f70        0x2 CMakeFiles/demo_game.dir/mnt/c/pico-sdk/src/rp2_common/hardware_timer/timer.c.o
 *fill*         0x20041f72        0x2 
 .bss.configured_freq
                0x20041f74       0x28 CMakeFiles/demo_game.dir/mnt/c/pico-sdk/src/rp2_common/hardware_clocks/clocks.c.o
 .bss.drivers   0x20041f9c        0x4 CMakeFiles/demo_game.dir/mnt/c/pico-sdk/src/rp2_common/pico_stdio/stdio.c.o
 .bss.filter    0x20041fa0        0x4 CMakeFiles/demo_game.dir/mnt/c/pico-sdk/src/rp2_common/pico_stdio/stdio.c.o
 .bss.lazy_vsnprintf
                0x20041fa4        0x4 CMakeFiles/demo_game.dir/mnt/c/pico-sdk/src/rp2_common/pico_printf/printf.c.o
 .bss.pools     0x20041fa8       0x20 CMakeFiles/demo_game.dir/mnt/c/pico-sdk/src/common/pico_time/time.c.o
 .bss.raw_irq_mask
                0x20041fc8        0x8 CMakeFiles/demo_game.dir/mnt/c/pico-sdk/src/rp2_common/hardware_gpio/gpio.c.o
 .bss.sleep_notifier
                0x20041fd0        0x4 CMakeFiles/demo_game.dir/mnt/c/pico-sdk/src/common/pico_time/time.c.o
 .bss.irq_handler_chain_free_slot_head
                0x20041fd4        0x1 CMakeFiles/demo_game.dir/mnt/c/pico-sdk/src/rp2_common/hardware_irq/irq.c.o
 *(COMMON)
                [!provide]                        PROVIDE (__global_pointer$ = (. + 0x800))
 *(.sbss*)
                0x20041fd8                        . = ALIGN (0x4)
 *fill*         0x20041fd5        0x3 
                0x20041fd8                        __bss_end__ = .

.heap           0x20041fd8      0x800
                0x20041fd8                        __end__ = .
                0x20041fd8                        end = __end__
 *(.heap*)
 .heap          0x20041fd8      0x800 CMakeFiles/demo_game.dir/mnt/c/pico-sdk/src/rp2_common/pico_crt0/crt0.S.o
                0x2007c000                        __HeapLimit = (ORIGIN (RAM) + LENGTH (RAM))

.scratch_x      0x20080000        0x0
                0x20080000                        __scratch_x_start__ = .
 *(.scratch_x.*)
                0x20080000                        . = ALIGN (0x4)
                0x20080000                        __scratch_x_end__ = .
                0x20080000                        __scratch_x_source__ = LOADADDR (.scratch_x)

.scratch_y      0x20081000        0x0
                0x20081000                        __scratch_y_start__ = .
 *(.scratch_y.*)
                0x20081000                        . = ALIGN (0x4)
                0x20081000                        __scratch_y_end__ = .
                0x20081000                        __scratch_y_source__ = LOADADDR (.scratch_y)

.stack1_dummy
 *(.stack1*)

.stack_dummy    0x2007c000      0x800
 *(.stack*)
 .stack         0x2007c000      0x800 CMakeFiles/demo_game.dir/mnt/c/pico-sdk/src/rp2_common/pico_crt0/crt0.S.o
                0x2007c000                        __StackLimit = (ORIGIN (RAM) + LENGTH (RAM))
                0x20080000                        __StackOneTop = (ORIGIN (CORE1_STACK) + LENGTH (CORE1_STACK))
                0x20080000                        __StackTop = (ORIGIN (CORE1_STACK) + LENGTH (CORE1_STACK))
                0x20080000                        __StackOneBottom = (__StackOneTop - SIZEOF (.stack1_dummy))
                0x2007f800                        __StackBottom = (__StackTop - SIZEOF (.stack_dummy))
                [!provide]                        PROVIDE (__stack = __StackTop)
                [!provide]                        PROVIDE (__heap_start = __end__)
                [!provide]                        PROVIDE (__heap_end = __HeapLimit)
                [!provide]                        PROVIDE (__tls_align = MAX (ALIGNOF (.tdata), ALIGNOF (.tbss)))
                [!provide]                        PROVIDE (__tls_size_align = (((__tls_size + __tls_align) - 0x1) & ~ ((__tls_align - 0x1))))
                [!provide]                        PROVIDE (__arm32_tls_tcb_offset = MAX (0x8, __tls_align))
                [!provide]                        PROVIDE (_end = __end__)
                [!provide]                        PROVIDE (__llvm_libc_heap_limit = __HeapLimit)
                0x00000001                        ASSERT ((__StackLimit >= __HeapLimit), region RAM overflowed)
                0x00000001                        ASSERT (((__binary_info_header_end - __logical_binary_start) <= 0x400), Binary info must be in first 1024 bytes of the binary)
                0x00000001                        ASSERT (((__embedded_block_end - __logical_binary_start) <= 0x1000), Embedded block must be in first 4096 bytes of the binary)
LOAD CMakeFiles/demo_game.dir/demo_game.c.o
LOAD CMakeFiles/demo_game.dir/mnt/c/pico-sdk/src/rp2_common/pico_stdlib/stdlib.c.o
LOAD CMakeFiles/demo_game.dir/mnt/c/pico-sdk/src/rp2_common/hardware_gpio/gpio.c.o
LOAD CMakeFiles/demo_game.dir/mnt/c/pico-sdk/src/rp2350/pico_platform/platform.c.o
LOAD CMakeFiles/demo_game.dir/mnt/c/pico-sdk/src/rp2_common/pico_platform_common/common.c.o
LOAD CMakeFiles/demo_game.dir/mnt/c/pico-sdk/src/rp2_common/pico_platform_panic/panic.c.o
LOAD CMakeFiles/demo_game.dir/mnt/c/pico-sdk/src/common/hardware_claim/claim.c.o
LOAD CMakeFiles/demo_game.dir/mnt/c/pico-sdk/src/rp2_common/hardware_sync/sync.c.o
LOAD CMakeFiles/demo_game.dir/mnt/c/pico-sdk/src/rp2_common/hardware_sync_spin_lock/sync_spin_lock.c.o
LOAD CMakeFiles/demo_game.dir/mnt/c/pico-sdk/src/rp2_common/hardware_irq/irq.c.o
LOAD CMakeFiles/demo_game.dir/mnt/c/pico-sdk/src/rp2_common/hardware_irq/irq_handler_chain.S.o
LOAD CMakeFiles/demo_game.dir/mnt/c/pico-sdk/src/common/pico_sync/sem.c.o
LOAD CMakeFiles/demo_game.dir/mnt/c/pico-sdk/src/common/pico_sync/lock_core.c.o
LOAD CMakeFiles/demo_game.dir/mnt/c/pico-sdk/src/common/pico_sync/mutex.c.o
LOAD CMakeFiles/demo_game.dir/mnt/c/pico-sdk/src/common/pico_sync/critical_section.c.o
LOAD CMakeFiles/demo_game.dir/mnt/c/pico-sdk/src/common/pico_time/time.c.o
LOAD CMakeFiles/demo_game.dir/mnt/c/pico-sdk/src/common/pico_time/timeout_helper.c.o
LOAD CMakeFiles/demo_game.dir/mnt/c/pico-sdk/src/rp2_common/hardware_timer/timer.c.o
LOAD CMakeFiles/demo_game.dir/mnt/c/pico-sdk/src/common/pico_util/datetime.c.o
LOAD CMakeFiles/demo_game.dir/mnt/c/pico-sdk/src/common/pico_util/pheap.c.o
LOAD CMakeFiles/demo_game.dir/mnt/c/pico-sdk/src/common/pico_util/queue.c.o
LOAD CMakeFiles/demo_game.dir/mnt/c/pico-sdk/src/rp2_common/hardware_uart/uart.c.o
LOAD CMakeFiles/demo_game.dir/mnt/c/pico-sdk/src/rp2_common/hardware_clocks/clocks.c.o
LOAD CMakeFiles/demo_game.dir/mnt/c/pico-sdk/src/rp2_common/hardware_pll/pll.c.o
LOAD CMakeFiles/demo_game.dir/mnt/c/pico-sdk/src/rp2_common/hardware_vreg/vreg.c.o
LOAD CMakeFiles/demo_game.dir/mnt/c/pico-sdk/src/rp2_common/hardware_watchdog/watchdog.c.o
LOAD CMakeFiles/demo_game.dir/mnt/c/pico-sdk/src/rp2_common/hardware_ticks/ticks.c.o
LOAD CMakeFiles/demo_game.dir/mnt/c/pico-sdk/src/rp2_common/pico_bootrom/bootrom.c.o
LOAD CMakeFiles/demo_game.dir/mnt/c/pico-sdk/src/rp2_common/pico_bootrom/bootrom_lock.c.o
LOAD CMakeFiles/demo_game.dir/mnt/c/pico-sdk/src/rp2_common/hardware_boot_lock/boot_lock.c.o
LOAD CMakeFiles/demo_game.dir/mnt/c/pico-sdk/src/rp2_common/pico_flash/flash.c.o
LOAD CMakeFiles/demo_game.dir/mnt/c/pico-sdk/src/rp2_common/hardware_xosc/xosc.c.o
LOAD CMakeFiles/demo_game.dir/mnt/c/pico-sdk/src/rp2_common/hardware_divider/divider.c.o
LOAD CMakeFiles/demo_game.dir/mnt/c/pico-sdk/src/rp2_common/pico_runtime/runtime.c.o
LOAD CMakeFiles/demo_game.dir/mnt/c/pico-sdk/src/rp2_common/pico_runtime_init/runtime_init.c.o
LOAD CMakeFiles/demo_game.dir/mnt/c/pico-sdk/src/rp2_common/pico_runtime_init/runtime_init_clocks.c.o
LOAD CMakeFiles/demo_game.dir/mnt/c/pico-sdk/src/rp2_common/pico_runtime_init/runtime_init_stack_guard.c.o
LOAD CMakeFiles/demo_game.dir/mnt/c/pico-sdk/src/rp2_common/pico_bit_ops/bit_ops_aeabi.S.o
LOAD CMakeFiles/demo_game.dir/mnt/c/pico-sdk/src/rp2_common/pico_divider/divider_compiler.c.o
LOAD CMakeFiles/demo_game.dir/mnt/c/pico-sdk/src/rp2_common/pico_double/double_math.c.o
LOAD CMakeFiles/demo_game.dir/mnt/c/pico-sdk/src/rp2_common/pico_double/double_aeabi_dcp.S.o
LOAD CMakeFiles/demo_game.dir/mnt/c/pico-sdk/src/rp2_common/pico_double/double_fma_dcp.S.o
LOAD CMakeFiles/demo_game.dir/mnt/c/pico-sdk/src/rp2_common/pico_double/double_sci_m33.S.o
LOAD CMakeFiles/demo_game.dir/mnt/c/pico-sdk/src/rp2_common/pico_double/double_conv_m33.S.o
LOAD CMakeFiles/demo_game.dir/mnt/c/pico-sdk/src/rp2_common/pico_float/float_math.c.o
LOAD CMakeFiles/demo_game.dir/mnt/c/pico-sdk/src/rp2_common/pico_float/float_conv32_vfp.S.o
LOAD CMakeFiles/demo_game.dir/mnt/c/pico-sdk/src/rp2_common/pico_float/float_common_m33.S.o
LOAD CMakeFiles/demo_game.dir/mnt/c/pico-sdk/src/rp2_common/pico_float/float_sci_m33_vfp.S.o
LOAD CMakeFiles/demo_game.dir/mnt/c/pico-sdk/src/rp2_common/pico_malloc/malloc.c.o
LOAD CMakeFiles/demo_game.dir/mnt/c/pico-sdk/src/rp2_common/pico_atomic/atomic.c.o
LOAD CMakeFiles/demo_game.dir/mnt/c/pico-sdk/src/rp2_common/pico_cxx_options/new_delete.cpp.o
LOAD CMakeFiles/demo_game.dir/mnt/c/pico-sdk/src/rp2_common/pico_standard_binary_info/standard_binary_info.c.o
LOAD CMakeFiles/demo_game.dir/mnt/c/pico-sdk/src/rp2_common/pico_printf/printf.c.o
LOAD CMakeFiles/demo_game.dir/mnt/c/pico-sdk/src/rp2_common/pico_crt0/crt0.S.o
LOAD CMakeFiles/demo_game.dir/mnt/c/pico-sdk/src/rp2_common/pico_clib_interface/newlib_interface.c.o
LOAD CMakeFiles/demo_game.dir/mnt/c/pico-sdk/src/rp2_common/pico_stdio/stdio.c.o
LOAD CMakeFiles/demo_game.dir/mnt/c/pico-sdk/src/rp2_common/pico_stdio_uart/stdio_uart.c.o
LOAD /usr/lib/gcc/arm-none-eabi/13.2.1/../../../arm-none-eabi/lib/thumb/v8-m.main+fp/softfp/libstdc++.a
LOAD /usr/lib/gcc/arm-none-eabi/13.2.1/../../../arm-none-eabi/lib/thumb/v8-m.main+fp/softfp/libm.a
START GROUP
LOAD /usr/lib/gcc/arm-none-eabi/13.2.1/thumb/v8-m.main+fp/softfp/libgcc.a
LOAD /usr/lib/gcc/arm-none-eabi/13.2.1/../../../arm-none-eabi/lib/thumb/v8-m.main+fp/softfp/libg.a
LOAD /usr/lib/gcc/arm-none-eabi/13.2.1/../../../arm-none-eabi/lib/thumb/v8-m.main+fp/softfp/libc.a
END GROUP
START GROUP
LOAD /usr/lib/gcc/arm-none-eabi/13.2.1/thumb/v8-m.main+fp/softfp/libgcc.a
LOAD /usr/lib/gcc/arm-none-eabi/13.2.1/../../../arm-none-eabi/lib/thumb/v8-m.main+fp/softfp/libc.a
LOAD /usr/lib/gcc/arm-none-eabi/13.2.1/../../../arm-none-eabi/lib/thumb/v8-m.main+fp/softfp/libnosys.a
END GROUP
OUTPUT(demo_game.elf elf32-littlearm)
LOAD linker stubs

.rel.dyn        0x2007c800        0x0
 .rel.iplt      0x2007c800        0x0 CMakeFiles/demo_game.dir/demo_game.c.o

.debug_info     0x00000000    0x1cc5f
 .debug_info    0x00000000      0x944 CMakeFiles/demo_game.dir/demo_game.c.o
 .debug_info    0x00000944     0x23b5 CMakeFiles/demo_game.dir/mnt/c/pico-sdk/src/rp2_common/hardware_gpio/gpio.c.o
 .debug_info    0x00002cf9      0x1be CMakeFiles/demo_game.dir/mnt/c/pico-sdk/src/rp2_common/pico_platform_panic/panic.c.o
 .debug_info    0x00002eb7      0xb64 CMakeFiles/demo_game.dir/mnt/c/pico-sdk/src/common/hardware_claim/claim.c.o
 .debug_info    0x00003a1b      0x44d CMakeFiles/demo_game.dir/mnt/c/pico-sdk/src/rp2_common/hardware_sync/sync.c.o
 .debug_info    0x00003e68     0x143a CMakeFiles/demo_game.dir/mnt/c/pico-sdk/src/rp2_common/hardware_sync_spin_lock/sync_spin_lock.c.o
 .debug_info    0x000052a2     0x25e3 CMakeFiles/demo_game.dir/mnt/c/pico-sdk/src/rp2_common/hardware_irq/irq.c.o
 .debug_info    0x00007885      0x17b CMakeFiles/demo_game.dir/mnt/c/pico-sdk/src/common/pico_sync/lock_core.c.o
 .debug_info    0x00007a00     0x1e27 CMakeFiles/demo_game.dir/mnt/c/pico-sdk/src/common/pico_sync/mutex.c.o
 .debug_info    0x00009827     0x4c04 CMakeFiles/demo_game.dir/mnt/c/pico-sdk/src/common/pico_time/time.c.o
 .debug_info    0x0000e42b     0x3082 CMakeFiles/demo_game.dir/mnt/c/pico-sdk/src/rp2_common/hardware_timer/timer.c.o
 .debug_info    0x000114ad     0x2891 CMakeFiles/demo_game.dir/mnt/c/pico-sdk/src/rp2_common/hardware_clocks/clocks.c.o
 .debug_info    0x00013d3e      0x4ef CMakeFiles/demo_game.dir/mnt/c/pico-sdk/src/rp2_common/hardware_pll/pll.c.o
 .debug_info    0x0001422d      0x254 CMakeFiles/demo_game.dir/mnt/c/pico-sdk/src/rp2_common/hardware_ticks/ticks.c.o
 .debug_info    0x00014481     0x1077 CMakeFiles/demo_game.dir/mnt/c/pico-sdk/src/rp2_common/pico_bootrom/bootrom.c.o
 .debug_info    0x000154f8      0x1ac CMakeFiles/demo_game.dir/mnt/c/pico-sdk/src/rp2_common/pico_bootrom/bootrom_lock.c.o
 .debug_info    0x000156a4      0x2fe CMakeFiles/demo_game.dir/mnt/c/pico-sdk/src/rp2_common/hardware_boot_lock/boot_lock.c.o
 .debug_info    0x000159a2      0x199 CMakeFiles/demo_game.dir/mnt/c/pico-sdk/src/rp2_common/hardware_xosc/xosc.c.o
 .debug_info    0x00015b3b      0x20e CMakeFiles/demo_game.dir/mnt/c/pico-sdk/src/rp2_common/pico_runtime/runtime.c.o
 .debug_info    0x00015d49     0x1993 CMakeFiles/demo_game.dir/mnt/c/pico-sdk/src/rp2_common/pico_runtime_init/runtime_init.c.o
 .debug_info    0x000176dc      0x7b0 CMakeFiles/demo_game.dir/mnt/c/pico-sdk/src/rp2_common/pico_runtime_init/runtime_init_clocks.c.o
 .debug_info    0x00017e8c      0x1dd CMakeFiles/demo_game.dir/mnt/c/pico-sdk/src/rp2_common/pico_standard_binary_info/standard_binary_info.c.o
 .debug_info    0x00018069     0x2075 CMakeFiles/demo_game.dir/mnt/c/pico-sdk/src/rp2_common/pico_printf/printf.c.o
 .debug_info    0x0001a0de       0x23 CMakeFiles/demo_game.dir/mnt/c/pico-sdk/src/rp2_common/pico_crt0/crt0.S.o
 .debug_info    0x0001a101      0xc25 CMakeFiles/demo_game.dir/mnt/c/pico-sdk/src/rp2_common/pico_clib_interface/newlib_interface.c.o
 .debug_info    0x0001ad26     0x1d47 CMakeFiles/demo_game.dir/mnt/c/pico-sdk/src/rp2_common/pico_stdio/stdio.c.o
 .debug_info    0x0001ca6d      0x135 /usr/lib/gcc/arm-none-eabi/13.2.1/../../../arm-none-eabi/lib/thumb/v8-m.main+fp/softfp/libg.a(libc_a-memset.o)
 .debug_info    0x0001cba2       0xbd /usr/lib/gcc/arm-none-eabi/13.2.1/../../../arm-none-eabi/lib/thumb/v8-m.main+fp/softfp/libg.a(libc_a-strlen-stub.o)

.debug_abbrev   0x00000000     0x4ff8
 .debug_abbrev  0x00000000      0x2db CMakeFiles/demo_game.dir/demo_game.c.o
 .debug_abbrev  0x000002db      0x535 CMakeFiles/demo_game.dir/mnt/c/pico-sdk/src/rp2_common/hardware_gpio/gpio.c.o
 .debug_abbrev  0x00000810      0x12b CMakeFiles/demo_game.dir/mnt/c/pico-sdk/src/rp2_common/pico_platform_panic/panic.c.o
 .debug_abbrev  0x0000093b      0x35c CMakeFiles/demo_game.dir/mnt/c/pico-sdk/src/common/hardware_claim/claim.c.o
 .debug_abbrev  0x00000c97      0x22d CMakeFiles/demo_game.dir/mnt/c/pico-sdk/src/rp2_common/hardware_sync/sync.c.o
 .debug_abbrev  0x00000ec4      0x26e CMakeFiles/demo_game.dir/mnt/c/pico-sdk/src/rp2_common/hardware_sync_spin_lock/sync_spin_lock.c.o
 .debug_abbrev  0x00001132      0x628 CMakeFiles/demo_game.dir/mnt/c/pico-sdk/src/rp2_common/hardware_irq/irq.c.o
 .debug_abbrev  0x0000175a      0x11e CMakeFiles/demo_game.dir/mnt/c/pico-sdk/src/common/pico_sync/lock_core.c.o
 .debug_abbrev  0x00001878      0x49b CMakeFiles/demo_game.dir/mnt/c/pico-sdk/src/common/pico_sync/mutex.c.o
 .debug_abbrev  0x00001d13      0x65c CMakeFiles/demo_game.dir/mnt/c/pico-sdk/src/common/pico_time/time.c.o
 .debug_abbrev  0x0000236f      0x4f9 CMakeFiles/demo_game.dir/mnt/c/pico-sdk/src/rp2_common/hardware_timer/timer.c.o
 .debug_abbrev  0x00002868      0x4fc CMakeFiles/demo_game.dir/mnt/c/pico-sdk/src/rp2_common/hardware_clocks/clocks.c.o
 .debug_abbrev  0x00002d64      0x1a8 CMakeFiles/demo_game.dir/mnt/c/pico-sdk/src/rp2_common/hardware_pll/pll.c.o
 .debug_abbrev  0x00002f0c      0x146 CMakeFiles/demo_game.dir/mnt/c/pico-sdk/src/rp2_common/hardware_ticks/ticks.c.o
 .debug_abbrev  0x00003052      0x456 CMakeFiles/demo_game.dir/mnt/c/pico-sdk/src/rp2_common/pico_bootrom/bootrom.c.o
 .debug_abbrev  0x000034a8       0xfb CMakeFiles/demo_game.dir/mnt/c/pico-sdk/src/rp2_common/pico_bootrom/bootrom_lock.c.o
 .debug_abbrev  0x000035a3      0x1de CMakeFiles/demo_game.dir/mnt/c/pico-sdk/src/rp2_common/hardware_boot_lock/boot_lock.c.o
 .debug_abbrev  0x00003781      0x109 CMakeFiles/demo_game.dir/mnt/c/pico-sdk/src/rp2_common/hardware_xosc/xosc.c.o
 .debug_abbrev  0x0000388a      0x182 CMakeFiles/demo_game.dir/mnt/c/pico-sdk/src/rp2_common/pico_runtime/runtime.c.o
 .debug_abbrev  0x00003a0c      0x2b2 CMakeFiles/demo_game.dir/mnt/c/pico-sdk/src/rp2_common/pico_runtime_init/runtime_init.c.o
 .debug_abbrev  0x00003cbe      0x29d CMakeFiles/demo_game.dir/mnt/c/pico-sdk/src/rp2_common/pico_runtime_init/runtime_init_clocks.c.o
 .debug_abbrev  0x00003f5b       0xa5 CMakeFiles/demo_game.dir/mnt/c/pico-sdk/src/rp2_common/pico_standard_binary_info/standard_binary_info.c.o
 .debug_abbrev  0x00004000      0x540 CMakeFiles/demo_game.dir/mnt/c/pico-sdk/src/rp2_common/pico_printf/printf.c.o
 .debug_abbrev  0x00004540       0x12 CMakeFiles/demo_game.dir/mnt/c/pico-sdk/src/rp2_common/pico_crt0/crt0.S.o
 .debug_abbrev  0x00004552      0x375 CMakeFiles/demo_game.dir/mnt/c/pico-sdk/src/rp2_common/pico_clib_interface/newlib_interface.c.o
 .debug_abbrev  0x000048c7      0x602 CMakeFiles/demo_game.dir/mnt/c/pico-sdk/src/rp2_common/pico_stdio/stdio.c.o
 .debug_abbrev  0x00004ec9       0xb7 /usr/lib/gcc/arm-none-eabi/13.2.1/../../../arm-none-eabi/lib/thumb/v8-m.main+fp/softfp/libg.a(libc_a-memset.o)
 .debug_abbrev  0x00004f80       0x78 /usr/lib/gcc/arm-none-eabi/13.2.1/../../../arm-none-eabi/lib/thumb/v8-m.main+fp/softfp/libg.a(libc_a-strlen-stub.o)

.debug_loclists
                0x00000000     0xe8b8
 .debug_loclists
                0x00000000      0x1a3 CMakeFiles/demo_game.dir/demo_game.c.o
 .debug_loclists
                0x000001a3     0x1911 CMakeFiles/demo_game.dir/mnt/c/pico-sdk/src/rp2_common/hardware_gpio/gpio.c.o
 .debug_loclists
                0x00001ab4      0x451 CMakeFiles/demo_game.dir/mnt/c/pico-sdk/src/common/hardware_claim/claim.c.o
 .debug_loclists
                0x00001f05      0x107 CMakeFiles/demo_game.dir/mnt/c/pico-sdk/src/rp2_common/hardware_sync/sync.c.o
 .debug_loclists
                0x0000200c       0xa2 CMakeFiles/demo_game.dir/mnt/c/pico-sdk/src/rp2_common/hardware_sync_spin_lock/sync_spin_lock.c.o
 .debug_loclists
                0x000020ae     0x10e3 CMakeFiles/demo_game.dir/mnt/c/pico-sdk/src/rp2_common/hardware_irq/irq.c.o
 .debug_loclists
                0x00003191       0x17 CMakeFiles/demo_game.dir/mnt/c/pico-sdk/src/common/pico_sync/lock_core.c.o
 .debug_loclists
                0x000031a8      0xae5 CMakeFiles/demo_game.dir/mnt/c/pico-sdk/src/common/pico_sync/mutex.c.o
 .debug_loclists
                0x00003c8d     0x29de CMakeFiles/demo_game.dir/mnt/c/pico-sdk/src/common/pico_time/time.c.o
 .debug_loclists
                0x0000666b     0x1a37 CMakeFiles/demo_game.dir/mnt/c/pico-sdk/src/rp2_common/hardware_timer/timer.c.o
 .debug_loclists
                0x000080a2     0x20ca CMakeFiles/demo_game.dir/mnt/c/pico-sdk/src/rp2_common/hardware_clocks/clocks.c.o
 .debug_loclists
                0x0000a16c      0x1b7 CMakeFiles/demo_game.dir/mnt/c/pico-sdk/src/rp2_common/hardware_pll/pll.c.o
 .debug_loclists
                0x0000a323       0x8b CMakeFiles/demo_game.dir/mnt/c/pico-sdk/src/rp2_common/hardware_ticks/ticks.c.o
 .debug_loclists
                0x0000a3ae      0x80b CMakeFiles/demo_game.dir/mnt/c/pico-sdk/src/rp2_common/pico_bootrom/bootrom.c.o
 .debug_loclists
                0x0000abb9       0x28 CMakeFiles/demo_game.dir/mnt/c/pico-sdk/src/rp2_common/pico_bootrom/bootrom_lock.c.o
 .debug_loclists
                0x0000abe1       0x78 CMakeFiles/demo_game.dir/mnt/c/pico-sdk/src/rp2_common/hardware_boot_lock/boot_lock.c.o
 .debug_loclists
                0x0000ac59       0x48 CMakeFiles/demo_game.dir/mnt/c/pico-sdk/src/rp2_common/hardware_xosc/xosc.c.o
 .debug_loclists
                0x0000aca1       0x7e CMakeFiles/demo_game.dir/mnt/c/pico-sdk/src/rp2_common/pico_runtime/runtime.c.o
 .debug_loclists
                0x0000ad1f       0xf6 CMakeFiles/demo_game.dir/mnt/c/pico-sdk/src/rp2_common/pico_runtime_init/runtime_init.c.o
 .debug_loclists
                0x0000ae15       0x74 CMakeFiles/demo_game.dir/mnt/c/pico-sdk/src/rp2_common/pico_runtime_init/runtime_init_clocks.c.o
 .debug_loclists
                0x0000ae89     0x290d CMakeFiles/demo_game.dir/mnt/c/pico-sdk/src/rp2_common/pico_printf/printf.c.o
 .debug_loclists
                0x0000d796      0x425 CMakeFiles/demo_game.dir/mnt/c/pico-sdk/src/rp2_common/pico_clib_interface/newlib_interface.c.o
 .debug_loclists
                0x0000dbbb      0xb12 CMakeFiles/demo_game.dir/mnt/c/pico-sdk/src/rp2_common/pico_stdio/stdio.c.o
 .debug_loclists
                0x0000e6cd      0x1c2 /usr/lib/gcc/arm-none-eabi/13.2.1/../../../arm-none-eabi/lib/thumb/v8-m.main+fp/softfp/libg.a(libc_a-memset.o)
 .debug_loclists
                0x0000e88f       0x29 /usr/lib/gcc/arm-none-eabi/13.2.1/../../../arm-none-eabi/lib/thumb/v8-m.main+fp/softfp/libg.a(libc_a-strlen-stub.o)

.debug_aranges  0x00000000      0xa58
 .debug_aranges
                0x00000000       0x30 CMakeFiles/demo_game.dir/demo_game.c.o
 .debug_aranges
                0x00000030      0x118 CMakeFiles/demo_game.dir/mnt/c/pico-sdk/src/rp2_common/hardware_gpio/gpio.c.o
 .debug_aranges
                0x00000148       0x28 CMakeFiles/demo_game.dir/mnt/c/pico-sdk/src/rp2_common/pico_platform_panic/panic.c.o
 .debug_aranges
                0x00000170       0x48 CMakeFiles/demo_game.dir/mnt/c/pico-sdk/src/common/hardware_claim/claim.c.o
 .debug_aranges
                0x000001b8       0x48 CMakeFiles/demo_game.dir/mnt/c/pico-sdk/src/rp2_common/hardware_sync/sync.c.o
 .debug_aranges
                0x00000200       0x30 CMakeFiles/demo_game.dir/mnt/c/pico-sdk/src/rp2_common/hardware_sync_spin_lock/sync_spin_lock.c.o
 .debug_aranges
                0x00000230       0xb8 CMakeFiles/demo_game.dir/mnt/c/pico-sdk/src/rp2_common/hardware_irq/irq.c.o
 .debug_aranges
                0x000002e8       0x20 CMakeFiles/demo_game.dir/mnt/c/pico-sdk/src/common/pico_sync/lock_core.c.o
 .debug_aranges
                0x00000308       0x98 CMakeFiles/demo_game.dir/mnt/c/pico-sdk/src/common/pico_sync/mutex.c.o
 .debug_aranges
                0x000003a0       0xe0 CMakeFiles/demo_game.dir/mnt/c/pico-sdk/src/common/pico_time/time.c.o
 .debug_aranges
                0x00000480       0xf0 CMakeFiles/demo_game.dir/mnt/c/pico-sdk/src/rp2_common/hardware_timer/timer.c.o
 .debug_aranges
                0x00000570       0x90 CMakeFiles/demo_game.dir/mnt/c/pico-sdk/src/rp2_common/hardware_clocks/clocks.c.o
 .debug_aranges
                0x00000600       0x28 CMakeFiles/demo_game.dir/mnt/c/pico-sdk/src/rp2_common/hardware_pll/pll.c.o
 .debug_aranges
                0x00000628       0x30 CMakeFiles/demo_game.dir/mnt/c/pico-sdk/src/rp2_common/hardware_ticks/ticks.c.o
 .debug_aranges
                0x00000658       0x60 CMakeFiles/demo_game.dir/mnt/c/pico-sdk/src/rp2_common/pico_bootrom/bootrom.c.o
 .debug_aranges
                0x000006b8       0x20 CMakeFiles/demo_game.dir/mnt/c/pico-sdk/src/rp2_common/pico_bootrom/bootrom_lock.c.o
 .debug_aranges
                0x000006d8       0x30 CMakeFiles/demo_game.dir/mnt/c/pico-sdk/src/rp2_common/hardware_boot_lock/boot_lock.c.o
 .debug_aranges
                0x00000708       0x30 CMakeFiles/demo_game.dir/mnt/c/pico-sdk/src/rp2_common/hardware_xosc/xosc.c.o
 .debug_aranges
                0x00000738       0x38 CMakeFiles/demo_game.dir/mnt/c/pico-sdk/src/rp2_common/pico_runtime/runtime.c.o
 .debug_aranges
                0x00000770       0x48 CMakeFiles/demo_game.dir/mnt/c/pico-sdk/src/rp2_common/pico_runtime_init/runtime_init.c.o
 .debug_aranges
                0x000007b8       0x20 CMakeFiles/demo_game.dir/mnt/c/pico-sdk/src/rp2_common/pico_runtime_init/runtime_init_clocks.c.o
 .debug_aranges
                0x000007d8       0x18 CMakeFiles/demo_game.dir/mnt/c/pico-sdk/src/rp2_common/pico_standard_binary_info/standard_binary_info.c.o
 .debug_aranges
                0x000007f0       0x90 CMakeFiles/demo_game.dir/mnt/c/pico-sdk/src/rp2_common/pico_printf/printf.c.o
 .debug_aranges
                0x00000880       0x28 CMakeFiles/demo_game.dir/mnt/c/pico-sdk/src/rp2_common/pico_crt0/crt0.S.o
 .debug_aranges
                0x000008a8       0xa8 CMakeFiles/demo_game.dir/mnt/c/pico-sdk/src/rp2_common/pico_clib_interface/newlib_interface.c.o
 .debug_aranges
                0x00000950       0xc8 CMakeFiles/demo_game.dir/mnt/c/pico-sdk/src/rp2_common/pico_stdio/stdio.c.o
 .debug_aranges
                0x00000a18       0x20 /usr/lib/gcc/arm-none-eabi/13.2.1/../../../arm-none-eabi/lib/thumb/v8-m.main+fp/softfp/libg.a(libc_a-memset.o)
 .debug_aranges
                0x00000a38       0x20 /usr/lib/gcc/arm-none-eabi/13.2.1/../../../arm-none-eabi/lib/thumb/v8-m.main+fp/softfp/libg.a(libc_a-strlen-stub.o)

.debug_rnglists
                0x00000000     0x2ad8
 .debug_rnglists
                0x00000000       0x46 CMakeFiles/demo_game.dir/demo_game.c.o
 .debug_rnglists
                0x00000046      0x63b CMakeFiles/demo_game.dir/mnt/c/pico-sdk/src/rp2_common/hardware_gpio/gpio.c.o
 .debug_rnglists
                0x00000681       0x19 CMakeFiles/demo_game.dir/mnt/c/pico-sdk/src/rp2_common/pico_platform_panic/panic.c.o
 .debug_rnglists
                0x0000069a      0x104 CMakeFiles/demo_game.dir/mnt/c/pico-sdk/src/common/hardware_claim/claim.c.o
 .debug_rnglists
                0x0000079e       0x67 CMakeFiles/demo_game.dir/mnt/c/pico-sdk/src/rp2_common/hardware_sync/sync.c.o
 .debug_rnglists
                0x00000805       0x43 CMakeFiles/demo_game.dir/mnt/c/pico-sdk/src/rp2_common/hardware_sync_spin_lock/sync_spin_lock.c.o
 .debug_rnglists
                0x00000848      0x3ea CMakeFiles/demo_game.dir/mnt/c/pico-sdk/src/rp2_common/hardware_irq/irq.c.o
 .debug_rnglists
                0x00000c32       0x13 CMakeFiles/demo_game.dir/mnt/c/pico-sdk/src/common/pico_sync/lock_core.c.o
 .debug_rnglists
                0x00000c45      0x2c1 CMakeFiles/demo_game.dir/mnt/c/pico-sdk/src/common/pico_sync/mutex.c.o
 .debug_rnglists
                0x00000f06      0x7ab CMakeFiles/demo_game.dir/mnt/c/pico-sdk/src/common/pico_time/time.c.o
 .debug_rnglists
                0x000016b1      0x499 CMakeFiles/demo_game.dir/mnt/c/pico-sdk/src/rp2_common/hardware_timer/timer.c.o
 .debug_rnglists
                0x00001b4a      0x600 CMakeFiles/demo_game.dir/mnt/c/pico-sdk/src/rp2_common/hardware_clocks/clocks.c.o
 .debug_rnglists
                0x0000214a       0x59 CMakeFiles/demo_game.dir/mnt/c/pico-sdk/src/rp2_common/hardware_pll/pll.c.o
 .debug_rnglists
                0x000021a3       0x2b CMakeFiles/demo_game.dir/mnt/c/pico-sdk/src/rp2_common/hardware_ticks/ticks.c.o
 .debug_rnglists
                0x000021ce      0x116 CMakeFiles/demo_game.dir/mnt/c/pico-sdk/src/rp2_common/pico_bootrom/bootrom.c.o
 .debug_rnglists
                0x000022e4       0x13 CMakeFiles/demo_game.dir/mnt/c/pico-sdk/src/rp2_common/pico_bootrom/bootrom_lock.c.o
 .debug_rnglists
                0x000022f7       0x4f CMakeFiles/demo_game.dir/mnt/c/pico-sdk/src/rp2_common/hardware_boot_lock/boot_lock.c.o
 .debug_rnglists
                0x00002346       0x2b CMakeFiles/demo_game.dir/mnt/c/pico-sdk/src/rp2_common/hardware_xosc/xosc.c.o
 .debug_rnglists
                0x00002371       0x3d CMakeFiles/demo_game.dir/mnt/c/pico-sdk/src/rp2_common/pico_runtime/runtime.c.o
 .debug_rnglists
                0x000023ae       0x64 CMakeFiles/demo_game.dir/mnt/c/pico-sdk/src/rp2_common/pico_runtime_init/runtime_init.c.o
 .debug_rnglists
                0x00002412       0x2c CMakeFiles/demo_game.dir/mnt/c/pico-sdk/src/rp2_common/pico_runtime_init/runtime_init_clocks.c.o
 .debug_rnglists
                0x0000243e      0x2bf CMakeFiles/demo_game.dir/mnt/c/pico-sdk/src/rp2_common/pico_printf/printf.c.o
 .debug_rnglists
                0x000026fd       0x1b CMakeFiles/demo_game.dir/mnt/c/pico-sdk/src/rp2_common/pico_crt0/crt0.S.o
 .debug_rnglists
                0x00002718       0xb5 CMakeFiles/demo_game.dir/mnt/c/pico-sdk/src/rp2_common/pico_clib_interface/newlib_interface.c.o
 .debug_rnglists
                0x000027cd      0x2f8 CMakeFiles/demo_game.dir/mnt/c/pico-sdk/src/rp2_common/pico_stdio/stdio.c.o
 .debug_rnglists
                0x00002ac5       0x13 /usr/lib/gcc/arm-none-eabi/13.2.1/../../../arm-none-eabi/lib/thumb/v8-m.main+fp/softfp/libg.a(libc_a-strlen-stub.o)

.debug_line     0x00000000    0x11950
 .debug_line    0x00000000      0x3df CMakeFiles/demo_game.dir/demo_game.c.o
 .debug_line    0x000003df     0x1aa9 CMakeFiles/demo_game.dir/mnt/c/pico-sdk/src/rp2_common/hardware_gpio/gpio.c.o
 .debug_line    0x00001e88      0x1c6 CMakeFiles/demo_game.dir/mnt/c/pico-sdk/src/rp2_common/pico_platform_panic/panic.c.o
 .debug_line    0x0000204e      0x75e CMakeFiles/demo_game.dir/mnt/c/pico-sdk/src/common/hardware_claim/claim.c.o
 .debug_line    0x000027ac      0x33b CMakeFiles/demo_game.dir/mnt/c/pico-sdk/src/rp2_common/hardware_sync/sync.c.o
 .debug_line    0x00002ae7      0x2c8 CMakeFiles/demo_game.dir/mnt/c/pico-sdk/src/rp2_common/hardware_sync_spin_lock/sync_spin_lock.c.o
 .debug_line    0x00002daf     0x163a CMakeFiles/demo_game.dir/mnt/c/pico-sdk/src/rp2_common/hardware_irq/irq.c.o
 .debug_line    0x000043e9      0x1a7 CMakeFiles/demo_game.dir/mnt/c/pico-sdk/src/common/pico_sync/lock_core.c.o
 .debug_line    0x00004590     0x114b CMakeFiles/demo_game.dir/mnt/c/pico-sdk/src/common/pico_sync/mutex.c.o
 .debug_line    0x000056db     0x2c5e CMakeFiles/demo_game.dir/mnt/c/pico-sdk/src/common/pico_time/time.c.o
 .debug_line    0x00008339     0x1cbb CMakeFiles/demo_game.dir/mnt/c/pico-sdk/src/rp2_common/hardware_timer/timer.c.o
 .debug_line    0x00009ff4     0x1d41 CMakeFiles/demo_game.dir/mnt/c/pico-sdk/src/rp2_common/hardware_clocks/clocks.c.o
 .debug_line    0x0000bd35      0x3e9 CMakeFiles/demo_game.dir/mnt/c/pico-sdk/src/rp2_common/hardware_pll/pll.c.o
 .debug_line    0x0000c11e      0x25e CMakeFiles/demo_game.dir/mnt/c/pico-sdk/src/rp2_common/hardware_ticks/ticks.c.o
 .debug_line    0x0000c37c      0x9f1 CMakeFiles/demo_game.dir/mnt/c/pico-sdk/src/rp2_common/pico_bootrom/bootrom.c.o
 .debug_line    0x0000cd6d      0x2bd CMakeFiles/demo_game.dir/mnt/c/pico-sdk/src/rp2_common/pico_bootrom/bootrom_lock.c.o
 .debug_line    0x0000d02a      0x34b CMakeFiles/demo_game.dir/mnt/c/pico-sdk/src/rp2_common/hardware_boot_lock/boot_lock.c.o
 .debug_line    0x0000d375      0x292 CMakeFiles/demo_game.dir/mnt/c/pico-sdk/src/rp2_common/hardware_xosc/xosc.c.o
 .debug_line    0x0000d607      0x250 CMakeFiles/demo_game.dir/mnt/c/pico-sdk/src/rp2_common/pico_runtime/runtime.c.o
 .debug_line    0x0000d857      0x467 CMakeFiles/demo_game.dir/mnt/c/pico-sdk/src/rp2_common/pico_runtime_init/runtime_init.c.o
 .debug_line    0x0000dcbe      0x457 CMakeFiles/demo_game.dir/mnt/c/pico-sdk/src/rp2_common/pico_runtime_init/runtime_init_clocks.c.o
 .debug_line    0x0000e115      0x13f CMakeFiles/demo_game.dir/mnt/c/pico-sdk/src/rp2_common/pico_standard_binary_info/standard_binary_info.c.o
 .debug_line    0x0000e254     0x1924 CMakeFiles/demo_game.dir/mnt/c/pico-sdk/src/rp2_common/pico_printf/printf.c.o
 .debug_line    0x0000fb78       0xa5 CMakeFiles/demo_game.dir/mnt/c/pico-sdk/src/rp2_common/pico_crt0/crt0.S.o
 .debug_line    0x0000fc1d      0x748 CMakeFiles/demo_game.dir/mnt/c/pico-sdk/src/rp2_common/pico_clib_interface/newlib_interface.c.o
 .debug_line    0x00010365     0x1341 CMakeFiles/demo_game.dir/mnt/c/pico-sdk/src/rp2_common/pico_stdio/stdio.c.o
 .debug_line    0x000116a6      0x1b6 /usr/lib/gcc/arm-none-eabi/13.2.1/../../../arm-none-eabi/lib/thumb/v8-m.main+fp/softfp/libg.a(libc_a-memset.o)
 .debug_line    0x0001185c       0xf4 /usr/lib/gcc/arm-none-eabi/13.2.1/../../../arm-none-eabi/lib/thumb/v8-m.main+fp/softfp/libg.a(libc_a-strlen-stub.o)

.debug_str      0x00000000     0x4ece
 .debug_str     0x00000000     0x4ece CMakeFiles/demo_game.dir/demo_game.c.o
                                0x9d2 (size before relaxing)
 .debug_str     0x00004ece      0xd1b CMakeFiles/demo_game.dir/mnt/c/pico-sdk/src/rp2_common/hardware_gpio/gpio.c.o
 .debug_str     0x00004ece      0x220 CMakeFiles/demo_game.dir/mnt/c/pico-sdk/src/rp2_common/pico_platform_panic/panic.c.o
 .debug_str     0x00004ece      0x37d CMakeFiles/demo_game.dir/mnt/c/pico-sdk/src/common/hardware_claim/claim.c.o
 .debug_str     0x00004ece      0x328 CMakeFiles/demo_game.dir/mnt/c/pico-sdk/src/rp2_common/hardware_sync/sync.c.o
 .debug_str     0x00004ece      0xbc9 CMakeFiles/demo_game.dir/mnt/c/pico-sdk/src/rp2_common/hardware_sync_spin_lock/sync_spin_lock.c.o
 .debug_str     0x00004ece      0xc2a CMakeFiles/demo_game.dir/mnt/c/pico-sdk/src/rp2_common/hardware_irq/irq.c.o
 .debug_str     0x00004ece      0x225 CMakeFiles/demo_game.dir/mnt/c/pico-sdk/src/common/pico_sync/lock_core.c.o
 .debug_str     0x00004ece      0x8c4 CMakeFiles/demo_game.dir/mnt/c/pico-sdk/src/common/pico_sync/mutex.c.o
 .debug_str     0x00004ece     0x12d7 CMakeFiles/demo_game.dir/mnt/c/pico-sdk/src/common/pico_time/time.c.o
 .debug_str     0x00004ece      0xb87 CMakeFiles/demo_game.dir/mnt/c/pico-sdk/src/rp2_common/hardware_timer/timer.c.o
 .debug_str     0x00004ece      0xb75 CMakeFiles/demo_game.dir/mnt/c/pico-sdk/src/rp2_common/hardware_clocks/clocks.c.o
 .debug_str     0x00004ece      0x49f CMakeFiles/demo_game.dir/mnt/c/pico-sdk/src/rp2_common/hardware_pll/pll.c.o
 .debug_str     0x00004ece      0x2cc CMakeFiles/demo_game.dir/mnt/c/pico-sdk/src/rp2_common/hardware_ticks/ticks.c.o
 .debug_str     0x00004ece      0x951 CMakeFiles/demo_game.dir/mnt/c/pico-sdk/src/rp2_common/pico_bootrom/bootrom.c.o
 .debug_str     0x00004ece      0x2b4 CMakeFiles/demo_game.dir/mnt/c/pico-sdk/src/rp2_common/pico_bootrom/bootrom_lock.c.o
 .debug_str     0x00004ece      0x292 CMakeFiles/demo_game.dir/mnt/c/pico-sdk/src/rp2_common/hardware_boot_lock/boot_lock.c.o
 .debug_str     0x00004ece      0x245 CMakeFiles/demo_game.dir/mnt/c/pico-sdk/src/rp2_common/hardware_xosc/xosc.c.o
 .debug_str     0x00004ece      0x2a6 CMakeFiles/demo_game.dir/mnt/c/pico-sdk/src/rp2_common/pico_runtime/runtime.c.o
 .debug_str     0x00004ece     0x110f CMakeFiles/demo_game.dir/mnt/c/pico-sdk/src/rp2_common/pico_runtime_init/runtime_init.c.o
 .debug_str     0x00004ece      0x4e7 CMakeFiles/demo_game.dir/mnt/c/pico-sdk/src/rp2_common/pico_runtime_init/runtime_init_clocks.c.o
 .debug_str     0x00004ece      0x346 CMakeFiles/demo_game.dir/mnt/c/pico-sdk/src/rp2_common/pico_standard_binary_info/standard_binary_info.c.o
 .debug_str     0x00004ece      0x4a2 CMakeFiles/demo_game.dir/mnt/c/pico-sdk/src/rp2_common/pico_printf/printf.c.o
 .debug_str     0x00004ece       0x8b CMakeFiles/demo_game.dir/mnt/c/pico-sdk/src/rp2_common/pico_crt0/crt0.S.o
 .debug_str     0x00004ece      0x8b1 CMakeFiles/demo_game.dir/mnt/c/pico-sdk/src/rp2_common/pico_clib_interface/newlib_interface.c.o
 .debug_str     0x00004ece      0xf9d CMakeFiles/demo_game.dir/mnt/c/pico-sdk/src/rp2_common/pico_stdio/stdio.c.o
 .debug_str     0x00004ece      0x1b6 /usr/lib/gcc/arm-none-eabi/13.2.1/../../../arm-none-eabi/lib/thumb/v8-m.main+fp/softfp/libg.a(libc_a-memset.o)
 .debug_str     0x00004ece      0x1ac /usr/lib/gcc/arm-none-eabi/13.2.1/../../../arm-none-eabi/lib/thumb/v8-m.main+fp/softfp/libg.a(libc_a-strlen-stub.o)

.comment        0x00000000       0x26
 .comment       0x00000000       0x26 CMakeFiles/demo_game.dir/demo_game.c.o
                                 0x27 (size before relaxing)
 .comment       0x00000026       0x27 CMakeFiles/demo_game.dir/mnt/c/pico-sdk/src/rp2_common/hardware_gpio/gpio.c.o
 .comment       0x00000026       0x27 CMakeFiles/demo_game.dir/mnt/c/pico-sdk/src/rp2_common/pico_platform_panic/panic.c.o
 .comment       0x00000026       0x27 CMakeFiles/demo_game.dir/mnt/c/pico-sdk/src/common/hardware_claim/claim.c.o
 .comment       0x00000026       0x27 CMakeFiles/demo_game.dir/mnt/c/pico-sdk/src/rp2_common/hardware_sync/sync.c.o
 .comment       0x00000026       0x27 CMakeFiles/demo_game.dir/mnt/c/pico-sdk/src/rp2_common/hardware_sync_spin_lock/sync_spin_lock.c.o
 .comment       0x00000026       0x27 CMakeFiles/demo_game.dir/mnt/c/pico-sdk/src/rp2_common/hardware_irq/irq.c.o
 .comment       0x00000026       0x27 CMakeFiles/demo_game.dir/mnt/c/pico-sdk/src/common/pico_sync/lock_core.c.o
 .comment       0x00000026       0x27 CMakeFiles/demo_game.dir/mnt/c/pico-sdk/src/common/pico_sync/mutex.c.o
 .comment       0x00000026       0x27 CMakeFiles/demo_game.dir/mnt/c/pico-sdk/src/common/pico_time/time.c.o
 .comment       0x00000026       0x27 CMakeFiles/demo_game.dir/mnt/c/pico-sdk/src/rp2_common/hardware_timer/timer.c.o
 .comment       0x00000026       0x27 CMakeFiles/demo_game.dir/mnt/c/pico-sdk/src/rp2_common/hardware_clocks/clocks.c.o
 .comment       0x00000026       0x27 CMakeFiles/demo_game.dir/mnt/c/pico-sdk/src/rp2_common/hardware_pll/pll.c.o
 .comment       0x00000026       0x27 CMakeFiles/demo_game.dir/mnt/c/pico-sdk/src/rp2_common/hardware_ticks/ticks.c.o
 .comment       0x00000026       0x27 CMakeFiles/demo_game.dir/mnt/c/pico-sdk/src/rp2_common/pico_bootrom/bootrom.c.o
 .comment       0x00000026       0x27 CMakeFiles/demo_game.dir/mnt/c/pico-sdk/src/rp2_common/pico_bootrom/bootrom_lock.c.o
 .comment       0x00000026       0x27 CMakeFiles/demo_game.dir/mnt/c/pico-sdk/src/rp2_common/hardware_boot_lock/boot_lock.c.o
 .comment       0x00000026       0x27 CMakeFiles/demo_game.dir/mnt/c/pico-sdk/src/rp2_common/hardware_xosc/xosc.c.o
 .comment       0x00000026       0x27 CMakeFiles/demo_game.dir/mnt/c/pico-sdk/src/rp2_common/pico_runtime/runtime.c.o
 .comment       0x00000026       0x27 CMakeFiles/demo_game.dir/mnt/c/pico-sdk/src/rp2_common/pico_runtime_init/runtime_init.c.o
 .comment       0x00000026       0x27 CMakeFiles/demo_game.dir/mnt/c/pico-sdk/src/rp2_common/pico_runtime_init/runtime_init_clocks.c.o
 .comment       0x00000026       0x27 CMakeFiles/demo_game.dir/mnt/c/pico-sdk/src/rp2_common/pico_standard_binary_info/standard_binary_info.c.o
 .comment       0x00000026       0x27 CMakeFiles/demo_game.dir/mnt/c/pico-sdk/src/rp2_common/pico_printf/printf.c.o
 .comment       0x00000026       0x27 CMakeFiles/demo_game.dir/mnt/c/pico-sdk/src/rp2_common/pico_clib_interface/newlib_interface.c.o
 .comment       0x00000026       0x27 CMakeFiles/demo_game.dir/mnt/c/pico-sdk/src/rp2_common/pico_stdio/stdio.c.o
 .comment       0x00000026       0x27 /usr/lib/gcc/arm-none-eabi/13.2.1/../../../arm-none-eabi/lib/thumb/v8-m.main+fp/softfp/libg.a(libc_a-memset.o)
 .comment       0x00000026       0x27 /usr/lib/gcc/arm-none-eabi/13.2.1/../../../arm-none-eabi/lib/thumb/v8-m.main+fp/softfp/libg.a(libc_a-strlen-stub.o)

.ARM.attributes
                0x00000000       0x36
 .ARM.attributes
                0x00000000       0x38 CMakeFiles/demo_game.dir/demo_game.c.o
 .ARM.attributes
                0x00000038       0x38 CMakeFiles/demo_game.dir/mnt/c/pico-sdk/src/rp2_common/hardware_gpio/gpio.c.o
 .ARM.attributes
                0x00000070       0x38 CMakeFiles/demo_game.dir/mnt/c/pico-sdk/src/rp2_common/pico_platform_panic/panic.c.o
 .ARM.attributes
                0x000000a8       0x38 CMakeFiles/demo_game.dir/mnt/c/pico-sdk/src/common/hardware_claim/claim.c.o
 .ARM.attributes
                0x000000e0       0x38 CMakeFiles/demo_game.dir/mnt/c/pico-sdk/src/rp2_common/hardware_sync/sync.c.o
 .ARM.attributes
                0x00000118       0x38 CMakeFiles/demo_game.dir/mnt/c/pico-sdk/src/rp2_common/hardware_sync_spin_lock/sync_spin_lock.c.o
 .ARM.attributes
                0x00000150       0x38 CMakeFiles/demo_game.dir/mnt/c/pico-sdk/src/rp2_common/hardware_irq/irq.c.o
 .ARM.attributes
                0x00000188       0x28 CMakeFiles/demo_game.dir/mnt/c/pico-sdk/src/rp2_common/hardware_irq/irq_handler_chain.S.o
 .ARM.attributes
                0x000001b0       0x38 CMakeFiles/demo_game.dir/mnt/c/pico-sdk/src/common/pico_sync/lock_core.c.o
 .ARM.attributes
                0x000001e8       0x38 CMakeFiles/demo_game.dir/mnt/c/pico-sdk/src/common/pico_sync/mutex.c.o
 .ARM.attributes
                0x00000220       0x38 CMakeFiles/demo_game.dir/mnt/c/pico-sdk/src/common/pico_time/time.c.o
 .ARM.attributes
                0x00000258       0x38 CMakeFiles/demo_game.dir/mnt/c/pico-sdk/src/rp2_common/hardware_timer/timer.c.o
 .ARM.attributes
                0x00000290       0x38 CMakeFiles/demo_game.dir/mnt/c/pico-sdk/src/rp2_common/hardware_clocks/clocks.c.o
 .ARM.attributes
                0x000002c8       0x38 CMakeFiles/demo_game.dir/mnt/c/pico-sdk/src/rp2_common/hardware_pll/pll.c.o
 .ARM.attributes
                0x00000300       0x38 CMakeFiles/demo_game.dir/mnt/c/pico-sdk/src/rp2_common/hardware_ticks/ticks.c.o
 .ARM.attributes
                0x00000338       0x38 CMakeFiles/demo_game.dir/mnt/c/pico-sdk/src/rp2_common/pico_bootrom/bootrom.c.o
 .ARM.attributes
                0x00000370       0x38 CMakeFiles/demo_game.dir/mnt/c/pico-sdk/src/rp2_common/pico_bootrom/bootrom_lock.c.o
 .ARM.attributes
                0x000003a8       0x38 CMakeFiles/demo_game.dir/mnt/c/pico-sdk/src/rp2_common/hardware_boot_lock/boot_lock.c.o
 .ARM.attributes
                0x000003e0       0x38 CMakeFiles/demo_game.dir/mnt/c/pico-sdk/src/rp2_common/hardware_xosc/xosc.c.o
 .ARM.attributes
                0x00000418       0x38 CMakeFiles/demo_game.dir/mnt/c/pico-sdk/src/rp2_common/pico_runtime/runtime.c.o
 .ARM.attributes
                0x00000450       0x38 CMakeFiles/demo_game.dir/mnt/c/pico-sdk/src/rp2_common/pico_runtime_init/runtime_init.c.o
 .ARM.attributes
                0x00000488       0x38 CMakeFiles/demo_game.dir/mnt/c/pico-sdk/src/rp2_common/pico_runtime_init/runtime_init_clocks.c.o
 .ARM.attributes
                0x000004c0       0x38 CMakeFiles/demo_game.dir/mnt/c/pico-sdk/src/rp2_common/pico_standard_binary_info/standard_binary_info.c.o
 .ARM.attributes
                0x000004f8       0x38 CMakeFiles/demo_game.dir/mnt/c/pico-sdk/src/rp2_common/pico_printf/printf.c.o
 .ARM.attributes
                0x00000530       0x28 CMakeFiles/demo_game.dir/mnt/c/pico-sdk/src/rp2_common/pico_crt0/crt0.S.o
 .ARM.attributes
                0x00000558       0x38 CMakeFiles/demo_game.dir/mnt/c/pico-sdk/src/rp2_common/pico_clib_interface/newlib_interface.c.o
 .ARM.attributes
                0x00000590       0x38 CMakeFiles/demo_game.dir/mnt/c/pico-sdk/src/rp2_common/pico_stdio/stdio.c.o
 .ARM.attributes
                0x000005c8       0x36 /usr/lib/gcc/arm-none-eabi/13.2.1/../../../arm-none-eabi/lib/thumb/v8-m.main+fp/softfp/libg.a(libc_a-memset.o)
 .ARM.attributes
                0x000005fe       0x36 /usr/lib/gcc/arm-none-eabi/13.2.1/../../../arm-none-eabi/lib/thumb/v8-m.main+fp/softfp/libg.a(libc_a-strlen-stub.o)

.debug_frame    0x00000000     0x1c98
 .debug_frame   0x00000000       0x60 CMakeFiles/demo_game.dir/demo_game.c.o
 .debug_frame   0x00000060      0x38c CMakeFiles/demo_game.dir/mnt/c/pico-sdk/src/rp2_common/hardware_gpio/gpio.c.o
 .debug_frame   0x000003ec       0x4c CMakeFiles/demo_game.dir/mnt/c/pico-sdk/src/rp2_common/pico_platform_panic/panic.c.o
 .debug_frame   0x00000438       0x94 CMakeFiles/demo_game.dir/mnt/c/pico-sdk/src/common/hardware_claim/claim.c.o
 .debug_frame   0x000004cc       0x98 CMakeFiles/demo_game.dir/mnt/c/pico-sdk/src/rp2_common/hardware_sync/sync.c.o
 .debug_frame   0x00000564       0x40 CMakeFiles/demo_game.dir/mnt/c/pico-sdk/src/rp2_common/hardware_sync_spin_lock/sync_spin_lock.c.o
 .debug_frame   0x000005a4      0x1cc CMakeFiles/demo_game.dir/mnt/c/pico-sdk/src/rp2_common/hardware_irq/irq.c.o
 .debug_frame   0x00000770       0x20 CMakeFiles/demo_game.dir/mnt/c/pico-sdk/src/common/pico_sync/lock_core.c.o
 .debug_frame   0x00000790      0x1d0 CMakeFiles/demo_game.dir/mnt/c/pico-sdk/src/common/pico_sync/mutex.c.o
 .debug_frame   0x00000960      0x358 CMakeFiles/demo_game.dir/mnt/c/pico-sdk/src/common/pico_time/time.c.o
 .debug_frame   0x00000cb8      0x2d4 CMakeFiles/demo_game.dir/mnt/c/pico-sdk/src/rp2_common/hardware_timer/timer.c.o
 .debug_frame   0x00000f8c      0x1f0 CMakeFiles/demo_game.dir/mnt/c/pico-sdk/src/rp2_common/hardware_clocks/clocks.c.o
 .debug_frame   0x0000117c       0x44 CMakeFiles/demo_game.dir/mnt/c/pico-sdk/src/rp2_common/hardware_pll/pll.c.o
 .debug_frame   0x000011c0       0x40 CMakeFiles/demo_game.dir/mnt/c/pico-sdk/src/rp2_common/hardware_ticks/ticks.c.o
 .debug_frame   0x00001200      0x12c CMakeFiles/demo_game.dir/mnt/c/pico-sdk/src/rp2_common/pico_bootrom/bootrom.c.o
 .debug_frame   0x0000132c       0x20 CMakeFiles/demo_game.dir/mnt/c/pico-sdk/src/rp2_common/pico_bootrom/bootrom_lock.c.o
 .debug_frame   0x0000134c       0x40 CMakeFiles/demo_game.dir/mnt/c/pico-sdk/src/rp2_common/hardware_boot_lock/boot_lock.c.o
 .debug_frame   0x0000138c       0x4c CMakeFiles/demo_game.dir/mnt/c/pico-sdk/src/rp2_common/hardware_xosc/xosc.c.o
 .debug_frame   0x000013d8       0x70 CMakeFiles/demo_game.dir/mnt/c/pico-sdk/src/rp2_common/pico_runtime/runtime.c.o
 .debug_frame   0x00001448       0x88 CMakeFiles/demo_game.dir/mnt/c/pico-sdk/src/rp2_common/pico_runtime_init/runtime_init.c.o
 .debug_frame   0x000014d0       0x34 CMakeFiles/demo_game.dir/mnt/c/pico-sdk/src/rp2_common/pico_runtime_init/runtime_init_clocks.c.o
 .debug_frame   0x00001504      0x2d4 CMakeFiles/demo_game.dir/mnt/c/pico-sdk/src/rp2_common/pico_printf/printf.c.o
 .debug_frame   0x000017d8      0x190 CMakeFiles/demo_game.dir/mnt/c/pico-sdk/src/rp2_common/pico_clib_interface/newlib_interface.c.o
 .debug_frame   0x00001968      0x2e4 CMakeFiles/demo_game.dir/mnt/c/pico-sdk/src/rp2_common/pico_stdio/stdio.c.o
 .debug_frame   0x00001c4c       0x2c /usr/lib/gcc/arm-none-eabi/13.2.1/../../../arm-none-eabi/lib/thumb/v8-m.main+fp/softfp/libg.a(libc_a-memset.o)
 .debug_frame   0x00001c78       0x20 /usr/lib/gcc/arm-none-eabi/13.2.1/../../../arm-none-eabi/lib/thumb/v8-m.main+fp/softfp/libg.a(libc_a-strlen-stub.o)

.debug_line_str
                0x00000000       0x7f
 .debug_line_str
                0x00000000       0x7f CMakeFiles/demo_game.dir/mnt/c/pico-sdk/src/rp2_common/pico_crt0/crt0.S.o
