Archive member included to satisfy reference by file (symbol)

/usr/lib/gcc/arm-none-eabi/13.2.1/../../../arm-none-eabi/lib/thumb/v8-m.main+fp/softfp/libm.a(libm_a-wf_sqrt.o)
                              CMakeFiles/loader.dir/mnt/c/pico-sdk/src/rp2_common/pico_float/float_math.c.o (sqrtf)
/usr/lib/gcc/arm-none-eabi/13.2.1/../../../arm-none-eabi/lib/thumb/v8-m.main+fp/softfp/libm.a(libm_a-ef_sqrt.o)
                              /usr/lib/gcc/arm-none-eabi/13.2.1/../../../arm-none-eabi/lib/thumb/v8-m.main+fp/softfp/libm.a(libm_a-wf_sqrt.o) (__ieee754_sqrtf)
/usr/lib/gcc/arm-none-eabi/13.2.1/thumb/v8-m.main+fp/softfp/libgcc.a(_arm_addsubdf3.o)
                              CMakeFiles/loader.dir/mnt/c/pico-sdk/src/rp2_common/pico_float/float_math.c.o (__aeabi_f2d)
/usr/lib/gcc/arm-none-eabi/13.2.1/thumb/v8-m.main+fp/softfp/libgcc.a(_aeabi_ldivmod.o)
                              CMakeFiles/loader.dir/mnt/c/pico-sdk/src/common/pico_time/time.c.o (__aeabi_ldivmod)
/usr/lib/gcc/arm-none-eabi/13.2.1/thumb/v8-m.main+fp/softfp/libgcc.a(_aeabi_uldivmod.o)
                              CMakeFiles/loader.dir/mnt/c/pico-sdk/src/rp2_common/hardware_clocks/clocks.c.o (__aeabi_uldivmod)
/usr/lib/gcc/arm-none-eabi/13.2.1/thumb/v8-m.main+fp/softfp/libgcc.a(_udivmoddi4.o)
                              /usr/lib/gcc/arm-none-eabi/13.2.1/thumb/v8-m.main+fp/softfp/libgcc.a(_aeabi_ldivmod.o) (__udivmoddi4)
/usr/lib/gcc/arm-none-eabi/13.2.1/thumb/v8-m.main+fp/softfp/libgcc.a(_dvmd_tls.o)
                              /usr/lib/gcc/arm-none-eabi/13.2.1/thumb/v8-m.main+fp/softfp/libgcc.a(_aeabi_ldivmod.o) (__aeabi_ldiv0)
/usr/lib/gcc/arm-none-eabi/13.2.1/../../../arm-none-eabi/lib/thumb/v8-m.main+fp/softfp/libg.a(libc_a-memset.o)
                              /usr/lib/gcc/arm-none-eabi/13.2.1/../../../arm-none-eabi/lib/thumb/v8-m.main+fp/softfp/crt0.o (memset)
/usr/lib/gcc/arm-none-eabi/13.2.1/../../../arm-none-eabi/lib/thumb/v8-m.main+fp/softfp/libg.a(libc_a-calloc.o)
                              CMakeFiles/loader.dir/mnt/c/pico-sdk/src/rp2_common/pico_malloc/malloc.c.o (calloc)
/usr/lib/gcc/arm-none-eabi/13.2.1/../../../arm-none-eabi/lib/thumb/v8-m.main+fp/softfp/libg.a(libc_a-errno.o)
                              /usr/lib/gcc/arm-none-eabi/13.2.1/../../../arm-none-eabi/lib/thumb/v8-m.main+fp/softfp/libm.a(libm_a-wf_sqrt.o) (__errno)
/usr/lib/gcc/arm-none-eabi/13.2.1/../../../arm-none-eabi/lib/thumb/v8-m.main+fp/softfp/libg.a(libc_a-impure.o)
                              /usr/lib/gcc/arm-none-eabi/13.2.1/../../../arm-none-eabi/lib/thumb/v8-m.main+fp/softfp/libg.a(libc_a-calloc.o) (_impure_ptr)
/usr/lib/gcc/arm-none-eabi/13.2.1/../../../arm-none-eabi/lib/thumb/v8-m.main+fp/softfp/libg.a(libc_a-callocr.o)
                              /usr/lib/gcc/arm-none-eabi/13.2.1/../../../arm-none-eabi/lib/thumb/v8-m.main+fp/softfp/libg.a(libc_a-calloc.o) (_calloc_r)
/usr/lib/gcc/arm-none-eabi/13.2.1/../../../arm-none-eabi/lib/thumb/v8-m.main+fp/softfp/libg.a(libc_a-realloc.o)
                              CMakeFiles/loader.dir/mnt/c/pico-sdk/src/rp2_common/pico_malloc/malloc.c.o (realloc)
/usr/lib/gcc/arm-none-eabi/13.2.1/../../../arm-none-eabi/lib/thumb/v8-m.main+fp/softfp/libg.a(libc_a-mallocr.o)
                              /usr/lib/gcc/arm-none-eabi/13.2.1/../../../arm-none-eabi/lib/thumb/v8-m.main+fp/softfp/libg.a(libc_a-callocr.o) (_malloc_r)
/usr/lib/gcc/arm-none-eabi/13.2.1/../../../arm-none-eabi/lib/thumb/v8-m.main+fp/softfp/libg.a(libc_a-freer.o)
                              /usr/lib/gcc/arm-none-eabi/13.2.1/../../../arm-none-eabi/lib/thumb/v8-m.main+fp/softfp/libg.a(libc_a-mallocr.o) (_free_r)
/usr/lib/gcc/arm-none-eabi/13.2.1/../../../arm-none-eabi/lib/thumb/v8-m.main+fp/softfp/libg.a(libc_a-memcmp.o)
                              CMakeFiles/loader.dir/mnt/c/pico-sdk/src/rp2_common/pico_atomic/atomic.c.o (memcmp)
/usr/lib/gcc/arm-none-eabi/13.2.1/../../../arm-none-eabi/lib/thumb/v8-m.main+fp/softfp/libg.a(libc_a-malloc.o)
                              CMakeFiles/loader.dir/mnt/c/pico-sdk/src/rp2_common/pico_malloc/malloc.c.o (malloc)
/usr/lib/gcc/arm-none-eabi/13.2.1/../../../arm-none-eabi/lib/thumb/v8-m.main+fp/softfp/libg.a(libc_a-memcpy.o)
                              CMakeFiles/loader.dir/main.c.o (memcpy)
/usr/lib/gcc/arm-none-eabi/13.2.1/../../../arm-none-eabi/lib/thumb/v8-m.main+fp/softfp/libg.a(libc_a-sysconf.o)
                              /usr/lib/gcc/arm-none-eabi/13.2.1/../../../arm-none-eabi/lib/thumb/v8-m.main+fp/softfp/libg.a(libc_a-mallocr.o) (sysconf)
/usr/lib/gcc/arm-none-eabi/13.2.1/../../../arm-none-eabi/lib/thumb/v8-m.main+fp/softfp/libg.a(libc_a-init.o)
                              /usr/lib/gcc/arm-none-eabi/13.2.1/../../../arm-none-eabi/lib/thumb/v8-m.main+fp/softfp/crt0.o (__libc_init_array)
/usr/lib/gcc/arm-none-eabi/13.2.1/../../../arm-none-eabi/lib/thumb/v8-m.main+fp/softfp/libg.a(libc_a-reallocr.o)
[...]
Memory Configuration

Name             Origin             Length             Attributes
FLASH            0x10000000         0x00400000         xr
RAM              0x20000000         0x00080000         xrw
SCRATCH_X        0x20080000         0x00001000         xrw
SCRATCH_Y        0x20081000         0x00001000         xrw
*default*        0x00000000         0xffffffff

Linker script and memory map

LOAD /usr/lib/gcc/arm-none-eabi/13.2.1/thumb/v8-m.main+fp/softfp/crti.o
LOAD /usr/lib/gcc/arm-none-eabi/13.2.1/thumb/v8-m.main+fp/softfp/crtbegin.o
LOAD /usr/lib/gcc/arm-none-eabi/13.2.1/../../../arm-none-eabi/lib/thumb/v8-m.main+fp/softfp/crt0.o

.flash_begin    0x10000000        0x0
                0x10000000                        __flash_binary_start = .

.text           0x10000000     0x3828
                0x10000000                        __logical_binary_start = .
 *(.vectors)
 .vectors       0x10000000      0x124 CMakeFiles/loader.dir/mnt/c/pico-sdk/src/rp2_common/pico_crt0/crt0.S.o
                0x10000000                __vectors
                0x10000000                __VECTOR_TABLE
                0x10000110                isr_securefault
                0x10000110                isr_irq30
                0x10000110                __unhandled_user_irq
                0x10000110                isr_irq49
                0x10000110                isr_irq13
                0x10000110                isr_irq43
                0x10000110                isr_irq45
                0x10000110                isr_irq27
                0x10000110                isr_irq32
                0x10000110                isr_irq31
                0x10000110                isr_irq5
                0x10000110                isr_irq11
                0x10000110                isr_irq23
                0x10000110                isr_usagefault
                0x10000110                isr_irq48
                0x10000110                isr_irq35
                0x10000110                isr_irq18
                0x10000110                isr_irq50
                0x10000110                isr_irq40
                0x10000110                isr_irq28
                0x10000110                isr_irq19
                0x10000110                isr_irq36
                0x10000110                isr_irq41
                0x10000110                isr_irq0
                0x10000110                isr_irq6
                0x10000110                isr_memmanage
                0x10000110                isr_irq37
                0x10000110                isr_irq42
                0x10000110                isr_irq22
                0x10000110                isr_irq17
                0x10000110                isr_irq38
                0x10000110                isr_irq14
                0x10000110                __vectors_end
                0x10000110                __default_isrs_start
                0x10000110                isr_irq2
                0x10000110                isr_irq10
                0x10000110                isr_irq8
                0x10000110                isr_debugmonitor
                0x10000110                isr_irq24
                0x10000110                isr_irq46
                0x10000110                isr_irq1
                0x10000110                isr_irq47
                0x10000110                isr_irq51
                0x10000110                isr_irq7
                0x10000110                isr_irq21
                0x10000110                isr_irq39
                0x10000110                isr_irq20
                0x10000110                isr_irq15
                0x10000110                isr_irq25
                0x10000110                isr_irq34
                0x10000110                isr_irq4
                0x10000110                isr_busfault
                0x10000110                isr_irq16
                0x10000110                isr_irq44
                0x10000110                isr_irq29
                0x10000110                isr_irq26
                0x10000110                isr_irq33
                0x10000110                isr_irq3
                0x10000110                isr_irq12
                0x10000110                isr_irq9
                0x10000116                unhandled_user_irq_num_in_r0
                0x10000118                isr_invalid
                0x1000011a                isr_nmi
                0x1000011c                isr_hardfault
                0x1000011e                isr_svcall
                0x10000120                isr_pendsv
                0x10000122                isr_systick
                0x10000124                __default_isrs_end
 *(.binary_info_header)
 .binary_info_header
                0x10000124       0x14 CMakeFiles/loader.dir/mnt/c/pico-sdk/src/rp2_common/pico_crt0/crt0.S.o
                0x10000138                        __binary_info_header_end = .
 *(.embedded_block)
 .embedded_block
                0x10000138       0x14 CMakeFiles/loader.dir/mnt/c/pico-sdk/src/rp2_common/pico_crt0/crt0.S.o
                0x1000014c                        __embedded_block_end = .
 *(.reset)
 .reset         0x1000014c       0x98 CMakeFiles/loader.dir/mnt/c/pico-sdk/src/rp2_common/pico_crt0/crt0.S.o
                0x1000014c                _entry_point
 *(.init)
 .init          0x100001e4        0x4 /usr/lib/gcc/arm-none-eabi/13.2.1/thumb/v8-m.main+fp/softfp/crti.o
                0x100001e4                _init
 *libgcc.a:cmse_nonsecure_call.o()
 *(EXCLUDE_FILE(*libm.a: *libc.a:*lib_a-mem*.o *libgcc.a:) .text*)
 .text          0x100001e8       0x8c /usr/lib/gcc/arm-none-eabi/13.2.1/thumb/v8-m.main+fp/softfp/crtbegin.o
 .text.startup.main
                0x10000274      0x174 CMakeFiles/loader.dir/main.c.o
                0x10000274                main
 .text.gpio_set_function
                0x100003e8       0x3c CMakeFiles/loader.dir/mnt/c/pico-sdk/src/rp2_common/hardware_gpio/gpio.c.o
                0x100003e8                gpio_set_function
 .text.gpio_init
                0x10000424       0x48 CMakeFiles/loader.dir/mnt/c/pico-sdk/src/rp2_common/hardware_gpio/gpio.c.o
                0x10000424                gpio_init
 .text.panic    0x1000046c       0x30 CMakeFiles/loader.dir/mnt/c/pico-sdk/src/rp2_common/pico_platform_panic/panic.c.o
                0x1000046c                panic
 .text.hw_claim_or_assert
                0x1000049c       0x58 CMakeFiles/loader.dir/mnt/c/pico-sdk/src/common/hardware_claim/claim.c.o
                0x1000049c                hw_claim_or_assert
 .text.next_striped_spin_lock_num
                0x100004f4       0x18 CMakeFiles/loader.dir/mnt/c/pico-sdk/src/rp2_common/hardware_sync/sync.c.o
                0x100004f4                next_striped_spin_lock_num
 .text.spinlock_set_extexclall
                0x1000050c       0x10 CMakeFiles/loader.dir/mnt/c/pico-sdk/src/rp2_common/hardware_sync_spin_lock/sync_spin_lock.c.o
 .text.spin_locks_reset
                0x1000051c       0x18 CMakeFiles/loader.dir/mnt/c/pico-sdk/src/rp2_common/hardware_sync_spin_lock/sync_spin_lock.c.o
                0x1000051c                spin_locks_reset
 .text.runtime_init_per_core_irq_priorities
                0x10000534       0x40 CMakeFiles/loader.dir/mnt/c/pico-sdk/src/rp2_common/hardware_irq/irq.c.o
                0x10000534                runtime_init_per_core_irq_priorities
 .text.irq_set_enabled
                0x10000574       0x2c CMakeFiles/loader.dir/mnt/c/pico-sdk/src/rp2_common/hardware_irq/irq.c.o
                0x10000574                irq_set_enabled
 .text.irq_is_enabled
                0x100005a0       0x20 CMakeFiles/loader.dir/mnt/c/pico-sdk/src/rp2_common/hardware_irq/irq.c.o
                0x100005a0                irq_is_enabled
 .text.irq_set_exclusive_handler
                0x100005c0       0x60 CMakeFiles/loader.dir/mnt/c/pico-sdk/src/rp2_common/hardware_irq/irq.c.o
                0x100005c0                irq_set_exclusive_handler
 .text.irq_remove_handler
                0x10000620      0x1fc CMakeFiles/loader.dir/mnt/c/pico-sdk/src/rp2_common/hardware_irq/irq.c.o
                0x10000620                irq_remove_handler
 .text.irq_add_tail_to_free_list
                0x1000081c       0xbc CMakeFiles/loader.dir/mnt/c/pico-sdk/src/rp2_common/hardware_irq/irq.c.o
                0x1000081c                irq_add_tail_to_free_list
 .text.lock_init
                0x100008d8        0xc CMakeFiles/loader.dir/mnt/c/pico-sdk/src/common/pico_sync/lock_core.c.o
                0x100008d8                lock_init
 .text.runtime_init_mutex
                0x100008e4       0x4c CMakeFiles/loader.dir/mnt/c/pico-sdk/src/common/pico_sync/mutex.c.o
                0x100008e4                runtime_init_mutex
 .text.sleep_until_callback
                0x10000930       0x3c CMakeFiles/loader.dir/mnt/c/pico-sdk/src/common/pico_time/time.c.o
 *fill*         0x1000096c        0x4 
 .text.alarm_pool_irq_handler
                0x10000970      0x2f0 CMakeFiles/loader.dir/mnt/c/pico-sdk/src/common/pico_time/time.c.o
 .text.runtime_init_default_alarm_pool
                0x10000c60      0x100 CMakeFiles/loader.dir/mnt/c/pico-sdk/src/common/pico_time/time.c.o
                0x10000c60                runtime_init_default_alarm_pool
 .text.alarm_pool_add_alarm_at_force_in_context
                0x10000d60       0xc8 CMakeFiles/loader.dir/mnt/c/pico-sdk/src/common/pico_time/time.c.o
                0x10000d60                alarm_pool_add_alarm_at_force_in_context
 .text.alarm_pool_cancel_alarm
                0x10000e28       0x80 CMakeFiles/loader.dir/mnt/c/pico-sdk/src/common/pico_time/time.c.o
                0x10000e28                alarm_pool_cancel_alarm
 .text.sleep_until
                0x10000ea8       0xbc CMakeFiles/loader.dir/mnt/c/pico-sdk/src/common/pico_time/time.c.o
                0x10000ea8                sleep_until
 .text.sleep_ms
                0x10000f64       0x2c CMakeFiles/loader.dir/mnt/c/pico-sdk/src/common/pico_time/time.c.o
                0x10000f64                sleep_ms
 .text.best_effort_wfe_or_timeout
                0x10000f90       0xbc CMakeFiles/loader.dir/mnt/c/pico-sdk/src/common/pico_time/time.c.o
                0x10000f90                best_effort_wfe_or_timeout
 .text.timer_hardware_alarm_claim
                0x1000104c       0x24 CMakeFiles/loader.dir/mnt/c/pico-sdk/src/rp2_common/hardware_timer/timer.c.o
                0x1000104c                timer_hardware_alarm_claim
 .text.timer_time_us_64
                0x10001070       0x10 CMakeFiles/loader.dir/mnt/c/pico-sdk/src/rp2_common/hardware_timer/timer.c.o
                0x10001070                timer_time_us_64
 .text.time_us_64
                0x10001080       0x14 CMakeFiles/loader.dir/mnt/c/pico-sdk/src/rp2_common/hardware_timer/timer.c.o
                0x10001080                time_us_64
 .text.busy_wait_us
                0x10001094       0x64 CMakeFiles/loader.dir/mnt/c/pico-sdk/src/rp2_common/hardware_timer/timer.c.o
                0x10001094                busy_wait_us
 .text.busy_wait_until
                0x100010f8       0x24 CMakeFiles/loader.dir/mnt/c/pico-sdk/src/rp2_common/hardware_timer/timer.c.o
                0x100010f8                busy_wait_until
 .text.uart_init
                0x1000111c      0x104 CMakeFiles/loader.dir/mnt/c/pico-sdk/src/rp2_common/hardware_uart/uart.c.o
                0x1000111c                uart_init
 .text.clock_configure_undivided
                0x10001220       0xd0 CMakeFiles/loader.dir/mnt/c/pico-sdk/src/rp2_common/hardware_clocks/clocks.c.o
                0x10001220                clock_configure_undivided
 .text.clock_get_hz
                0x100012f0        0xc CMakeFiles/loader.dir/mnt/c/pico-sdk/src/rp2_common/hardware_clocks/clocks.c.o
                0x100012f0                clock_get_hz
 .text.pll_init
                0x100012fc       0x8c CMakeFiles/loader.dir/mnt/c/pico-sdk/src/rp2_common/hardware_pll/pll.c.o
                0x100012fc                pll_init
 .text.tick_start
                0x10001388       0x18 CMakeFiles/loader.dir/mnt/c/pico-sdk/src/rp2_common/hardware_ticks/ticks.c.o
                0x10001388                tick_start
 .text.rom_func_lookup
                0x100013a0       0x18 CMakeFiles/loader.dir/mnt/c/pico-sdk/src/rp2_common/pico_bootrom/bootrom.c.o
                0x100013a0                rom_func_lookup
 .text.runtime_init_bootrom_locking_enable
                0x100013b8       0x14 CMakeFiles/loader.dir/mnt/c/pico-sdk/src/rp2_common/pico_bootrom/bootrom_lock.c.o
                0x100013b8                runtime_init_bootrom_locking_enable
 .text.runtime_init_boot_locks_reset
                0x100013cc       0x1c CMakeFiles/loader.dir/mnt/c/pico-sdk/src/rp2_common/hardware_boot_lock/boot_lock.c.o
                0x100013cc                runtime_init_boot_locks_reset
 .text.xosc_init
                0x100013e8       0x30 CMakeFiles/loader.dir/mnt/c/pico-sdk/src/rp2_common/hardware_xosc/xosc.c.o
                0x100013e8                xosc_init
 .text.first_per_core_initializer
                0x10001418        0x4 CMakeFiles/loader.dir/mnt/c/pico-sdk/src/rp2_common/pico_runtime/runtime.c.o
 .text.hard_assertion_failure
                0x1000141c        0xc CMakeFiles/loader.dir/mnt/c/pico-sdk/src/rp2_common/pico_runtime/runtime.c.o
                0x1000141c                hard_assertion_failure
 .text.runtime_run_initializers
                0x10001428       0x20 CMakeFiles/loader.dir/mnt/c/pico-sdk/src/rp2_common/pico_runtime/runtime.c.o
                0x10001428                runtime_run_initializers
 .text.runtime_init_early_resets
                0x10001448       0x34 CMakeFiles/loader.dir/mnt/c/pico-sdk/src/rp2_common/pico_runtime_init/runtime_init.c.o
                0x10001448                runtime_init_early_resets
 .text.runtime_init_usb_power_down
                0x1000147c       0x1c CMakeFiles/loader.dir/mnt/c/pico-sdk/src/rp2_common/pico_runtime_init/runtime_init.c.o
                0x1000147c                runtime_init_usb_power_down
 .text.runtime_init_per_core_enable_coprocessors
                0x10001498       0x1c CMakeFiles/loader.dir/mnt/c/pico-sdk/src/rp2_common/pico_runtime_init/runtime_init.c.o
                0x10001498                runtime_init_per_core_enable_coprocessors
 .text.runtime_init_post_clock_resets
                0x100014b4       0x20 CMakeFiles/loader.dir/mnt/c/pico-sdk/src/rp2_common/pico_runtime_init/runtime_init.c.o
                0x100014b4                runtime_init_post_clock_resets
 .text.runtime_init_bootrom_reset
                0x100014d4       0x14 CMakeFiles/loader.dir/mnt/c/pico-sdk/src/rp2_common/pico_runtime_init/runtime_init.c.o
                0x100014d4                runtime_init_bootrom_reset
 .text.runtime_init_per_core_bootrom_reset
                0x100014e8       0x14 CMakeFiles/loader.dir/mnt/c/pico-sdk/src/rp2_common/pico_runtime_init/runtime_init.c.o
                0x100014e8                runtime_init_per_core_bootrom_reset
 .text.runtime_init_spin_locks_reset
                0x100014fc        0x4 CMakeFiles/loader.dir/mnt/c/pico-sdk/src/rp2_common/pico_runtime_init/runtime_init.c.o
                0x100014fc                runtime_init_spin_locks_reset
 .text.runtime_init_install_ram_vector_table
                0x10001500       0x68 CMakeFiles/loader.dir/mnt/c/pico-sdk/src/rp2_common/pico_runtime_init/runtime_init.c.o
                0x10001500                runtime_init_install_ram_vector_table
 .text.runtime_init_clocks
                0x10001568       0xdc CMakeFiles/loader.dir/mnt/c/pico-sdk/src/rp2_common/pico_runtime_init/runtime_init_clocks.c.o
                0x10001568                runtime_init_clocks
 .text.__rp2350_dcp_engaged_state_save_restore
                0x10001644       0x3a CMakeFiles/loader.dir/mnt/c/pico-sdk/src/rp2_common/pico_double/double_aeabi_dcp.S.o
 *fill*         0x1000167e        0x2 
 .text.__wrap___aeabi_dadd
                0x10001680       0x28 CMakeFiles/loader.dir/mnt/c/pico-sdk/src/rp2_common/pico_double/double_aeabi_dcp.S.o
                0x10001688                __wrap___aeabi_dadd
 .text.__wrap___aeabi_dsub
                0x100016a8       0x28 CMakeFiles/loader.dir/mnt/c/pico-sdk/src/rp2_common/pico_double/double_aeabi_dcp.S.o
                0x100016b0                __wrap___aeabi_dsub
 .text.__wrap___aeabi_dmul
                0x100016d0       0x4c CMakeFiles/loader.dir/mnt/c/pico-sdk/src/rp2_common/pico_double/double_aeabi_dcp.S.o
                0x100016d8                __wrap___aeabi_dmul
 .text.__wrap___aeabi_ddiv
                0x1000171c       0x9c CMakeFiles/loader.dir/mnt/c/pico-sdk/src/rp2_common/pico_double/double_aeabi_dcp.S.o
                0x10001724                __wrap___aeabi_ddiv
 .text.__wrap___aeabi_i2d
                0x100017b8       0x24 CMakeFiles/loader.dir/mnt/c/pico-sdk/src/rp2_common/pico_double/double_aeabi_dcp.S.o
                0x100017c0                __wrap___aeabi_i2d
                0x100017c0                int2double
 .text.__wrap___aeabi_ui2d
                0x100017dc       0x24 CMakeFiles/loader.dir/mnt/c/pico-sdk/src/rp2_common/pico_double/double_aeabi_dcp.S.o
                0x100017e4                __wrap___aeabi_ui2d
                0x100017e4                uint2double
 .text.__wrap___aeabi_d2iz
                0x10001800       0x24 CMakeFiles/loader.dir/mnt/c/pico-sdk/src/rp2_common/pico_double/double_aeabi_dcp.S.o
                0x10001808                __wrap___aeabi_d2iz
                0x10001808                double2int_z
 .text.__wrap___aeabi_d2uiz
                0x10001824       0x24 CMakeFiles/loader.dir/mnt/c/pico-sdk/src/rp2_common/pico_double/double_aeabi_dcp.S.o
                0x1000182c                double2uint_z
                0x1000182c                double2uint
                0x1000182c                __wrap___aeabi_d2uiz
 .text.__wrap___aeabi_dcmpun
                0x10001848       0x24 CMakeFiles/loader.dir/mnt/c/pico-sdk/src/rp2_common/pico_double/double_aeabi_dcp.S.o
                0x10001850                __wrap___aeabi_dcmpun
 .text.__wrap___aeabi_dcmplt
                0x1000186c       0x28 CMakeFiles/loader.dir/mnt/c/pico-sdk/src/rp2_common/pico_double/double_aeabi_dcp.S.o
                0x10001874                __wrap___aeabi_dcmplt
 .text.__wrap___aeabi_dcmpge
                0x10001894       0x28 CMakeFiles/loader.dir/mnt/c/pico-sdk/src/rp2_common/pico_double/double_aeabi_dcp.S.o
                0x1000189c                __wrap___aeabi_dcmpge
 .text.__wrap___aeabi_dcmpgt
                0x100018bc       0x28 CMakeFiles/loader.dir/mnt/c/pico-sdk/src/rp2_common/pico_double/double_aeabi_dcp.S.o
                0x100018c4                __wrap___aeabi_dcmpgt
 .text._out_null
                0x100018e4        0x4 CMakeFiles/loader.dir/mnt/c/pico-sdk/src/rp2_common/pico_printf/printf.c.o
 .text._out_rev
                0x100018e8       0x9c CMakeFiles/loader.dir/mnt/c/pico-sdk/src/rp2_common/pico_printf/printf.c.o
 .text._ntoa_format
                0x10001984      0x2a4 CMakeFiles/loader.dir/mnt/c/pico-sdk/src/rp2_common/pico_printf/printf.c.o
 .text._out_char
                0x10001c28        0x8 CMakeFiles/loader.dir/mnt/c/pico-sdk/src/rp2_common/pico_printf/printf.c.o
 .text._out_fct
                0x10001c30        0xc CMakeFiles/loader.dir/mnt/c/pico-sdk/src/rp2_common/pico_printf/printf.c.o
 *fill*         0x10001c3c        0x4 
 .text._etoa    0x10001c40      0x460 CMakeFiles/loader.dir/mnt/c/pico-sdk/src/rp2_common/pico_printf/printf.c.o
 .text._ftoa    0x100020a0      0x3f4 CMakeFiles/loader.dir/mnt/c/pico-sdk/src/rp2_common/pico_printf/printf.c.o
 .text._vsnprintf
                0x10002494      0x9e8 CMakeFiles/loader.dir/mnt/c/pico-sdk/src/rp2_common/pico_printf/printf.c.o
 .text.vfctprintf
                0x10002e7c       0x28 CMakeFiles/loader.dir/mnt/c/pico-sdk/src/rp2_common/pico_printf/printf.c.o
                0x10002e7c                vfctprintf
 .text.weak_raw_vprintf
                0x10002ea4       0x30 CMakeFiles/loader.dir/mnt/c/pico-sdk/src/rp2_common/pico_printf/printf.c.o
                0x10002ea4                weak_raw_vprintf
 .text._exit    0x10002ed4        0x4 CMakeFiles/loader.dir/mnt/c/pico-sdk/src/rp2_common/pico_clib_interface/newlib_interface.c.o
                0x10002ed4                _exit
 .text.exit     0x10002ed8        0x8 CMakeFiles/loader.dir/mnt/c/pico-sdk/src/rp2_common/pico_clib_interface/newlib_interface.c.o
                0x10002ed8                exit
 .text.runtime_init
                0x10002ee0       0x24 CMakeFiles/loader.dir/mnt/c/pico-sdk/src/rp2_common/pico_clib_interface/newlib_interface.c.o
                0x10002ee0                runtime_init
 .text.stdio_out_chars_no_crlf
                0x10002f04        0x8 CMakeFiles/loader.dir/mnt/c/pico-sdk/src/rp2_common/pico_stdio/stdio.c.o
 .text.stdio_out_chars_crlf
                0x10002f0c       0xac CMakeFiles/loader.dir/mnt/c/pico-sdk/src/rp2_common/pico_stdio/stdio.c.o
 .text.stdio_buffered_printer
                0x10002fb8       0x60 CMakeFiles/loader.dir/mnt/c/pico-sdk/src/rp2_common/pico_stdio/stdio.c.o
 .text.stdio_put_string
                0x10003018       0xf0 CMakeFiles/loader.dir/mnt/c/pico-sdk/src/rp2_common/pico_stdio/stdio.c.o
                0x10003018                stdio_put_string
 .text.stdio_set_driver_enabled
                0x10003108       0x30 CMakeFiles/loader.dir/mnt/c/pico-sdk/src/rp2_common/pico_stdio/stdio.c.o
                0x10003108                stdio_set_driver_enabled
 .text.stdio_init_all
                0x10003138        0xc CMakeFiles/loader.dir/mnt/c/pico-sdk/src/rp2_common/pico_stdio/stdio.c.o
                0x10003138                stdio_init_all
 .text.__wrap_putchar
                0x10003144       0x84 CMakeFiles/loader.dir/mnt/c/pico-sdk/src/rp2_common/pico_stdio/stdio.c.o
                0x10003144                stdio_putchar
                0x10003144                __wrap_putchar
 .text.__wrap_puts
                0x100031c8       0x3c CMakeFiles/loader.dir/mnt/c/pico-sdk/src/rp2_common/pico_stdio/stdio.c.o
                0x100031c8                __wrap_puts
                0x100031c8                stdio_puts
 .text.__wrap_vprintf
                0x10003204       0xc8 CMakeFiles/loader.dir/mnt/c/pico-sdk/src/rp2_common/pico_stdio/stdio.c.o
                0x10003204                __wrap_vprintf
                0x10003204                stdio_vprintf
 .text.__wrap_printf
                0x100032cc       0x1c CMakeFiles/loader.dir/mnt/c/pico-sdk/src/rp2_common/pico_stdio/stdio.c.o
                0x100032cc                stdio_printf
                0x100032cc                __wrap_printf
 .text.stdio_uart_out_chars
                0x100032e8       0x50 CMakeFiles/loader.dir/mnt/c/pico-sdk/src/rp2_common/pico_stdio_uart/stdio_uart.c.o
 .text.stdio_uart_in_chars
                0x10003338       0x94 CMakeFiles/loader.dir/mnt/c/pico-sdk/src/rp2_common/pico_stdio_uart/stdio_uart.c.o
                0x10003338                stdio_uart_in_chars
 .text.on_uart_rx
                0x100033cc       0x24 CMakeFiles/loader.dir/mnt/c/pico-sdk/src/rp2_common/pico_stdio_uart/stdio_uart.c.o
 .text.stdio_uart_out_flush
                0x100033f0       0x10 CMakeFiles/loader.dir/mnt/c/pico-sdk/src/rp2_common/pico_stdio_uart/stdio_uart.c.o
 .text.stdio_uart_set_chars_available_callback
                0x10003400       0x88 CMakeFiles/loader.dir/mnt/c/pico-sdk/src/rp2_common/pico_stdio_uart/stdio_uart.c.o
 .text.stdio_uart_init
                0x10003488       0x54 CMakeFiles/loader.dir/mnt/c/pico-sdk/src/rp2_common/pico_stdio_uart/stdio_uart.c.o
                0x10003488                stdio_uart_init
 .text.multicore_reset_core1
                0x100034dc       0x68 CMakeFiles/loader.dir/mnt/c/pico-sdk/src/rp2_common/pico_multicore/multicore.c.o
                0x100034dc                multicore_reset_core1
 .text.multicore_launch_core1_raw
                0x10003544       0x88 CMakeFiles/loader.dir/mnt/c/pico-sdk/src/rp2_common/pico_multicore/multicore.c.o
                0x10003544                multicore_launch_core1_raw
 .text          0x100035cc       0xec /usr/lib/gcc/arm-none-eabi/13.2.1/../../../arm-none-eabi/lib/thumb/v8-m.main+fp/softfp/libg.a(libc_a-memcpy.o)
                0x100035cc                memcpy
 .text          0x100036b8        0xc /usr/lib/gcc/arm-none-eabi/13.2.1/../../../arm-none-eabi/lib/thumb/v8-m.main+fp/softfp/libg.a(libc_a-atexit.o)
                0x100036b8                atexit
 .text          0x100036c4       0x5c /usr/lib/gcc/arm-none-eabi/13.2.1/../../../arm-none-eabi/lib/thumb/v8-m.main+fp/softfp/libg.a(libc_a-strlen-stub.o)
                0x100036c4                strlen
 .text          0x10003720       0x28 /usr/lib/gcc/arm-none-eabi/13.2.1/../../../arm-none-eabi/lib/thumb/v8-m.main+fp/softfp/libg.a(libc_a-fini.o)
                0x10003720                __libc_fini_array
 .text          0x10003748       0x64 /usr/lib/gcc/arm-none-eabi/13.2.1/../../../arm-none-eabi/lib/thumb/v8-m.main+fp/softfp/libg.a(libc_a-__atexit.o)
                0x10003748                __register_exitproc
 .text.startup  0x100037ac       0x14 /usr/lib/gcc/arm-none-eabi/13.2.1/../../../arm-none-eabi/lib/thumb/v8-m.main+fp/softfp/libg.a(libc_a-__call_atexit.o)
 *(.fini)
 .fini          0x100037c0        0x4 /usr/lib/gcc/arm-none-eabi/13.2.1/thumb/v8-m.main+fp/softfp/crti.o
                0x100037c0                _fini
 *fill*         0x100037c4        0x4 
 .fini.__stub   0x100037c8       0x18 linker stubs
 *crtbegin.o(.ctors)
 *crtbegin?.o(.ctors)
 *(EXCLUDE_FILE(*crtend.o *crtend?.o) .ctors)
 *(SORT_BY_NAME(.ctors.*))
 *(.ctors)
 *crtbegin.o(.dtors)
 *crtbegin?.o(.dtors)
 *(EXCLUDE_FILE(*crtend.o *crtend?.o) .dtors)
 *(SORT_BY_NAME(.dtors.*))
 *(.dtors)
                0x100037e0                        . = ALIGN (0x4)
                0x100037e0                        PROVIDE (__preinit_array_start = .)
 *(SORT_BY_NAME(.preinit_array.*))
 .preinit_array.00050
                0x100037e0        0x4 CMakeFiles/loader.dir/mnt/c/pico-sdk/src/rp2_common/pico_runtime_init/runtime_init.c.o
                0x100037e0                __pre_init_runtime_init_bootrom_reset
 .preinit_array.00100
                0x100037e4        0x4 CMakeFiles/loader.dir/mnt/c/pico-sdk/src/rp2_common/pico_runtime_init/runtime_init.c.o
                0x100037e4                __pre_init_runtime_init_early_resets
 .preinit_array.00101
                0x100037e8        0x4 CMakeFiles/loader.dir/mnt/c/pico-sdk/src/rp2_common/pico_runtime_init/runtime_init.c.o
                0x100037e8                __pre_init_runtime_init_usb_power_down
 .preinit_array.00500
                0x100037ec        0x4 CMakeFiles/loader.dir/mnt/c/pico-sdk/src/rp2_common/pico_runtime_init/runtime_init.c.o
                0x100037ec                __pre_init_runtime_init_clocks
 .preinit_array.00600
                0x100037f0        0x4 CMakeFiles/loader.dir/mnt/c/pico-sdk/src/rp2_common/pico_runtime_init/runtime_init.c.o
                0x100037f0                __pre_init_runtime_init_post_clock_resets
 .preinit_array.01000
                0x100037f4        0x4 CMakeFiles/loader.dir/mnt/c/pico-sdk/src/rp2_common/hardware_boot_lock/boot_lock.c.o
                0x100037f4                __pre_init_runtime_init_boot_locks_reset
 .preinit_array.01000
                0x100037f8        0x4 CMakeFiles/loader.dir/mnt/c/pico-sdk/src/rp2_common/pico_runtime_init/runtime_init.c.o
                0x100037f8                __pre_init_runtime_init_spin_locks_reset
 .preinit_array.01010
                0x100037fc        0x4 CMakeFiles/loader.dir/mnt/c/pico-sdk/src/rp2_common/pico_bootrom/bootrom_lock.c.o
                0x100037fc                __pre_init_runtime_init_bootrom_locking_enable
 .preinit_array.01100
                0x10003800        0x4 CMakeFiles/loader.dir/mnt/c/pico-sdk/src/common/pico_sync/mutex.c.o
                0x10003800                __pre_init_runtime_init_mutex
 .preinit_array.10080
                0x10003804        0x4 CMakeFiles/loader.dir/mnt/c/pico-sdk/src/rp2_common/pico_runtime_init/runtime_init.c.o
                0x10003804                __pre_init_runtime_init_install_ram_vector_table
 .preinit_array.11000
                0x10003808        0x4 CMakeFiles/loader.dir/mnt/c/pico-sdk/src/common/pico_time/time.c.o
                0x10003808                __pre_init_runtime_init_default_alarm_pool
 .preinit_array.YYYYY
                0x1000380c        0x4 CMakeFiles/loader.dir/mnt/c/pico-sdk/src/rp2_common/pico_runtime/runtime.c.o
                0x1000380c                __pre_init_first_per_core_initializer
 .preinit_array.ZZZZZ.00051
                0x10003810        0x4 CMakeFiles/loader.dir/mnt/c/pico-sdk/src/rp2_common/pico_runtime_init/runtime_init.c.o
                0x10003810                __pre_init_runtime_init_per_core_bootrom_reset
 .preinit_array.ZZZZZ.00200
                0x10003814        0x4 CMakeFiles/loader.dir/mnt/c/pico-sdk/src/rp2_common/pico_runtime_init/runtime_init.c.o
                0x10003814                __pre_init_runtime_init_per_core_enable_coprocessors
 .preinit_array.ZZZZZ.01000
                0x10003818        0x4 CMakeFiles/loader.dir/mnt/c/pico-sdk/src/rp2_common/hardware_sync_spin_lock/sync_spin_lock.c.o
                0x10003818                __pre_init_spinlock_set_extexclall
 .preinit_array.ZZZZZ.01200
                0x1000381c        0x4 CMakeFiles/loader.dir/mnt/c/pico-sdk/src/rp2_common/hardware_irq/irq.c.o
                0x1000381c                __pre_init_runtime_init_per_core_irq_priorities
 *(.preinit_array)
                0x10003820                        PROVIDE (__preinit_array_end = .)
                0x10003820                        . = ALIGN (0x4)
                0x10003820                        PROVIDE (__init_array_start = .)
 *(SORT_BY_NAME(.init_array.*))
 .init_array.00000
                0x10003820        0x4 /usr/lib/gcc/arm-none-eabi/13.2.1/../../../arm-none-eabi/lib/thumb/v8-m.main+fp/softfp/libg.a(libc_a-__call_atexit.o)
 *(.init_array)
 .init_array    0x10003824        0x4 /usr/lib/gcc/arm-none-eabi/13.2.1/thumb/v8-m.main+fp/softfp/crtbegin.o
                0x10003828                        PROVIDE (__init_array_end = .)
                0x10003828                        . = ALIGN (0x4)
                0x10003828                        PROVIDE (__fini_array_start = .)
 *(SORT_BY_NAME(.fini_array.*))
 *(.fini_array)
                0x10003828                        PROVIDE (__fini_array_end = .)
 *(.eh_frame*)
 .eh_frame      0x10003828        0x0 /usr/lib/gcc/arm-none-eabi/13.2.1/thumb/v8-m.main+fp/softfp/crtbegin.o
                0x10003828                        . = ALIGN (0x4)

.glue_7         0x10003828        0x0
 .glue_7        0x10003828        0x0 linker stubs

.glue_7t        0x10003828        0x0
 .glue_7t       0x10003828        0x0 linker stubs

.vfp11_veneer   0x10003828        0x0
 .vfp11_veneer  0x10003828        0x0 linker stubs

.v4_bx          0x10003828        0x0
 .v4_bx         0x10003828        0x0 linker stubs

.iplt           0x10003828        0x0
 .iplt          0x10003828        0x0 /usr/lib/gcc/arm-none-eabi/13.2.1/thumb/v8-m.main+fp/softfp/crtbegin.o

.boot2          0x10003828        0x0
                0x10003828                        __boot2_start__ = .
 *(.boot2)
                0x10003828                        __boot2_end__ = .
                0x00000001                        ASSERT (((__boot2_end__ - __boot2_start__) <= 0x100), ERROR: Pico second stage bootloader must be no more than 256 bytes in size)

.rodata         0x10003828     0x2138
 *(EXCLUDE_FILE(*libm.a: *libc.a:*lib_a-mem*.o *libgcc.a:) .rodata*)
 .rodata.main.str1.4
                0x10003828      0x2b4 CMakeFiles/loader.dir/main.c.o
                                0x1ee (size before relaxing)
 .rodata        0x10003adc     0x1dbc CMakeFiles/loader.dir/main.c.o
 .rodata.panic.str1.4
                0x10005898       0x12 CMakeFiles/loader.dir/mnt/c/pico-sdk/src/rp2_common/pico_platform_panic/panic.c.o
 .rodata.timer_hardware_alarm_claim.str1.4
                0x10005898       0x22 CMakeFiles/loader.dir/mnt/c/pico-sdk/src/rp2_common/hardware_timer/timer.c.o
 .rodata.hard_assertion_failure.str1.4
                0x10005898        0xc CMakeFiles/loader.dir/mnt/c/pico-sdk/src/rp2_common/pico_runtime/runtime.c.o
 .rodata.str1.4
                0x10005898       0x3c CMakeFiles/loader.dir/mnt/c/pico-sdk/src/rp2_common/pico_standard_binary_info/standard_binary_info.c.o
 .rodata.__bi_84
                0x10005898        0xc CMakeFiles/loader.dir/mnt/c/pico-sdk/src/rp2_common/pico_standard_binary_info/standard_binary_info.c.o
 .rodata.__bi_78
                0x100058a4        0xc CMakeFiles/loader.dir/mnt/c/pico-sdk/src/rp2_common/pico_standard_binary_info/standard_binary_info.c.o
 .rodata.__bi_54
                0x100058b0        0xc CMakeFiles/loader.dir/mnt/c/pico-sdk/src/rp2_common/pico_standard_binary_info/standard_binary_info.c.o
 .rodata.__bi_48
                0x100058bc        0xc CMakeFiles/loader.dir/mnt/c/pico-sdk/src/rp2_common/pico_standard_binary_info/standard_binary_info.c.o
 .rodata.__bi_42
                0x100058c8        0xc CMakeFiles/loader.dir/mnt/c/pico-sdk/src/rp2_common/pico_standard_binary_info/standard_binary_info.c.o
 .rodata.__bi_34
                0x100058d4        0xc CMakeFiles/loader.dir/mnt/c/pico-sdk/src/rp2_common/pico_standard_binary_info/standard_binary_info.c.o
 .rodata.__bi_26
                0x100058e0        0xc CMakeFiles/loader.dir/mnt/c/pico-sdk/src/rp2_common/pico_standard_binary_info/standard_binary_info.c.o
 .rodata._ftoa.str1.4
                0x100058ec       0x15 CMakeFiles/loader.dir/mnt/c/pico-sdk/src/rp2_common/pico_printf/printf.c.o
 *fill*         0x100058ec        0x4 
 .rodata.pow10.0
                0x100058f0       0x50 CMakeFiles/loader.dir/mnt/c/pico-sdk/src/rp2_common/pico_printf/printf.c.o
 .rodata.crlf_str.0
                0x10005940        0x2 CMakeFiles/loader.dir/mnt/c/pico-sdk/src/rp2_common/pico_stdio/stdio.c.o
 .rodata.str1.4
                0x10005942       0x2c CMakeFiles/loader.dir/mnt/c/pico-sdk/src/rp2_common/pico_stdio_uart/stdio_uart.c.o
 *fill*         0x10005942        0x2 
 .rodata.__bi_45.4
                0x10005944        0xc CMakeFiles/loader.dir/mnt/c/pico-sdk/src/rp2_common/pico_stdio_uart/stdio_uart.c.o
 .rodata.__bi_49.5
                0x10005950        0x8 CMakeFiles/loader.dir/mnt/c/pico-sdk/src/rp2_common/pico_stdio_uart/stdio_uart.c.o
 .rodata.__bi_50.6
                0x10005958        0x8 CMakeFiles/loader.dir/mnt/c/pico-sdk/src/rp2_common/pico_stdio_uart/stdio_uart.c.o
 *(.srodata*)
                0x10005960                        . = ALIGN (0x4)
 *(SORT_BY_ALIGNMENT(SORT_BY_NAME(.flashdata*)))
                0x10005960                        . = ALIGN (0x4)

.ARM.extab
 *(.ARM.extab* .gnu.linkonce.armextab.*)
                0x10005960                        __exidx_start = .

.ARM.exidx      0x10005960        0x8
 *(.ARM.exidx* .gnu.linkonce.armexidx.*)
 .ARM.exidx     0x10005960        0x8 /usr/lib/gcc/arm-none-eabi/13.2.1/../../../arm-none-eabi/lib/thumb/v8-m.main+fp/softfp/libg.a(libc_a-memcpy.o)
 .ARM.exidx     0x10005968        0x0 /usr/lib/gcc/arm-none-eabi/13.2.1/thumb/v8-m.main+fp/softfp/libgcc.a(_udivmoddi4.o)
                                  0x8 (size before relaxing)
                0x10005968                        __exidx_end = .
                0x10005968                        . = ALIGN (0x4)
                0x10005968                        __binary_info_start = .

.binary_info    0x10005968       0x28
 *(.binary_info.keep.*)
 .binary_info.keep.__bi_ptr84
                0x10005968        0x4 CMakeFiles/loader.dir/mnt/c/pico-sdk/src/rp2_common/pico_standard_binary_info/standard_binary_info.c.o
 .binary_info.keep.__bi_ptr78
                0x1000596c        0x4 CMakeFiles/loader.dir/mnt/c/pico-sdk/src/rp2_common/pico_standard_binary_info/standard_binary_info.c.o
 .binary_info.keep.__bi_ptr54
                0x10005970        0x4 CMakeFiles/loader.dir/mnt/c/pico-sdk/src/rp2_common/pico_standard_binary_info/standard_binary_info.c.o
 .binary_info.keep.__bi_ptr48
                0x10005974        0x4 CMakeFiles/loader.dir/mnt/c/pico-sdk/src/rp2_common/pico_standard_binary_info/standard_binary_info.c.o
 .binary_info.keep.__bi_ptr42
                0x10005978        0x4 CMakeFiles/loader.dir/mnt/c/pico-sdk/src/rp2_common/pico_standard_binary_info/standard_binary_info.c.o
 .binary_info.keep.__bi_ptr34
                0x1000597c        0x4 CMakeFiles/loader.dir/mnt/c/pico-sdk/src/rp2_common/pico_standard_binary_info/standard_binary_info.c.o
 .binary_info.keep.__bi_ptr26
                0x10005980        0x4 CMakeFiles/loader.dir/mnt/c/pico-sdk/src/rp2_common/pico_standard_binary_info/standard_binary_info.c.o
 *(.binary_info.*)
 .binary_info.__bi_ptr50
                0x10005984        0x4 CMakeFiles/loader.dir/mnt/c/pico-sdk/src/rp2_common/pico_stdio_uart/stdio_uart.c.o
 .binary_info.__bi_ptr49
                0x10005988        0x4 CMakeFiles/loader.dir/mnt/c/pico-sdk/src/rp2_common/pico_stdio_uart/stdio_uart.c.o
 .binary_info.__bi_ptr45
                0x1000598c        0x4 CMakeFiles/loader.dir/mnt/c/pico-sdk/src/rp2_common/pico_stdio_uart/stdio_uart.c.o
                0x10005990                        __binary_info_end = .
                0x10005990                        . = ALIGN (0x4)

.ram_vector_table
                0x20000000      0x110
 *(.ram_vector_table)
 .ram_vector_table
                0x20000000      0x110 CMakeFiles/loader.dir/mnt/c/pico-sdk/src/rp2_common/pico_runtime_init/runtime_init.c.o
                0x20000000                ram_vector_table

.uninitialized_data
                0x20000110        0x0
                0x20000110                        . = ALIGN (0x4)
 *(.uninitialized_data*)

.data           0x20000110      0x4e4 load address 0x10005990
                0x20000110                        __data_start__ = .
 *(vtable)
 *(.time_critical*)
 .time_critical.mutex_enter_block_until
                0x20000110       0x70 CMakeFiles/loader.dir/mnt/c/pico-sdk/src/common/pico_sync/mutex.c.o
                0x20000110                mutex_enter_block_until
 .time_critical.mutex_try_enter_block_until
                0x20000180       0x6c CMakeFiles/loader.dir/mnt/c/pico-sdk/src/common/pico_sync/mutex.c.o
                0x20000180                mutex_try_enter_block_until
 .time_critical.mutex_exit
                0x200001ec       0x3c CMakeFiles/loader.dir/mnt/c/pico-sdk/src/common/pico_sync/mutex.c.o
                0x200001ec                mutex_exit
 *(.text*)
 .text          0x20000228       0x30 /usr/lib/gcc/arm-none-eabi/13.2.1/thumb/v8-m.main+fp/softfp/libgcc.a(_aeabi_uldivmod.o)
                0x20000228                __aeabi_uldivmod
 .text          0x20000258      0x300 /usr/lib/gcc/arm-none-eabi/13.2.1/thumb/v8-m.main+fp/softfp/libgcc.a(_udivmoddi4.o)
                0x20000258                __udivmoddi4
 .text          0x20000558        0x4 /usr/lib/gcc/arm-none-eabi/13.2.1/thumb/v8-m.main+fp/softfp/libgcc.a(_dvmd_tls.o)
                0x20000558                __aeabi_ldiv0
                0x20000558                __aeabi_idiv0
 *fill*         0x2000055c        0x4 
 .text.__stub   0x20000560        0x8 linker stubs
                0x20000568                        . = ALIGN (0x4)
 *(.rodata*)
                0x20000568                        . = ALIGN (0x4)
 *(.data*)
 .data.striped_spin_lock_num
                0x20000568        0x1 CMakeFiles/loader.dir/mnt/c/pico-sdk/src/rp2_common/hardware_sync/sync.c.o
 *fill*         0x20000569        0x3 
 .data          0x2000056c       0x48 CMakeFiles/loader.dir/mnt/c/pico-sdk/src/rp2_common/hardware_irq/irq_handler_chain.S.o
                0x2000056c                irq_handler_chain_slots
                0x2000059c                irq_handler_chain_first_slot
                0x200005a6                irq_handler_chain_remove_tail
 .data.default_alarm_pool
                0x200005b4       0x18 CMakeFiles/loader.dir/mnt/c/pico-sdk/src/common/pico_time/time.c.o
 .data.stdio_uart
                0x200005cc       0x18 CMakeFiles/loader.dir/mnt/c/pico-sdk/src/rp2_common/pico_stdio_uart/stdio_uart.c.o
                0x200005cc                stdio_uart
 *(.sdata*)
                0x200005e4                        . = ALIGN (0x4)
 *(.after_data.*)
                0x200005e4                        . = ALIGN (0x4)
                0x200005e4                        PROVIDE (__mutex_array_start = .)
 *(SORT_BY_NAME(.mutex_array.*))
 *(.mutex_array)
 .mutex_array   0x200005e4        0x8 CMakeFiles/loader.dir/mnt/c/pico-sdk/src/rp2_common/pico_malloc/malloc.c.o
 .mutex_array   0x200005ec        0x8 CMakeFiles/loader.dir/mnt/c/pico-sdk/src/rp2_common/pico_stdio/stdio.c.o
                0x200005f4                        PROVIDE (__mutex_array_end = .)
 *(.jcr)
                0x200005f4                        . = ALIGN (0x4)

.tm_clone_table
                0x200005f4        0x0 load address 0x10005e74
 .tm_clone_table
                0x200005f4        0x0 /usr/lib/gcc/arm-none-eabi/13.2.1/thumb/v8-m.main+fp/softfp/crtbegin.o
 .tm_clone_table
                0x200005f4        0x0 /usr/lib/gcc/arm-none-eabi/13.2.1/thumb/v8-m.main+fp/softfp/crtend.o

.igot.plt       0x200005f4        0x0 load address 0x10005e74
 .igot.plt      0x200005f4        0x0 /usr/lib/gcc/arm-none-eabi/13.2.1/thumb/v8-m.main+fp/softfp/crtbegin.o

.tdata          0x200005f4        0x0 load address 0x10005e74
                0x200005f4                        . = ALIGN (0x4)
 *(.tdata .tdata.* .gnu.linkonce.td.*)
                0x200005f4                        __tdata_end = .
                0x200005f4                        PROVIDE (__data_end__ = .)
                0x10005990                        __etext = LOADADDR (.data)

.tbss           0x200005f4        0x0 load address 0x10005e74
                0x200005f4                        . = ALIGN (0x4)
                0x200005f4                        __bss_start__ = .
                0x200005f4                        __tls_base = .
 *(.tbss .tbss.* .gnu.linkonce.tb.*)
 *(.tcommon)
                0x200005f4                        __tls_end = .

.bss            0x200005f8      0x3c4 load address 0x10005e74
                0x200005f8                        . = ALIGN (0x4)
                0x200005f8                        __tbss_end = .
 *(SORT_BY_ALIGNMENT(SORT_BY_NAME(.bss*)))
 .bss.default_alarm_pool_entries
                0x200005f8      0x180 CMakeFiles/loader.dir/mnt/c/pico-sdk/src/common/pico_time/time.c.o
 .bss           0x20000778       0x1c /usr/lib/gcc/arm-none-eabi/13.2.1/thumb/v8-m.main+fp/softfp/crtbegin.o
 .bss           0x20000794      0x190 /usr/lib/gcc/arm-none-eabi/13.2.1/../../../arm-none-eabi/lib/thumb/v8-m.main+fp/softfp/libg.a(libc_a-__atexit.o)
                0x20000794                __atexit0
 .bss           0x20000924        0x4 /usr/lib/gcc/arm-none-eabi/13.2.1/../../../arm-none-eabi/lib/thumb/v8-m.main+fp/softfp/libg.a(libc_a-__call_atexit.o)
                0x20000924                __atexit
 .bss._sw_spin_locks
                0x20000928       0x20 CMakeFiles/loader.dir/mnt/c/pico-sdk/src/rp2_common/hardware_sync_spin_lock/sync_spin_lock.c.o
                0x20000928                _sw_spin_locks
 .bss.chars_available_callback
                0x20000948        0x4 CMakeFiles/loader.dir/mnt/c/pico-sdk/src/rp2_common/pico_stdio_uart/stdio_uart.c.o
 .bss.chars_available_param
                0x2000094c        0x4 CMakeFiles/loader.dir/mnt/c/pico-sdk/src/rp2_common/pico_stdio_uart/stdio_uart.c.o
 .bss.claimed   0x20000950        0x2 CMakeFiles/loader.dir/mnt/c/pico-sdk/src/rp2_common/hardware_timer/timer.c.o
 *fill*         0x20000952        0x2 
 .bss.configured_freq
                0x20000954       0x28 CMakeFiles/loader.dir/mnt/c/pico-sdk/src/rp2_common/hardware_clocks/clocks.c.o
 .bss.drivers   0x2000097c        0x4 CMakeFiles/loader.dir/mnt/c/pico-sdk/src/rp2_common/pico_stdio/stdio.c.o
 .bss.filter    0x20000980        0x4 CMakeFiles/loader.dir/mnt/c/pico-sdk/src/rp2_common/pico_stdio/stdio.c.o
 .bss.lazy_vsnprintf
                0x20000984        0x4 CMakeFiles/loader.dir/mnt/c/pico-sdk/src/rp2_common/pico_printf/printf.c.o
 .bss.lockout_victim_initialized
                0x20000988        0x2 CMakeFiles/loader.dir/mnt/c/pico-sdk/src/rp2_common/pico_multicore/multicore.c.o
 *fill*         0x2000098a        0x2 
 .bss.pools     0x2000098c       0x20 CMakeFiles/loader.dir/mnt/c/pico-sdk/src/common/pico_time/time.c.o
 .bss.sleep_notifier
                0x200009ac        0x4 CMakeFiles/loader.dir/mnt/c/pico-sdk/src/common/pico_time/time.c.o
 .bss.uart_char_to_line_feed
                0x200009b0        0x4 CMakeFiles/loader.dir/mnt/c/pico-sdk/src/rp2_common/hardware_uart/uart.c.o
                0x200009b0                uart_char_to_line_feed
 .bss.uart_instance
                0x200009b4        0x4 CMakeFiles/loader.dir/mnt/c/pico-sdk/src/rp2_common/pico_stdio_uart/stdio_uart.c.o
 .bss.irq_handler_chain_free_slot_head
                0x200009b8        0x1 CMakeFiles/loader.dir/mnt/c/pico-sdk/src/rp2_common/hardware_irq/irq.c.o
 *(COMMON)
                [!provide]                        PROVIDE (__global_pointer$ = (. + 0x800))
 *(.sbss*)
                0x200009bc                        . = ALIGN (0x4)
 *fill*         0x200009b9        0x3 
                0x200009bc                        __bss_end__ = .

.heap           0x200009bc      0x800 load address 0x10005e74
                0x200009bc                        __end__ = .
                0x200009bc                        end = __end__
 *(.heap*)
 .heap          0x200009bc      0x800 CMakeFiles/loader.dir/mnt/c/pico-sdk/src/rp2_common/pico_crt0/crt0.S.o
                0x20080000                        __HeapLimit = (ORIGIN (RAM) + LENGTH (RAM))

.scratch_x      0x20080000        0x0 load address 0x10005e74
                0x20080000                        __scratch_x_start__ = .
 *(.scratch_x.*)
                0x20080000                        . = ALIGN (0x4)
                0x20080000                        __scratch_x_end__ = .
                0x10005e74                        __scratch_x_source__ = LOADADDR (.scratch_x)

.scratch_y      0x20081000        0x0 load address 0x10005e74
                0x20081000                        __scratch_y_start__ = .
 *(.scratch_y.*)
                0x20081000                        . = ALIGN (0x4)
                0x20081000                        __scratch_y_end__ = .
                0x10005e74                        __scratch_y_source__ = LOADADDR (.scratch_y)

.stack1_dummy   0x20080000      0x800
 *(.stack1*)
 .stack1        0x20080000      0x800 CMakeFiles/loader.dir/mnt/c/pico-sdk/src/rp2_common/pico_multicore/multicore.c.o

.stack_dummy    0x20081000      0x800
 *(.stack*)
 .stack         0x20081000      0x800 CMakeFiles/loader.dir/mnt/c/pico-sdk/src/rp2_common/pico_crt0/crt0.S.o

.flash_end      0x10005e74       0x14
 *(.embedded_end_block*)
 .embedded_end_block
                0x10005e74       0x14 CMakeFiles/loader.dir/mnt/c/pico-sdk/src/rp2_common/pico_crt0/crt0.S.o
                0x10005e88                        PROVIDE (__flash_binary_end = .)
                0x20080000                        __StackLimit = (ORIGIN (RAM) + LENGTH (RAM))
                0x20081000                        __StackOneTop = (ORIGIN (SCRATCH_X) + LENGTH (SCRATCH_X))
                0x20082000                        __StackTop = (ORIGIN (SCRATCH_Y) + LENGTH (SCRATCH_Y))
                0x20080800                        __StackOneBottom = (__StackOneTop - SIZEOF (.stack1_dummy))
                0x20081800                        __StackBottom = (__StackTop - SIZEOF (.stack_dummy))
                0x20082000                        PROVIDE (__stack = __StackTop)
                [!provide]                        PROVIDE (__heap_start = __end__)
                [!provide]                        PROVIDE (__heap_end = __HeapLimit)
                [!provide]                        PROVIDE (__tls_align = MAX (ALIGNOF (.tdata), ALIGNOF (.tbss)))
                [!provide]                        PROVIDE (__tls_size_align = (((__tls_size + __tls_align) - 0x1) & ~ ((__tls_align - 0x1))))
                [!provide]                        PROVIDE (__arm32_tls_tcb_offset = MAX (0x8, __tls_align))
                [!provide]                        PROVIDE (_end = __end__)
                [!provide]                        PROVIDE (__llvm_libc_heap_limit = __HeapLimit)
                0x00000001                        ASSERT ((__StackLimit >= __HeapLimit), region RAM overflowed)
                0x00000001                        ASSERT (((__binary_info_header_end - __logical_binary_start) <= 0x400), Binary info must be in first 1024 bytes of the binary)
                0x00000001                        ASSERT (((__embedded_block_end - __logical_binary_start) <= 0x1000), Embedded block must be in first 4096 bytes of the binary)
LOAD CMakeFiles/loader.dir/main.c.o
LOAD CMakeFiles/loader.dir/mnt/c/pico-sdk/src/rp2_common/pico_stdlib/stdlib.c.o
LOAD CMakeFiles/loader.dir/mnt/c/pico-sdk/src/rp2_common/hardware_gpio/gpio.c.o
LOAD CMakeFiles/loader.dir/mnt/c/pico-sdk/src/rp2350/pico_platform/platform.c.o
LOAD CMakeFiles/loader.dir/mnt/c/pico-sdk/src/rp2_common/pico_platform_common/common.c.o
LOAD CMakeFiles/loader.dir/mnt/c/pico-sdk/src/rp2_common/pico_platform_panic/panic.c.o
LOAD CMakeFiles/loader.dir/mnt/c/pico-sdk/src/common/hardware_claim/claim.c.o
LOAD CMakeFiles/loader.dir/mnt/c/pico-sdk/src/rp2_common/hardware_sync/sync.c.o
LOAD CMakeFiles/loader.dir/mnt/c/pico-sdk/src/rp2_common/hardware_sync_spin_lock/sync_spin_lock.c.o
LOAD CMakeFiles/loader.dir/mnt/c/pico-sdk/src/rp2_common/hardware_irq/irq.c.o
LOAD CMakeFiles/loader.dir/mnt/c/pico-sdk/src/rp2_common/hardware_irq/irq_handler_chain.S.o
LOAD CMakeFiles/loader.dir/mnt/c/pico-sdk/src/common/pico_sync/sem.c.o
LOAD CMakeFiles/loader.dir/mnt/c/pico-sdk/src/common/pico_sync/lock_core.c.o
LOAD CMakeFiles/loader.dir/mnt/c/pico-sdk/src/common/pico_sync/mutex.c.o
LOAD CMakeFiles/loader.dir/mnt/c/pico-sdk/src/common/pico_sync/critical_section.c.o
LOAD CMakeFiles/loader.dir/mnt/c/pico-sdk/src/common/pico_time/time.c.o
LOAD CMakeFiles/loader.dir/mnt/c/pico-sdk/src/common/pico_time/timeout_helper.c.o
LOAD CMakeFiles/loader.dir/mnt/c/pico-sdk/src/rp2_common/hardware_timer/timer.c.o
LOAD CMakeFiles/loader.dir/mnt/c/pico-sdk/src/common/pico_util/datetime.c.o
LOAD CMakeFiles/loader.dir/mnt/c/pico-sdk/src/common/pico_util/pheap.c.o
LOAD CMakeFiles/loader.dir/mnt/c/pico-sdk/src/common/pico_util/queue.c.o
LOAD CMakeFiles/loader.dir/mnt/c/pico-sdk/src/rp2_common/hardware_uart/uart.c.o
LOAD CMakeFiles/loader.dir/mnt/c/pico-sdk/src/rp2_common/hardware_clocks/clocks.c.o
LOAD CMakeFiles/loader.dir/mnt/c/pico-sdk/src/rp2_common/hardware_pll/pll.c.o
LOAD CMakeFiles/loader.dir/mnt/c/pico-sdk/src/rp2_common/hardware_vreg/vreg.c.o
LOAD CMakeFiles/loader.dir/mnt/c/pico-sdk/src/rp2_common/hardware_watchdog/watchdog.c.o
LOAD CMakeFiles/loader.dir/mnt/c/pico-sdk/src/rp2_common/hardware_ticks/ticks.c.o
LOAD CMakeFiles/loader.dir/mnt/c/pico-sdk/src/rp2_common/pico_bootrom/bootrom.c.o
LOAD CMakeFiles/loader.dir/mnt/c/pico-sdk/src/rp2_common/pico_bootrom/bootrom_lock.c.o
LOAD CMakeFiles/loader.dir/mnt/c/pico-sdk/src/rp2_common/hardware_boot_lock/boot_lock.c.o
LOAD CMakeFiles/loader.dir/mnt/c/pico-sdk/src/rp2_common/pico_flash/flash.c.o
LOAD CMakeFiles/loader.dir/mnt/c/pico-sdk/src/rp2_common/hardware_xosc/xosc.c.o
LOAD CMakeFiles/loader.dir/mnt/c/pico-sdk/src/rp2_common/hardware_divider/divider.c.o
LOAD CMakeFiles/loader.dir/mnt/c/pico-sdk/src/rp2_common/pico_runtime/runtime.c.o
LOAD CMakeFiles/loader.dir/mnt/c/pico-sdk/src/rp2_common/pico_runtime_init/runtime_init.c.o
LOAD CMakeFiles/loader.dir/mnt/c/pico-sdk/src/rp2_common/pico_runtime_init/runtime_init_clocks.c.o
LOAD CMakeFiles/loader.dir/mnt/c/pico-sdk/src/rp2_common/pico_runtime_init/runtime_init_stack_guard.c.o
LOAD CMakeFiles/loader.dir/mnt/c/pico-sdk/src/rp2_common/pico_bit_ops/bit_ops_aeabi.S.o
LOAD CMakeFiles/loader.dir/mnt/c/pico-sdk/src/rp2_common/pico_divider/divider_compiler.c.o
LOAD CMakeFiles/loader.dir/mnt/c/pico-sdk/src/rp2_common/pico_double/double_math.c.o
LOAD CMakeFiles/loader.dir/mnt/c/pico-sdk/src/rp2_common/pico_double/double_aeabi_dcp.S.o
LOAD CMakeFiles/loader.dir/mnt/c/pico-sdk/src/rp2_common/pico_double/double_fma_dcp.S.o
LOAD CMakeFiles/loader.dir/mnt/c/pico-sdk/src/rp2_common/pico_double/double_sci_m33.S.o
LOAD CMakeFiles/loader.dir/mnt/c/pico-sdk/src/rp2_common/pico_double/double_conv_m33.S.o
LOAD CMakeFiles/loader.dir/mnt/c/pico-sdk/src/rp2_common/pico_float/float_math.c.o
LOAD CMakeFiles/loader.dir/mnt/c/pico-sdk/src/rp2_common/pico_float/float_conv32_vfp.S.o
LOAD CMakeFiles/loader.dir/mnt/c/pico-sdk/src/rp2_common/pico_float/float_common_m33.S.o
LOAD CMakeFiles/loader.dir/mnt/c/pico-sdk/src/rp2_common/pico_float/float_sci_m33_vfp.S.o
LOAD CMakeFiles/loader.dir/mnt/c/pico-sdk/src/rp2_common/pico_malloc/malloc.c.o
LOAD CMakeFiles/loader.dir/mnt/c/pico-sdk/src/rp2_common/pico_atomic/atomic.c.o
LOAD CMakeFiles/loader.dir/mnt/c/pico-sdk/src/rp2_common/pico_cxx_options/new_delete.cpp.o
LOAD CMakeFiles/loader.dir/mnt/c/pico-sdk/src/rp2_common/pico_standard_binary_info/standard_binary_info.c.o
LOAD CMakeFiles/loader.dir/mnt/c/pico-sdk/src/rp2_common/pico_printf/printf.c.o
LOAD CMakeFiles/loader.dir/mnt/c/pico-sdk/src/rp2_common/pico_crt0/crt0.S.o
LOAD CMakeFiles/loader.dir/mnt/c/pico-sdk/src/rp2_common/pico_clib_interface/newlib_interface.c.o
LOAD CMakeFiles/loader.dir/mnt/c/pico-sdk/src/rp2_common/pico_stdio/stdio.c.o
LOAD CMakeFiles/loader.dir/mnt/c/pico-sdk/src/rp2_common/pico_stdio_uart/stdio_uart.c.o
LOAD CMakeFiles/loader.dir/mnt/c/pico-sdk/src/rp2_common/pico_multicore/multicore.c.o
LOAD ../pico-sdk/src/rp2350/boot_stage2/CMakeFiles/bs2_default_library.dir/bs2_default_padded_checksummed.S.o
LOAD /usr/lib/gcc/arm-none-eabi/13.2.1/../../../arm-none-eabi/lib/thumb/v8-m.main+fp/softfp/libstdc++.a
LOAD /usr/lib/gcc/arm-none-eabi/13.2.1/../../../arm-none-eabi/lib/thumb/v8-m.main+fp/softfp/libm.a
START GROUP
LOAD /usr/lib/gcc/arm-none-eabi/13.2.1/thumb/v8-m.main+fp/softfp/libgcc.a
LOAD /usr/lib/gcc/arm-none-eabi/13.2.1/../../../arm-none-eabi/lib/thumb/v8-m.main+fp/softfp/libg.a
LOAD /usr/lib/gcc/arm-none-eabi/13.2.1/../../../arm-none-eabi/lib/thumb/v8-m.main+fp/softfp/libc.a
END GROUP
START GROUP
LOAD /usr/lib/gcc/arm-none-eabi/13.2.1/thumb/v8-m.main+fp/softfp/libgcc.a
LOAD /usr/lib/gcc/arm-none-eabi/13.2.1/../../../arm-none-eabi/lib/thumb/v8-m.main+fp/softfp/libc.a
LOAD /usr/lib/gcc/arm-none-eabi/13.2.1/../../../arm-none-eabi/lib/thumb/v8-m.main+fp/softfp/libnosys.a
END GROUP
LOAD /usr/lib/gcc/arm-none-eabi/13.2.1/thumb/v8-m.main+fp/softfp/crtend.o
LOAD /usr/lib/gcc/arm-none-eabi/13.2.1/thumb/v8-m.main+fp/softfp/crtn.o
OUTPUT(loader.elf elf32-littlearm)
LOAD linker stubs

.rel.dyn        0x10005e88        0x0
 .rel.iplt      0x10005e88        0x0 /usr/lib/gcc/arm-none-eabi/13.2.1/thumb/v8-m.main+fp/softfp/crtbegin.o

.ARM.attributes
                0x00000000       0x34
 .ARM.attributes
                0x00000000       0x26 /usr/lib/gcc/arm-none-eabi/13.2.1/thumb/v8-m.main+fp/softfp/crti.o
 .ARM.attributes
                0x00000026       0x36 /usr/lib/gcc/arm-none-eabi/13.2.1/thumb/v8-m.main+fp/softfp/crtbegin.o
 .ARM.attributes
                0x0000005c       0x38 CMakeFiles/loader.dir/main.c.o
 .ARM.attributes
                0x00000094       0x38 CMakeFiles/loader.dir/mnt/c/pico-sdk/src/rp2_common/hardware_gpio/gpio.c.o
 .ARM.attributes
                0x000000cc       0x38 CMakeFiles/loader.dir/mnt/c/pico-sdk/src/rp2_common/pico_platform_panic/panic.c.o
 .ARM.attributes
                0x00000104       0x38 CMakeFiles/loader.dir/mnt/c/pico-sdk/src/common/hardware_claim/claim.c.o
 .ARM.attributes
                0x0000013c       0x38 CMakeFiles/loader.dir/mnt/c/pico-sdk/src/rp2_common/hardware_sync/sync.c.o
 .ARM.attributes
                0x00000174       0x38 CMakeFiles/loader.dir/mnt/c/pico-sdk/src/rp2_common/hardware_sync_spin_lock/sync_spin_lock.c.o
 .ARM.attributes
                0x000001ac       0x38 CMakeFiles/loader.dir/mnt/c/pico-sdk/src/rp2_common/hardware_irq/irq.c.o
 .ARM.attributes
                0x000001e4       0x28 CMakeFiles/loader.dir/mnt/c/pico-sdk/src/rp2_common/hardware_irq/irq_handler_chain.S.o
 .ARM.attributes
                0x0000020c       0x38 CMakeFiles/loader.dir/mnt/c/pico-sdk/src/common/pico_sync/lock_core.c.o
 .ARM.attributes
                0x00000244       0x38 CMakeFiles/loader.dir/mnt/c/pico-sdk/src/common/pico_sync/mutex.c.o
 .ARM.attributes
                0x0000027c       0x38 CMakeFiles/loader.dir/mnt/c/pico-sdk/src/common/pico_time/time.c.o
 .ARM.attributes
                0x000002b4       0x38 CMakeFiles/loader.dir/mnt/c/pico-sdk/src/rp2_common/hardware_timer/timer.c.o
 .ARM.attributes
                0x000002ec       0x38 CMakeFiles/loader.dir/mnt/c/pico-sdk/src/rp2_common/hardware_uart/uart.c.o
 .ARM.attributes
                0x00000324       0x38 CMakeFiles/loader.dir/mnt/c/pico-sdk/src/rp2_common/hardware_clocks/clocks.c.o
 .ARM.attributes
                0x0000035c       0x38 CMakeFiles/loader.dir/mnt/c/pico-sdk/src/rp2_common/hardware_pll/pll.c.o
 .ARM.attributes
                0x00000394       0x38 CMakeFiles/loader.dir/mnt/c/pico-sdk/src/rp2_common/hardware_ticks/ticks.c.o
 .ARM.attributes
                0x000003cc       0x38 CMakeFiles/loader.dir/mnt/c/pico-sdk/src/rp2_common/pico_bootrom/bootrom.c.o
 .ARM.attributes
                0x00000404       0x38 CMakeFiles/loader.dir/mnt/c/pico-sdk/src/rp2_common/pico_bootrom/bootrom_lock.c.o
 .ARM.attributes
                0x0000043c       0x38 CMakeFiles/loader.dir/mnt/c/pico-sdk/src/rp2_common/hardware_boot_lock/boot_lock.c.o
 .ARM.attributes
                0x00000474       0x38 CMakeFiles/loader.dir/mnt/c/pico-sdk/src/rp2_common/hardware_xosc/xosc.c.o
 .ARM.attributes
                0x000004ac       0x38 CMakeFiles/loader.dir/mnt/c/pico-sdk/src/rp2_common/pico_runtime/runtime.c.o
 .ARM.attributes
                0x000004e4       0x38 CMakeFiles/loader.dir/mnt/c/pico-sdk/src/rp2_common/pico_runtime_init/runtime_init.c.o
 .ARM.attributes
                0x0000051c       0x38 CMakeFiles/loader.dir/mnt/c/pico-sdk/src/rp2_common/pico_runtime_init/runtime_init_clocks.c.o
 .ARM.attributes
                0x00000554       0x28 CMakeFiles/loader.dir/mnt/c/pico-sdk/src/rp2_common/pico_double/double_aeabi_dcp.S.o
 .ARM.attributes
                0x0000057c       0x38 CMakeFiles/loader.dir/mnt/c/pico-sdk/src/rp2_common/pico_malloc/malloc.c.o
 .ARM.attributes
                0x000005b4       0x38 CMakeFiles/loader.dir/mnt/c/pico-sdk/src/rp2_common/pico_standard_binary_info/standard_binary_info.c.o
 .ARM.attributes
                0x000005ec       0x38 CMakeFiles/loader.dir/mnt/c/pico-sdk/src/rp2_common/pico_printf/printf.c.o
 .ARM.attributes
                0x00000624       0x28 CMakeFiles/loader.dir/mnt/c/pico-sdk/src/rp2_common/pico_crt0/crt0.S.o
 .ARM.attributes
                0x0000064c       0x38 CMakeFiles/loader.dir/mnt/c/pico-sdk/src/rp2_common/pico_clib_interface/newlib_interface.c.o
 .ARM.attributes
                0x00000684       0x38 CMakeFiles/loader.dir/mnt/c/pico-sdk/src/rp2_common/pico_stdio/stdio.c.o
 .ARM.attributes
                0x000006bc       0x38 CMakeFiles/loader.dir/mnt/c/pico-sdk/src/rp2_common/pico_stdio_uart/stdio_uart.c.o
 .ARM.attributes
                0x000006f4       0x38 CMakeFiles/loader.dir/mnt/c/pico-sdk/src/rp2_common/pico_multicore/multicore.c.o
 .ARM.attributes
                0x0000072c       0x26 /usr/lib/gcc/arm-none-eabi/13.2.1/thumb/v8-m.main+fp/softfp/libgcc.a(_aeabi_uldivmod.o)
 .ARM.attributes
                0x00000752       0x36 /usr/lib/gcc/arm-none-eabi/13.2.1/thumb/v8-m.main+fp/softfp/libgcc.a(_udivmoddi4.o)
 .ARM.attributes
                0x00000788       0x26 /usr/lib/gcc/arm-none-eabi/13.2.1/thumb/v8-m.main+fp/softfp/libgcc.a(_dvmd_tls.o)
 .ARM.attributes
                0x000007ae       0x24 /usr/lib/gcc/arm-none-eabi/13.2.1/../../../arm-none-eabi/lib/thumb/v8-m.main+fp/softfp/libg.a(libc_a-memcpy.o)
 .ARM.attributes
                0x000007d2       0x36 /usr/lib/gcc/arm-none-eabi/13.2.1/../../../arm-none-eabi/lib/thumb/v8-m.main+fp/softfp/libg.a(libc_a-atexit.o)
 .ARM.attributes
                0x00000808       0x36 /usr/lib/gcc/arm-none-eabi/13.2.1/../../../arm-none-eabi/lib/thumb/v8-m.main+fp/softfp/libg.a(libc_a-strlen-stub.o)
 .ARM.attributes
                0x0000083e       0x36 /usr/lib/gcc/arm-none-eabi/13.2.1/../../../arm-none-eabi/lib/thumb/v8-m.main+fp/softfp/libg.a(libc_a-fini.o)
 .ARM.attributes
                0x00000874       0x36 /usr/lib/gcc/arm-none-eabi/13.2.1/../../../arm-none-eabi/lib/thumb/v8-m.main+fp/softfp/libg.a(libc_a-__atexit.o)
 .ARM.attributes
                0x000008aa       0x36 /usr/lib/gcc/arm-none-eabi/13.2.1/../../../arm-none-eabi/lib/thumb/v8-m.main+fp/softfp/libg.a(libc_a-__call_atexit.o)
 .ARM.attributes
                0x000008e0       0x36 /usr/lib/gcc/arm-none-eabi/13.2.1/thumb/v8-m.main+fp/softfp/crtend.o

.comment        0x00000000       0x26
 .comment       0x00000000       0x26 /usr/lib/gcc/arm-none-eabi/13.2.1/thumb/v8-m.main+fp/softfp/crtbegin.o
                                 0x27 (size before relaxing)
 .comment       0x00000026       0x27 CMakeFiles/loader.dir/main.c.o
 .comment       0x00000026       0x27 CMakeFiles/loader.dir/mnt/c/pico-sdk/src/rp2_common/hardware_gpio/gpio.c.o
 .comment       0x00000026       0x27 CMakeFiles/loader.dir/mnt/c/pico-sdk/src/rp2_common/pico_platform_panic/panic.c.o
 .comment       0x00000026       0x27 CMakeFiles/loader.dir/mnt/c/pico-sdk/src/common/hardware_claim/claim.c.o
 .comment       0x00000026       0x27 CMakeFiles/loader.dir/mnt/c/pico-sdk/src/rp2_common/hardware_sync/sync.c.o
 .comment       0x00000026       0x27 CMakeFiles/loader.dir/mnt/c/pico-sdk/src/rp2_common/hardware_sync_spin_lock/sync_spin_lock.c.o
 .comment       0x00000026       0x27 CMakeFiles/loader.dir/mnt/c/pico-sdk/src/rp2_common/hardware_irq/irq.c.o
 .comment       0x00000026       0x27 CMakeFiles/loader.dir/mnt/c/pico-sdk/src/common/pico_sync/lock_core.c.o
 .comment       0x00000026       0x27 CMakeFiles/loader.dir/mnt/c/pico-sdk/src/common/pico_sync/mutex.c.o
 .comment       0x00000026       0x27 CMakeFiles/loader.dir/mnt/c/pico-sdk/src/common/pico_time/time.c.o
 .comment       0x00000026       0x27 CMakeFiles/loader.dir/mnt/c/pico-sdk/src/rp2_common/hardware_timer/timer.c.o
 .comment       0x00000026       0x27 CMakeFiles/loader.dir/mnt/c/pico-sdk/src/rp2_common/hardware_uart/uart.c.o
 .comment       0x00000026       0x27 CMakeFiles/loader.dir/mnt/c/pico-sdk/src/rp2_common/hardware_clocks/clocks.c.o
 .comment       0x00000026       0x27 CMakeFiles/loader.dir/mnt/c/pico-sdk/src/rp2_common/hardware_pll/pll.c.o
 .comment       0x00000026       0x27 CMakeFiles/loader.dir/mnt/c/pico-sdk/src/rp2_common/hardware_ticks/ticks.c.o
 .comment       0x00000026       0x27 CMakeFiles/loader.dir/mnt/c/pico-sdk/src/rp2_common/pico_bootrom/bootrom.c.o
 .comment       0x00000026       0x27 CMakeFiles/loader.dir/mnt/c/pico-sdk/src/rp2_common/pico_bootrom/bootrom_lock.c.o
 .comment       0x00000026       0x27 CMakeFiles/loader.dir/mnt/c/pico-sdk/src/rp2_common/hardware_boot_lock/boot_lock.c.o
 .comment       0x00000026       0x27 CMakeFiles/loader.dir/mnt/c/pico-sdk/src/rp2_common/hardware_xosc/xosc.c.o
 .comment       0x00000026       0x27 CMakeFiles/loader.dir/mnt/c/pico-sdk/src/rp2_common/pico_runtime/runtime.c.o
 .comment       0x00000026       0x27 CMakeFiles/loader.dir/mnt/c/pico-sdk/src/rp2_common/pico_runtime_init/runtime_init.c.o
 .comment       0x00000026       0x27 CMakeFiles/loader.dir/mnt/c/pico-sdk/src/rp2_common/pico_runtime_init/runtime_init_clocks.c.o
 .comment       0x00000026       0x27 CMakeFiles/loader.dir/mnt/c/pico-sdk/src/rp2_common/pico_malloc/malloc.c.o
 .comment       0x00000026       0x27 CMakeFiles/loader.dir/mnt/c/pico-sdk/src/rp2_common/pico_standard_binary_info/standard_binary_info.c.o
 .comment       0x00000026       0x27 CMakeFiles/loader.dir/mnt/c/pico-sdk/src/rp2_common/pico_printf/printf.c.o
 .comment       0x00000026       0x27 CMakeFiles/loader.dir/mnt/c/pico-sdk/src/rp2_common/pico_clib_interface/newlib_interface.c.o
 .comment       0x00000026       0x27 CMakeFiles/loader.dir/mnt/c/pico-sdk/src/rp2_common/pico_stdio/stdio.c.o
 .comment       0x00000026       0x27 CMakeFiles/loader.dir/mnt/c/pico-sdk/src/rp2_common/pico_stdio_uart/stdio_uart.c.o
 .comment       0x00000026       0x27 CMakeFiles/loader.dir/mnt/c/pico-sdk/src/rp2_common/pico_multicore/multicore.c.o
 .comment       0x00000026       0x27 /usr/lib/gcc/arm-none-eabi/13.2.1/thumb/v8-m.main+fp/softfp/libgcc.a(_udivmoddi4.o)
 .comment       0x00000026       0x27 /usr/lib/gcc/arm-none-eabi/13.2.1/../../../arm-none-eabi/lib/thumb/v8-m.main+fp/softfp/libg.a(libc_a-atexit.o)
 .comment       0x00000026       0x27 /usr/lib/gcc/arm-none-eabi/13.2.1/../../../arm-none-eabi/lib/thumb/v8-m.main+fp/softfp/libg.a(libc_a-strlen-stub.o)
 .comment       0x00000026       0x27 /usr/lib/gcc/arm-none-eabi/13.2.1/../../../arm-none-eabi/lib/thumb/v8-m.main+fp/softfp/libg.a(libc_a-fini.o)
 .comment       0x00000026       0x27 /usr/lib/gcc/arm-none-eabi/13.2.1/../../../arm-none-eabi/lib/thumb/v8-m.main+fp/softfp/libg.a(libc_a-__atexit.o)
 .comment       0x00000026       0x27 /usr/lib/gcc/arm-none-eabi/13.2.1/../../../arm-none-eabi/lib/thumb/v8-m.main+fp/softfp/libg.a(libc_a-__call_atexit.o)
 .comment       0x00000026       0x27 /usr/lib/gcc/arm-none-eabi/13.2.1/thumb/v8-m.main+fp/softfp/crtend.o

.debug_info     0x00000000    0x23eea
 .debug_info    0x00000000      0xac0 CMakeFiles/loader.dir/main.c.o
 .debug_info    0x00000ac0     0x23b5 CMakeFiles/loader.dir/mnt/c/pico-sdk/src/rp2_common/hardware_gpio/gpio.c.o
 .debug_info    0x00002e75      0x1be CMakeFiles/loader.dir/mnt/c/pico-sdk/src/rp2_common/pico_platform_panic/panic.c.o
 .debug_info    0x00003033      0xb64 CMakeFiles/loader.dir/mnt/c/pico-sdk/src/common/hardware_claim/claim.c.o
 .debug_info    0x00003b97      0x44d CMakeFiles/loader.dir/mnt/c/pico-sdk/src/rp2_common/hardware_sync/sync.c.o
 .debug_info    0x00003fe4     0x143a CMakeFiles/loader.dir/mnt/c/pico-sdk/src/rp2_common/hardware_sync_spin_lock/sync_spin_lock.c.o
 .debug_info    0x0000541e     0x25e3 CMakeFiles/loader.dir/mnt/c/pico-sdk/src/rp2_common/hardware_irq/irq.c.o
 .debug_info    0x00007a01      0x17b CMakeFiles/loader.dir/mnt/c/pico-sdk/src/common/pico_sync/lock_core.c.o
 .debug_info    0x00007b7c     0x1e27 CMakeFiles/loader.dir/mnt/c/pico-sdk/src/common/pico_sync/mutex.c.o
 .debug_info    0x000099a3     0x4c04 CMakeFiles/loader.dir/mnt/c/pico-sdk/src/common/pico_time/time.c.o
 .debug_info    0x0000e5a7     0x3082 CMakeFiles/loader.dir/mnt/c/pico-sdk/src/rp2_common/hardware_timer/timer.c.o
 .debug_info    0x00011629     0x1982 CMakeFiles/loader.dir/mnt/c/pico-sdk/src/rp2_common/hardware_uart/uart.c.o
 .debug_info    0x00012fab     0x2891 CMakeFiles/loader.dir/mnt/c/pico-sdk/src/rp2_common/hardware_clocks/clocks.c.o
 .debug_info    0x0001583c      0x4ef CMakeFiles/loader.dir/mnt/c/pico-sdk/src/rp2_common/hardware_pll/pll.c.o
 .debug_info    0x00015d2b      0x254 CMakeFiles/loader.dir/mnt/c/pico-sdk/src/rp2_common/hardware_ticks/ticks.c.o
 .debug_info    0x00015f7f     0x1077 CMakeFiles/loader.dir/mnt/c/pico-sdk/src/rp2_common/pico_bootrom/bootrom.c.o
 .debug_info    0x00016ff6      0x1ac CMakeFiles/loader.dir/mnt/c/pico-sdk/src/rp2_common/pico_bootrom/bootrom_lock.c.o
 .debug_info    0x000171a2      0x2fe CMakeFiles/loader.dir/mnt/c/pico-sdk/src/rp2_common/hardware_boot_lock/boot_lock.c.o
 .debug_info    0x000174a0      0x199 CMakeFiles/loader.dir/mnt/c/pico-sdk/src/rp2_common/hardware_xosc/xosc.c.o
 .debug_info    0x00017639      0x20e CMakeFiles/loader.dir/mnt/c/pico-sdk/src/rp2_common/pico_runtime/runtime.c.o
 .debug_info    0x00017847     0x1c1c CMakeFiles/loader.dir/mnt/c/pico-sdk/src/rp2_common/pico_runtime_init/runtime_init.c.o
 .debug_info    0x00019463      0x7b0 CMakeFiles/loader.dir/mnt/c/pico-sdk/src/rp2_common/pico_runtime_init/runtime_init_clocks.c.o
 .debug_info    0x00019c13       0x23 CMakeFiles/loader.dir/mnt/c/pico-sdk/src/rp2_common/pico_double/double_aeabi_dcp.S.o
 .debug_info    0x00019c36      0x6a6 CMakeFiles/loader.dir/mnt/c/pico-sdk/src/rp2_common/pico_malloc/malloc.c.o
 .debug_info    0x0001a2dc      0x288 CMakeFiles/loader.dir/mnt/c/pico-sdk/src/rp2_common/pico_standard_binary_info/standard_binary_info.c.o
 .debug_info    0x0001a564     0x2075 CMakeFiles/loader.dir/mnt/c/pico-sdk/src/rp2_common/pico_printf/printf.c.o
 .debug_info    0x0001c5d9       0x23 CMakeFiles/loader.dir/mnt/c/pico-sdk/src/rp2_common/pico_crt0/crt0.S.o
 .debug_info    0x0001c5fc      0xc25 CMakeFiles/loader.dir/mnt/c/pico-sdk/src/rp2_common/pico_clib_interface/newlib_interface.c.o
 .debug_info    0x0001d221     0x1d47 CMakeFiles/loader.dir/mnt/c/pico-sdk/src/rp2_common/pico_stdio/stdio.c.o
 .debug_info    0x0001ef68     0x18d3 CMakeFiles/loader.dir/mnt/c/pico-sdk/src/rp2_common/pico_stdio_uart/stdio_uart.c.o
 .debug_info    0x0002083b     0x27d4 CMakeFiles/loader.dir/mnt/c/pico-sdk/src/rp2_common/pico_multicore/multicore.c.o
 .debug_info    0x0002300f       0x24 /usr/lib/gcc/arm-none-eabi/13.2.1/thumb/v8-m.main+fp/softfp/libgcc.a(_aeabi_uldivmod.o)
 .debug_info    0x00023033      0x6f5 /usr/lib/gcc/arm-none-eabi/13.2.1/thumb/v8-m.main+fp/softfp/libgcc.a(_udivmoddi4.o)
 .debug_info    0x00023728       0x3c /usr/lib/gcc/arm-none-eabi/13.2.1/thumb/v8-m.main+fp/softfp/libgcc.a(_dvmd_tls.o)
 .debug_info    0x00023764       0x33 /usr/lib/gcc/arm-none-eabi/13.2.1/../../../arm-none-eabi/lib/thumb/v8-m.main+fp/softfp/libg.a(libc_a-memcpy.o)
 .debug_info    0x00023797      0x11e /usr/lib/gcc/arm-none-eabi/13.2.1/../../../arm-none-eabi/lib/thumb/v8-m.main+fp/softfp/libg.a(libc_a-atexit.o)
 .debug_info    0x000238b5       0xbd /usr/lib/gcc/arm-none-eabi/13.2.1/../../../arm-none-eabi/lib/thumb/v8-m.main+fp/softfp/libg.a(libc_a-strlen-stub.o)
 .debug_info    0x00023972       0xf7 /usr/lib/gcc/arm-none-eabi/13.2.1/../../../arm-none-eabi/lib/thumb/v8-m.main+fp/softfp/libg.a(libc_a-fini.o)
 .debug_info    0x00023a69      0x1fd /usr/lib/gcc/arm-none-eabi/13.2.1/../../../arm-none-eabi/lib/thumb/v8-m.main+fp/softfp/libg.a(libc_a-__atexit.o)
 .debug_info    0x00023c66      0x284 /usr/lib/gcc/arm-none-eabi/13.2.1/../../../arm-none-eabi/lib/thumb/v8-m.main+fp/softfp/libg.a(libc_a-__call_atexit.o)

.debug_abbrev   0x00000000     0x67ab
 .debug_abbrev  0x00000000      0x321 CMakeFiles/loader.dir/main.c.o
 .debug_abbrev  0x00000321      0x535 CMakeFiles/loader.dir/mnt/c/pico-sdk/src/rp2_common/hardware_gpio/gpio.c.o
 .debug_abbrev  0x00000856      0x12b CMakeFiles/loader.dir/mnt/c/pico-sdk/src/rp2_common/pico_platform_panic/panic.c.o
 .debug_abbrev  0x00000981      0x35c CMakeFiles/loader.dir/mnt/c/pico-sdk/src/common/hardware_claim/claim.c.o
 .debug_abbrev  0x00000cdd      0x22d CMakeFiles/loader.dir/mnt/c/pico-sdk/src/rp2_common/hardware_sync/sync.c.o
 .debug_abbrev  0x00000f0a      0x26e CMakeFiles/loader.dir/mnt/c/pico-sdk/src/rp2_common/hardware_sync_spin_lock/sync_spin_lock.c.o
 .debug_abbrev  0x00001178      0x628 CMakeFiles/loader.dir/mnt/c/pico-sdk/src/rp2_common/hardware_irq/irq.c.o
 .debug_abbrev  0x000017a0      0x11e CMakeFiles/loader.dir/mnt/c/pico-sdk/src/common/pico_sync/lock_core.c.o
 .debug_abbrev  0x000018be      0x49b CMakeFiles/loader.dir/mnt/c/pico-sdk/src/common/pico_sync/mutex.c.o
 .debug_abbrev  0x00001d59      0x65c CMakeFiles/loader.dir/mnt/c/pico-sdk/src/common/pico_time/time.c.o
 .debug_abbrev  0x000023b5      0x4f9 CMakeFiles/loader.dir/mnt/c/pico-sdk/src/rp2_common/hardware_timer/timer.c.o
 .debug_abbrev  0x000028ae      0x367 CMakeFiles/loader.dir/mnt/c/pico-sdk/src/rp2_common/hardware_uart/uart.c.o
 .debug_abbrev  0x00002c15      0x4fc CMakeFiles/loader.dir/mnt/c/pico-sdk/src/rp2_common/hardware_clocks/clocks.c.o
 .debug_abbrev  0x00003111      0x1a8 CMakeFiles/loader.dir/mnt/c/pico-sdk/src/rp2_common/hardware_pll/pll.c.o
 .debug_abbrev  0x000032b9      0x146 CMakeFiles/loader.dir/mnt/c/pico-sdk/src/rp2_common/hardware_ticks/ticks.c.o
 .debug_abbrev  0x000033ff      0x456 CMakeFiles/loader.dir/mnt/c/pico-sdk/src/rp2_common/pico_bootrom/bootrom.c.o
 .debug_abbrev  0x00003855       0xfb CMakeFiles/loader.dir/mnt/c/pico-sdk/src/rp2_common/pico_bootrom/bootrom_lock.c.o
 .debug_abbrev  0x00003950      0x1de CMakeFiles/loader.dir/mnt/c/pico-sdk/src/rp2_common/hardware_boot_lock/boot_lock.c.o
 .debug_abbrev  0x00003b2e      0x109 CMakeFiles/loader.dir/mnt/c/pico-sdk/src/rp2_common/hardware_xosc/xosc.c.o
 .debug_abbrev  0x00003c37      0x182 CMakeFiles/loader.dir/mnt/c/pico-sdk/src/rp2_common/pico_runtime/runtime.c.o
 .debug_abbrev  0x00003db9      0x310 CMakeFiles/loader.dir/mnt/c/pico-sdk/src/rp2_common/pico_runtime_init/runtime_init.c.o
 .debug_abbrev  0x000040c9      0x29d CMakeFiles/loader.dir/mnt/c/pico-sdk/src/rp2_common/pico_runtime_init/runtime_init_clocks.c.o
 .debug_abbrev  0x00004366       0x12 CMakeFiles/loader.dir/mnt/c/pico-sdk/src/rp2_common/pico_double/double_aeabi_dcp.S.o
 .debug_abbrev  0x00004378      0x21d CMakeFiles/loader.dir/mnt/c/pico-sdk/src/rp2_common/pico_malloc/malloc.c.o
 .debug_abbrev  0x00004595       0xb8 CMakeFiles/loader.dir/mnt/c/pico-sdk/src/rp2_common/pico_standard_binary_info/standard_binary_info.c.o
 .debug_abbrev  0x0000464d      0x540 CMakeFiles/loader.dir/mnt/c/pico-sdk/src/rp2_common/pico_printf/printf.c.o
 .debug_abbrev  0x00004b8d       0x12 CMakeFiles/loader.dir/mnt/c/pico-sdk/src/rp2_common/pico_crt0/crt0.S.o
 .debug_abbrev  0x00004b9f      0x375 CMakeFiles/loader.dir/mnt/c/pico-sdk/src/rp2_common/pico_clib_interface/newlib_interface.c.o
 .debug_abbrev  0x00004f14      0x602 CMakeFiles/loader.dir/mnt/c/pico-sdk/src/rp2_common/pico_stdio/stdio.c.o
 .debug_abbrev  0x00005516      0x493 CMakeFiles/loader.dir/mnt/c/pico-sdk/src/rp2_common/pico_stdio_uart/stdio_uart.c.o
 .debug_abbrev  0x000059a9      0x6fd CMakeFiles/loader.dir/mnt/c/pico-sdk/src/rp2_common/pico_multicore/multicore.c.o
 .debug_abbrev  0x000060a6       0x14 /usr/lib/gcc/arm-none-eabi/13.2.1/thumb/v8-m.main+fp/softfp/libgcc.a(_aeabi_uldivmod.o)
 .debug_abbrev  0x000060ba      0x16a /usr/lib/gcc/arm-none-eabi/13.2.1/thumb/v8-m.main+fp/softfp/libgcc.a(_udivmoddi4.o)
 .debug_abbrev  0x00006224       0x26 /usr/lib/gcc/arm-none-eabi/13.2.1/thumb/v8-m.main+fp/softfp/libgcc.a(_dvmd_tls.o)
 .debug_abbrev  0x0000624a       0x28 /usr/lib/gcc/arm-none-eabi/13.2.1/../../../arm-none-eabi/lib/thumb/v8-m.main+fp/softfp/libg.a(libc_a-memcpy.o)
 .debug_abbrev  0x00006272       0xc1 /usr/lib/gcc/arm-none-eabi/13.2.1/../../../arm-none-eabi/lib/thumb/v8-m.main+fp/softfp/libg.a(libc_a-atexit.o)
 .debug_abbrev  0x00006333       0x78 /usr/lib/gcc/arm-none-eabi/13.2.1/../../../arm-none-eabi/lib/thumb/v8-m.main+fp/softfp/libg.a(libc_a-strlen-stub.o)
 .debug_abbrev  0x000063ab       0xcc /usr/lib/gcc/arm-none-eabi/13.2.1/../../../arm-none-eabi/lib/thumb/v8-m.main+fp/softfp/libg.a(libc_a-fini.o)
 .debug_abbrev  0x00006477      0x157 /usr/lib/gcc/arm-none-eabi/13.2.1/../../../arm-none-eabi/lib/thumb/v8-m.main+fp/softfp/libg.a(libc_a-__atexit.o)
 .debug_abbrev  0x000065ce      0x1dd /usr/lib/gcc/arm-none-eabi/13.2.1/../../../arm-none-eabi/lib/thumb/v8-m.main+fp/softfp/libg.a(libc_a-__call_atexit.o)

.debug_loclists
                0x00000000    0x11c95
 .debug_loclists
                0x00000000      0x169 CMakeFiles/loader.dir/main.c.o
 .debug_loclists
                0x00000169     0x1911 CMakeFiles/loader.dir/mnt/c/pico-sdk/src/rp2_common/hardware_gpio/gpio.c.o
 .debug_loclists
                0x00001a7a      0x451 CMakeFiles/loader.dir/mnt/c/pico-sdk/src/common/hardware_claim/claim.c.o
 .debug_loclists
                0x00001ecb      0x107 CMakeFiles/loader.dir/mnt/c/pico-sdk/src/rp2_common/hardware_sync/sync.c.o
 .debug_loclists
                0x00001fd2       0xa2 CMakeFiles/loader.dir/mnt/c/pico-sdk/src/rp2_common/hardware_sync_spin_lock/sync_spin_lock.c.o
 .debug_loclists
                0x00002074     0x10e3 CMakeFiles/loader.dir/mnt/c/pico-sdk/src/rp2_common/hardware_irq/irq.c.o
 .debug_loclists
                0x00003157       0x17 CMakeFiles/loader.dir/mnt/c/pico-sdk/src/common/pico_sync/lock_core.c.o
 .debug_loclists
                0x0000316e      0xae5 CMakeFiles/loader.dir/mnt/c/pico-sdk/src/common/pico_sync/mutex.c.o
 .debug_loclists
                0x00003c53     0x29de CMakeFiles/loader.dir/mnt/c/pico-sdk/src/common/pico_time/time.c.o
 .debug_loclists
                0x00006631     0x1a37 CMakeFiles/loader.dir/mnt/c/pico-sdk/src/rp2_common/hardware_timer/timer.c.o
 .debug_loclists
                0x00008068      0xc8f CMakeFiles/loader.dir/mnt/c/pico-sdk/src/rp2_common/hardware_uart/uart.c.o
 .debug_loclists
                0x00008cf7     0x20ca CMakeFiles/loader.dir/mnt/c/pico-sdk/src/rp2_common/hardware_clocks/clocks.c.o
 .debug_loclists
                0x0000adc1      0x1b7 CMakeFiles/loader.dir/mnt/c/pico-sdk/src/rp2_common/hardware_pll/pll.c.o
 .debug_loclists
                0x0000af78       0x8b CMakeFiles/loader.dir/mnt/c/pico-sdk/src/rp2_common/hardware_ticks/ticks.c.o
 .debug_loclists
                0x0000b003      0x80b CMakeFiles/loader.dir/mnt/c/pico-sdk/src/rp2_common/pico_bootrom/bootrom.c.o
 .debug_loclists
                0x0000b80e       0x28 CMakeFiles/loader.dir/mnt/c/pico-sdk/src/rp2_common/pico_bootrom/bootrom_lock.c.o
 .debug_loclists
                0x0000b836       0x78 CMakeFiles/loader.dir/mnt/c/pico-sdk/src/rp2_common/hardware_boot_lock/boot_lock.c.o
 .debug_loclists
                0x0000b8ae       0x48 CMakeFiles/loader.dir/mnt/c/pico-sdk/src/rp2_common/hardware_xosc/xosc.c.o
 .debug_loclists
                0x0000b8f6       0x7e CMakeFiles/loader.dir/mnt/c/pico-sdk/src/rp2_common/pico_runtime/runtime.c.o
 .debug_loclists
                0x0000b974      0x129 CMakeFiles/loader.dir/mnt/c/pico-sdk/src/rp2_common/pico_runtime_init/runtime_init.c.o
 .debug_loclists
                0x0000ba9d       0x74 CMakeFiles/loader.dir/mnt/c/pico-sdk/src/rp2_common/pico_runtime_init/runtime_init_clocks.c.o
 .debug_loclists
                0x0000bb11      0x1d0 CMakeFiles/loader.dir/mnt/c/pico-sdk/src/rp2_common/pico_malloc/malloc.c.o
 .debug_loclists
                0x0000bce1     0x290d CMakeFiles/loader.dir/mnt/c/pico-sdk/src/rp2_common/pico_printf/printf.c.o
 .debug_loclists
                0x0000e5ee      0x425 CMakeFiles/loader.dir/mnt/c/pico-sdk/src/rp2_common/pico_clib_interface/newlib_interface.c.o
 .debug_loclists
                0x0000ea13      0xb12 CMakeFiles/loader.dir/mnt/c/pico-sdk/src/rp2_common/pico_stdio/stdio.c.o
 .debug_loclists
                0x0000f525      0x882 CMakeFiles/loader.dir/mnt/c/pico-sdk/src/rp2_common/pico_stdio_uart/stdio_uart.c.o
 .debug_loclists
                0x0000fda7     0x1331 CMakeFiles/loader.dir/mnt/c/pico-sdk/src/rp2_common/pico_multicore/multicore.c.o
 .debug_loclists
                0x000110d8      0x93f /usr/lib/gcc/arm-none-eabi/13.2.1/thumb/v8-m.main+fp/softfp/libgcc.a(_udivmoddi4.o)
 .debug_loclists
                0x00011a17       0x2b /usr/lib/gcc/arm-none-eabi/13.2.1/../../../arm-none-eabi/lib/thumb/v8-m.main+fp/softfp/libg.a(libc_a-atexit.o)
 .debug_loclists
                0x00011a42       0x29 /usr/lib/gcc/arm-none-eabi/13.2.1/../../../arm-none-eabi/lib/thumb/v8-m.main+fp/softfp/libg.a(libc_a-strlen-stub.o)
 .debug_loclists
                0x00011a6b       0x42 /usr/lib/gcc/arm-none-eabi/13.2.1/../../../arm-none-eabi/lib/thumb/v8-m.main+fp/softfp/libg.a(libc_a-fini.o)
 .debug_loclists
                0x00011aad       0xe6 /usr/lib/gcc/arm-none-eabi/13.2.1/../../../arm-none-eabi/lib/thumb/v8-m.main+fp/softfp/libg.a(libc_a-__atexit.o)
 .debug_loclists
                0x00011b93      0x102 /usr/lib/gcc/arm-none-eabi/13.2.1/../../../arm-none-eabi/lib/thumb/v8-m.main+fp/softfp/libg.a(libc_a-__call_atexit.o)

.debug_aranges  0x00000000      0xe10
 .debug_aranges
                0x00000000       0x20 CMakeFiles/loader.dir/main.c.o
 .debug_aranges
                0x00000020      0x118 CMakeFiles/loader.dir/mnt/c/pico-sdk/src/rp2_common/hardware_gpio/gpio.c.o
 .debug_aranges
                0x00000138       0x28 CMakeFiles/loader.dir/mnt/c/pico-sdk/src/rp2_common/pico_platform_panic/panic.c.o
 .debug_aranges
                0x00000160       0x48 CMakeFiles/loader.dir/mnt/c/pico-sdk/src/common/hardware_claim/claim.c.o
 .debug_aranges
                0x000001a8       0x48 CMakeFiles/loader.dir/mnt/c/pico-sdk/src/rp2_common/hardware_sync/sync.c.o
 .debug_aranges
                0x000001f0       0x30 CMakeFiles/loader.dir/mnt/c/pico-sdk/src/rp2_common/hardware_sync_spin_lock/sync_spin_lock.c.o
 .debug_aranges
                0x00000220       0xb8 CMakeFiles/loader.dir/mnt/c/pico-sdk/src/rp2_common/hardware_irq/irq.c.o
 .debug_aranges
                0x000002d8       0x20 CMakeFiles/loader.dir/mnt/c/pico-sdk/src/common/pico_sync/lock_core.c.o
 .debug_aranges
                0x000002f8       0x98 CMakeFiles/loader.dir/mnt/c/pico-sdk/src/common/pico_sync/mutex.c.o
 .debug_aranges
                0x00000390       0xe0 CMakeFiles/loader.dir/mnt/c/pico-sdk/src/common/pico_time/time.c.o
 .debug_aranges
                0x00000470       0xf0 CMakeFiles/loader.dir/mnt/c/pico-sdk/src/rp2_common/hardware_timer/timer.c.o
 .debug_aranges
                0x00000560       0x58 CMakeFiles/loader.dir/mnt/c/pico-sdk/src/rp2_common/hardware_uart/uart.c.o
 .debug_aranges
                0x000005b8       0x90 CMakeFiles/loader.dir/mnt/c/pico-sdk/src/rp2_common/hardware_clocks/clocks.c.o
 .debug_aranges
                0x00000648       0x28 CMakeFiles/loader.dir/mnt/c/pico-sdk/src/rp2_common/hardware_pll/pll.c.o
 .debug_aranges
                0x00000670       0x30 CMakeFiles/loader.dir/mnt/c/pico-sdk/src/rp2_common/hardware_ticks/ticks.c.o
 .debug_aranges
                0x000006a0       0x60 CMakeFiles/loader.dir/mnt/c/pico-sdk/src/rp2_common/pico_bootrom/bootrom.c.o
 .debug_aranges
                0x00000700       0x20 CMakeFiles/loader.dir/mnt/c/pico-sdk/src/rp2_common/pico_bootrom/bootrom_lock.c.o
 .debug_aranges
                0x00000720       0x30 CMakeFiles/loader.dir/mnt/c/pico-sdk/src/rp2_common/hardware_boot_lock/boot_lock.c.o
 .debug_aranges
                0x00000750       0x30 CMakeFiles/loader.dir/mnt/c/pico-sdk/src/rp2_common/hardware_xosc/xosc.c.o
 .debug_aranges
                0x00000780       0x38 CMakeFiles/loader.dir/mnt/c/pico-sdk/src/rp2_common/pico_runtime/runtime.c.o
 .debug_aranges
                0x000007b8       0x58 CMakeFiles/loader.dir/mnt/c/pico-sdk/src/rp2_common/pico_runtime_init/runtime_init.c.o
 .debug_aranges
                0x00000810       0x20 CMakeFiles/loader.dir/mnt/c/pico-sdk/src/rp2_common/pico_runtime_init/runtime_init_clocks.c.o
 .debug_aranges
                0x00000830       0xf8 CMakeFiles/loader.dir/mnt/c/pico-sdk/src/rp2_common/pico_double/double_aeabi_dcp.S.o
 .debug_aranges
                0x00000928       0x38 CMakeFiles/loader.dir/mnt/c/pico-sdk/src/rp2_common/pico_malloc/malloc.c.o
 .debug_aranges
                0x00000960       0x18 CMakeFiles/loader.dir/mnt/c/pico-sdk/src/rp2_common/pico_standard_binary_info/standard_binary_info.c.o
 .debug_aranges
                0x00000978       0x90 CMakeFiles/loader.dir/mnt/c/pico-sdk/src/rp2_common/pico_printf/printf.c.o
 .debug_aranges
                0x00000a08       0x28 CMakeFiles/loader.dir/mnt/c/pico-sdk/src/rp2_common/pico_crt0/crt0.S.o
 .debug_aranges
                0x00000a30       0xa8 CMakeFiles/loader.dir/mnt/c/pico-sdk/src/rp2_common/pico_clib_interface/newlib_interface.c.o
 .debug_aranges
                0x00000ad8       0xc8 CMakeFiles/loader.dir/mnt/c/pico-sdk/src/rp2_common/pico_stdio/stdio.c.o
 .debug_aranges
                0x00000ba0       0x80 CMakeFiles/loader.dir/mnt/c/pico-sdk/src/rp2_common/pico_stdio_uart/stdio_uart.c.o
 .debug_aranges
                0x00000c20       0xc8 CMakeFiles/loader.dir/mnt/c/pico-sdk/src/rp2_common/pico_multicore/multicore.c.o
 .debug_aranges
                0x00000ce8       0x20 /usr/lib/gcc/arm-none-eabi/13.2.1/thumb/v8-m.main+fp/softfp/libgcc.a(_aeabi_uldivmod.o)
 .debug_aranges
                0x00000d08       0x20 /usr/lib/gcc/arm-none-eabi/13.2.1/thumb/v8-m.main+fp/softfp/libgcc.a(_udivmoddi4.o)
 .debug_aranges
                0x00000d28       0x20 /usr/lib/gcc/arm-none-eabi/13.2.1/thumb/v8-m.main+fp/softfp/libgcc.a(_dvmd_tls.o)
 .debug_aranges
                0x00000d48       0x20 /usr/lib/gcc/arm-none-eabi/13.2.1/../../../arm-none-eabi/lib/thumb/v8-m.main+fp/softfp/libg.a(libc_a-memcpy.o)
 .debug_aranges
                0x00000d68       0x20 /usr/lib/gcc/arm-none-eabi/13.2.1/../../../arm-none-eabi/lib/thumb/v8-m.main+fp/softfp/libg.a(libc_a-atexit.o)
 .debug_aranges
                0x00000d88       0x20 /usr/lib/gcc/arm-none-eabi/13.2.1/../../../arm-none-eabi/lib/thumb/v8-m.main+fp/softfp/libg.a(libc_a-strlen-stub.o)
 .debug_aranges
                0x00000da8       0x20 /usr/lib/gcc/arm-none-eabi/13.2.1/../../../arm-none-eabi/lib/thumb/v8-m.main+fp/softfp/libg.a(libc_a-fini.o)
 .debug_aranges
                0x00000dc8       0x20 /usr/lib/gcc/arm-none-eabi/13.2.1/../../../arm-none-eabi/lib/thumb/v8-m.main+fp/softfp/libg.a(libc_a-__atexit.o)
 .debug_aranges
                0x00000de8       0x28 /usr/lib/gcc/arm-none-eabi/13.2.1/../../../arm-none-eabi/lib/thumb/v8-m.main+fp/softfp/libg.a(libc_a-__call_atexit.o)

.debug_rnglists
                0x00000000     0x3585
 .debug_rnglists
                0x00000000       0x77 CMakeFiles/loader.dir/main.c.o
 .debug_rnglists
                0x00000077      0x63b CMakeFiles/loader.dir/mnt/c/pico-sdk/src/rp2_common/hardware_gpio/gpio.c.o
 .debug_rnglists
                0x000006b2       0x19 CMakeFiles/loader.dir/mnt/c/pico-sdk/src/rp2_common/pico_platform_panic/panic.c.o
 .debug_rnglists
                0x000006cb      0x104 CMakeFiles/loader.dir/mnt/c/pico-sdk/src/common/hardware_claim/claim.c.o
 .debug_rnglists
                0x000007cf       0x67 CMakeFiles/loader.dir/mnt/c/pico-sdk/src/rp2_common/hardware_sync/sync.c.o
 .debug_rnglists
                0x00000836       0x43 CMakeFiles/loader.dir/mnt/c/pico-sdk/src/rp2_common/hardware_sync_spin_lock/sync_spin_lock.c.o
 .debug_rnglists
                0x00000879      0x3ea CMakeFiles/loader.dir/mnt/c/pico-sdk/src/rp2_common/hardware_irq/irq.c.o
 .debug_rnglists
                0x00000c63       0x13 CMakeFiles/loader.dir/mnt/c/pico-sdk/src/common/pico_sync/lock_core.c.o
 .debug_rnglists
                0x00000c76      0x2c1 CMakeFiles/loader.dir/mnt/c/pico-sdk/src/common/pico_sync/mutex.c.o
 .debug_rnglists
                0x00000f37      0x7ab CMakeFiles/loader.dir/mnt/c/pico-sdk/src/common/pico_time/time.c.o
 .debug_rnglists
                0x000016e2      0x499 CMakeFiles/loader.dir/mnt/c/pico-sdk/src/rp2_common/hardware_timer/timer.c.o
 .debug_rnglists
                0x00001b7b      0x241 CMakeFiles/loader.dir/mnt/c/pico-sdk/src/rp2_common/hardware_uart/uart.c.o
 .debug_rnglists
                0x00001dbc      0x600 CMakeFiles/loader.dir/mnt/c/pico-sdk/src/rp2_common/hardware_clocks/clocks.c.o
 .debug_rnglists
                0x000023bc       0x59 CMakeFiles/loader.dir/mnt/c/pico-sdk/src/rp2_common/hardware_pll/pll.c.o
 .debug_rnglists
                0x00002415       0x2b CMakeFiles/loader.dir/mnt/c/pico-sdk/src/rp2_common/hardware_ticks/ticks.c.o
 .debug_rnglists
                0x00002440      0x116 CMakeFiles/loader.dir/mnt/c/pico-sdk/src/rp2_common/pico_bootrom/bootrom.c.o
 .debug_rnglists
                0x00002556       0x13 CMakeFiles/loader.dir/mnt/c/pico-sdk/src/rp2_common/pico_bootrom/bootrom_lock.c.o
 .debug_rnglists
                0x00002569       0x4f CMakeFiles/loader.dir/mnt/c/pico-sdk/src/rp2_common/hardware_boot_lock/boot_lock.c.o
 .debug_rnglists
                0x000025b8       0x2b CMakeFiles/loader.dir/mnt/c/pico-sdk/src/rp2_common/hardware_xosc/xosc.c.o
 .debug_rnglists
                0x000025e3       0x3d CMakeFiles/loader.dir/mnt/c/pico-sdk/src/rp2_common/pico_runtime/runtime.c.o
 .debug_rnglists
                0x00002620       0x7c CMakeFiles/loader.dir/mnt/c/pico-sdk/src/rp2_common/pico_runtime_init/runtime_init.c.o
 .debug_rnglists
                0x0000269c       0x2c CMakeFiles/loader.dir/mnt/c/pico-sdk/src/rp2_common/pico_runtime_init/runtime_init_clocks.c.o
 .debug_rnglists
                0x000026c8       0xb7 CMakeFiles/loader.dir/mnt/c/pico-sdk/src/rp2_common/pico_double/double_aeabi_dcp.S.o
 .debug_rnglists
                0x0000277f       0x49 CMakeFiles/loader.dir/mnt/c/pico-sdk/src/rp2_common/pico_malloc/malloc.c.o
 .debug_rnglists
                0x000027c8      0x2bf CMakeFiles/loader.dir/mnt/c/pico-sdk/src/rp2_common/pico_printf/printf.c.o
 .debug_rnglists
                0x00002a87       0x1b CMakeFiles/loader.dir/mnt/c/pico-sdk/src/rp2_common/pico_crt0/crt0.S.o
 .debug_rnglists
                0x00002aa2       0xb5 CMakeFiles/loader.dir/mnt/c/pico-sdk/src/rp2_common/pico_clib_interface/newlib_interface.c.o
 .debug_rnglists
                0x00002b57      0x2f8 CMakeFiles/loader.dir/mnt/c/pico-sdk/src/rp2_common/pico_stdio/stdio.c.o
 .debug_rnglists
                0x00002e4f      0x1f2 CMakeFiles/loader.dir/mnt/c/pico-sdk/src/rp2_common/pico_stdio_uart/stdio_uart.c.o
 .debug_rnglists
                0x00003041      0x482 CMakeFiles/loader.dir/mnt/c/pico-sdk/src/rp2_common/pico_multicore/multicore.c.o
 .debug_rnglists
                0x000034c3       0x75 /usr/lib/gcc/arm-none-eabi/13.2.1/thumb/v8-m.main+fp/softfp/libgcc.a(_udivmoddi4.o)
 .debug_rnglists
                0x00003538       0x13 /usr/lib/gcc/arm-none-eabi/13.2.1/../../../arm-none-eabi/lib/thumb/v8-m.main+fp/softfp/libg.a(libc_a-strlen-stub.o)
 .debug_rnglists
                0x0000354b       0x3a /usr/lib/gcc/arm-none-eabi/13.2.1/../../../arm-none-eabi/lib/thumb/v8-m.main+fp/softfp/libg.a(libc_a-__call_atexit.o)

.debug_line     0x00000000    0x1607c
 .debug_line    0x00000000      0x57d CMakeFiles/loader.dir/main.c.o
 .debug_line    0x0000057d     0x1aa9 CMakeFiles/loader.dir/mnt/c/pico-sdk/src/rp2_common/hardware_gpio/gpio.c.o
 .debug_line    0x00002026      0x1c6 CMakeFiles/loader.dir/mnt/c/pico-sdk/src/rp2_common/pico_platform_panic/panic.c.o
 .debug_line    0x000021ec      0x75e CMakeFiles/loader.dir/mnt/c/pico-sdk/src/common/hardware_claim/claim.c.o
 .debug_line    0x0000294a      0x33b CMakeFiles/loader.dir/mnt/c/pico-sdk/src/rp2_common/hardware_sync/sync.c.o
 .debug_line    0x00002c85      0x2c8 CMakeFiles/loader.dir/mnt/c/pico-sdk/src/rp2_common/hardware_sync_spin_lock/sync_spin_lock.c.o
 .debug_line    0x00002f4d     0x163a CMakeFiles/loader.dir/mnt/c/pico-sdk/src/rp2_common/hardware_irq/irq.c.o
 .debug_line    0x00004587      0x1a7 CMakeFiles/loader.dir/mnt/c/pico-sdk/src/common/pico_sync/lock_core.c.o
 .debug_line    0x0000472e     0x114b CMakeFiles/loader.dir/mnt/c/pico-sdk/src/common/pico_sync/mutex.c.o
 .debug_line    0x00005879     0x2c5e CMakeFiles/loader.dir/mnt/c/pico-sdk/src/common/pico_time/time.c.o
 .debug_line    0x000084d7     0x1cbb CMakeFiles/loader.dir/mnt/c/pico-sdk/src/rp2_common/hardware_timer/timer.c.o
 .debug_line    0x0000a192      0xd76 CMakeFiles/loader.dir/mnt/c/pico-sdk/src/rp2_common/hardware_uart/uart.c.o
 .debug_line    0x0000af08     0x1d41 CMakeFiles/loader.dir/mnt/c/pico-sdk/src/rp2_common/hardware_clocks/clocks.c.o
 .debug_line    0x0000cc49      0x3e9 CMakeFiles/loader.dir/mnt/c/pico-sdk/src/rp2_common/hardware_pll/pll.c.o
 .debug_line    0x0000d032      0x25e CMakeFiles/loader.dir/mnt/c/pico-sdk/src/rp2_common/hardware_ticks/ticks.c.o
 .debug_line    0x0000d290      0x9f1 CMakeFiles/loader.dir/mnt/c/pico-sdk/src/rp2_common/pico_bootrom/bootrom.c.o
 .debug_line    0x0000dc81      0x2bd CMakeFiles/loader.dir/mnt/c/pico-sdk/src/rp2_common/pico_bootrom/bootrom_lock.c.o
 .debug_line    0x0000df3e      0x34b CMakeFiles/loader.dir/mnt/c/pico-sdk/src/rp2_common/hardware_boot_lock/boot_lock.c.o
 .debug_line    0x0000e289      0x292 CMakeFiles/loader.dir/mnt/c/pico-sdk/src/rp2_common/hardware_xosc/xosc.c.o
 .debug_line    0x0000e51b      0x250 CMakeFiles/loader.dir/mnt/c/pico-sdk/src/rp2_common/pico_runtime/runtime.c.o
 .debug_line    0x0000e76b      0x5ad CMakeFiles/loader.dir/mnt/c/pico-sdk/src/rp2_common/pico_runtime_init/runtime_init.c.o
 .debug_line    0x0000ed18      0x457 CMakeFiles/loader.dir/mnt/c/pico-sdk/src/rp2_common/pico_runtime_init/runtime_init_clocks.c.o
 .debug_line    0x0000f16f      0x28f CMakeFiles/loader.dir/mnt/c/pico-sdk/src/rp2_common/pico_double/double_aeabi_dcp.S.o
 .debug_line    0x0000f3fe      0x351 CMakeFiles/loader.dir/mnt/c/pico-sdk/src/rp2_common/pico_malloc/malloc.c.o
 .debug_line    0x0000f74f      0x13f CMakeFiles/loader.dir/mnt/c/pico-sdk/src/rp2_common/pico_standard_binary_info/standard_binary_info.c.o
 .debug_line    0x0000f88e     0x1924 CMakeFiles/loader.dir/mnt/c/pico-sdk/src/rp2_common/pico_printf/printf.c.o
 .debug_line    0x000111b2       0x9e CMakeFiles/loader.dir/mnt/c/pico-sdk/src/rp2_common/pico_crt0/crt0.S.o
 .debug_line    0x00011250      0x748 CMakeFiles/loader.dir/mnt/c/pico-sdk/src/rp2_common/pico_clib_interface/newlib_interface.c.o
 .debug_line    0x00011998     0x1341 CMakeFiles/loader.dir/mnt/c/pico-sdk/src/rp2_common/pico_stdio/stdio.c.o
 .debug_line    0x00012cd9      0xdad CMakeFiles/loader.dir/mnt/c/pico-sdk/src/rp2_common/pico_stdio_uart/stdio_uart.c.o
 .debug_line    0x00013a86     0x18e7 CMakeFiles/loader.dir/mnt/c/pico-sdk/src/rp2_common/pico_multicore/multicore.c.o
 .debug_line    0x0001536d       0x4e /usr/lib/gcc/arm-none-eabi/13.2.1/thumb/v8-m.main+fp/softfp/libgcc.a(_aeabi_uldivmod.o)
 .debug_line    0x000153bb      0x55e /usr/lib/gcc/arm-none-eabi/13.2.1/thumb/v8-m.main+fp/softfp/libgcc.a(_udivmoddi4.o)
 .debug_line    0x00015919       0x4a /usr/lib/gcc/arm-none-eabi/13.2.1/thumb/v8-m.main+fp/softfp/libgcc.a(_dvmd_tls.o)
 .debug_line    0x00015963       0xbd /usr/lib/gcc/arm-none-eabi/13.2.1/../../../arm-none-eabi/lib/thumb/v8-m.main+fp/softfp/libg.a(libc_a-memcpy.o)
 .debug_line    0x00015a20       0xc3 /usr/lib/gcc/arm-none-eabi/13.2.1/../../../arm-none-eabi/lib/thumb/v8-m.main+fp/softfp/libg.a(libc_a-atexit.o)
 .debug_line    0x00015ae3       0xf4 /usr/lib/gcc/arm-none-eabi/13.2.1/../../../arm-none-eabi/lib/thumb/v8-m.main+fp/softfp/libg.a(libc_a-strlen-stub.o)